Archive member included to satisfy reference by file (symbol)

build/cooja/mtype514.a(simEnvChange.o)
                              build/cooja/mtype514.o (simDontFallAsleep)
build/cooja/mtype514.a(cooja_mt.o)
                              build/cooja/mtype514.o (cooja_mt_start)
build/cooja/mtype514.a(cooja_mtarch.o)
                              build/cooja/mtype514.a(cooja_mt.o) (cooja_mtarch_start)
build/cooja/mtype514.a(rtimer-arch.o)
                              build/cooja/mtype514.o (rtimer_arch_check)
build/cooja/mtype514.a(beep.o)
                              build/cooja/mtype514.o (beep_interface)
build/cooja/mtype514.a(leds-arch.o)
                              build/cooja/mtype514.o (leds_interface)
build/cooja/mtype514.a(moteid.o)
                              build/cooja/mtype514.o (moteid_interface)
build/cooja/mtype514.a(pir-sensor.o)
                              build/cooja/mtype514.o (pir_interface)
build/cooja/mtype514.a(rs232.o)
                              build/cooja/mtype514.o (rs232_interface)
build/cooja/mtype514.a(vib-sensor.o)
                              build/cooja/mtype514.o (vib_interface)
build/cooja/mtype514.a(clock.o)
                              build/cooja/mtype514.o (clock_interface)
build/cooja/mtype514.a(cooja-log.o)
                              build/cooja/mtype514.o (simlog_interface)
build/cooja/mtype514.a(cfs-cooja.o)
                              build/cooja/mtype514.o (cfs_interface)
build/cooja/mtype514.a(cooja-radio.o)
                              build/cooja/mtype514.o (radio_interface)
build/cooja/mtype514.a(eeprom.o)
                              build/cooja/mtype514.o (eeprom_interface)
build/cooja/mtype514.a(random.o)
                              build/cooja/mtype514.a(moteid.o) (random_init)
build/cooja/mtype514.a(sensors.o)
                              build/cooja/mtype514.a(pir-sensor.o) (sensors_changed)
build/cooja/mtype514.a(leds.o)
                              build/cooja/mtype514.a(leds-arch.o) (leds_get)
build/cooja/mtype514.a(gpio-hal-arch.o)
                              build/cooja/mtype514.a(leds-arch.o) (gpio_hal_arch_register_pin_callback)
build/cooja/mtype514.a(buttons.o)
                              build/cooja/mtype514.o (button_interface)
build/cooja/mtype514.a(webserver.o)
                              border-router.o (webserver_nogui_process)
build/cooja/mtype514.a(contiki-main.o)
                              build/cooja/mtype514.o (main)
build/cooja/mtype514.a(autostart.o)
                              build/cooja/mtype514.a(contiki-main.o) (autostart_start)
build/cooja/mtype514.a(ctimer.o)
                              build/cooja/mtype514.a(contiki-main.o) (ctimer_init)
build/cooja/mtype514.a(log.o)
                              build/cooja/mtype514.a(contiki-main.o) (curr_log_level_main)
build/cooja/mtype514.a(energest.o)
                              build/cooja/mtype514.a(contiki-main.o) (energest_init)
build/cooja/mtype514.a(etimer.o)
                              build/cooja/mtype514.a(contiki-main.o) (etimer_process)
build/cooja/mtype514.a(node-id.o)
                              build/cooja/mtype514.a(contiki-main.o) (node_id)
build/cooja/mtype514.a(rtimer.o)
                              build/cooja/mtype514.a(contiki-main.o) (rtimer_init)
build/cooja/mtype514.a(process.o)
                              build/cooja/mtype514.a(ctimer.o) (process_current)
build/cooja/mtype514.a(timer.o)
                              build/cooja/mtype514.a(etimer.o) (timer_set)
build/cooja/mtype514.a(list.o)
                              build/cooja/mtype514.a(ctimer.o) (list_init)
build/cooja/mtype514.a(button-hal.o)
                              build/cooja/mtype514.o (button_hal_init)
build/cooja/mtype514.a(serial-line.o)
                              build/cooja/mtype514.a(rs232.o) (serial_line_input_byte)
build/cooja/mtype514.a(gpio-hal.o)
                              build/cooja/mtype514.a(button-hal.o) (gpio_hal_register_handler)
build/cooja/mtype514.a(queuebuf.o)
                              build/cooja/mtype514.a(contiki-main.o) (queuebuf_init)
build/cooja/mtype514.a(packetbuf.o)
                              build/cooja/mtype514.a(cooja-radio.o) (packetbuf_clear)
build/cooja/mtype514.a(netstack.o)
                              build/cooja/mtype514.a(contiki-main.o) (netstack_init)
build/cooja/mtype514.a(linkaddr.o)
                              build/cooja/mtype514.a(contiki-main.o) (linkaddr_node_addr)
build/cooja/mtype514.a(csma.o)
                              build/cooja/mtype514.a(cooja-radio.o) (csma_driver)
build/cooja/mtype514.a(csma-output.o)
                              build/cooja/mtype514.a(csma.o) (csma_output_packet)
build/cooja/mtype514.a(uip-sr.o)
                              build/cooja/mtype514.a(webserver.o) (uip_sr_num_nodes)
build/cooja/mtype514.a(uip-ds6.o)
                              build/cooja/mtype514.a(contiki-main.o) (uip_ds6_get_link_local)
build/cooja/mtype514.a(uip-ds6-route.o)
[...]
Memory Configuration

Name             Origin             Length             Attributes
*default*        0x0000000000000000 0xffffffffffffffff

Linker script and memory map

LOAD /usr/lib/gcc/x86_64-linux-gnu/9/../../../x86_64-linux-gnu/crti.o
LOAD /usr/lib/gcc/x86_64-linux-gnu/9/crtbeginS.o
LOAD border-router.o
LOAD build/cooja/mtype514.o
LOAD build/cooja/mtype514.a
LOAD /usr/lib/gcc/x86_64-linux-gnu/9/libgcc.a
LOAD /usr/lib/gcc/x86_64-linux-gnu/9/libgcc_s.so
START GROUP
LOAD /lib/x86_64-linux-gnu/libgcc_s.so.1
LOAD /usr/lib/gcc/x86_64-linux-gnu/9/libgcc.a
END GROUP
LOAD /usr/lib/gcc/x86_64-linux-gnu/9/../../../x86_64-linux-gnu/libc.so
START GROUP
LOAD /lib/x86_64-linux-gnu/libc.so.6
LOAD /usr/lib/x86_64-linux-gnu/libc_nonshared.a
LOAD /lib/x86_64-linux-gnu/ld-linux-x86-64.so.2
END GROUP
LOAD /usr/lib/gcc/x86_64-linux-gnu/9/libgcc.a
LOAD /usr/lib/gcc/x86_64-linux-gnu/9/libgcc_s.so
START GROUP
LOAD /lib/x86_64-linux-gnu/libgcc_s.so.1
LOAD /usr/lib/gcc/x86_64-linux-gnu/9/libgcc.a
END GROUP
LOAD /usr/lib/gcc/x86_64-linux-gnu/9/crtendS.o
LOAD /usr/lib/gcc/x86_64-linux-gnu/9/../../../x86_64-linux-gnu/crtn.o
                0x00000000000002a8                . = (SEGMENT_START ("text-segment", 0x0) + SIZEOF_HEADERS)

.note.gnu.property
                0x00000000000002a8       0x20
 .note.gnu.property
                0x00000000000002a8       0x20 /usr/lib/gcc/x86_64-linux-gnu/9/../../../x86_64-linux-gnu/crti.o

.note.gnu.build-id
                0x00000000000002c8       0x24
 *(.note.gnu.build-id)
 .note.gnu.build-id
                0x00000000000002c8       0x24 /usr/lib/gcc/x86_64-linux-gnu/9/../../../x86_64-linux-gnu/crti.o

.hash
 *(.hash)

.gnu.hash       0x00000000000002f0     0x14a0
 *(.gnu.hash)
 .gnu.hash      0x00000000000002f0     0x14a0 /usr/lib/gcc/x86_64-linux-gnu/9/../../../x86_64-linux-gnu/crti.o

.dynsym         0x0000000000001790     0x4038
 *(.dynsym)
 .dynsym        0x0000000000001790     0x4038 /usr/lib/gcc/x86_64-linux-gnu/9/../../../x86_64-linux-gnu/crti.o

.dynstr         0x00000000000057c8     0x304d
 *(.dynstr)
 .dynstr        0x00000000000057c8     0x304d /usr/lib/gcc/x86_64-linux-gnu/9/../../../x86_64-linux-gnu/crti.o

.gnu.version    0x0000000000008816      0x55a
 *(.gnu.version)
 .gnu.version   0x0000000000008816      0x55a /usr/lib/gcc/x86_64-linux-gnu/9/../../../x86_64-linux-gnu/crti.o

.gnu.version_d  0x0000000000008d70        0x0
 *(.gnu.version_d)
 .gnu.version_d
                0x0000000000008d70        0x0 /usr/lib/gcc/x86_64-linux-gnu/9/../../../x86_64-linux-gnu/crti.o

.gnu.version_r  0x0000000000008d70       0x40
 *(.gnu.version_r)
 .gnu.version_r
                0x0000000000008d70       0x40 /usr/lib/gcc/x86_64-linux-gnu/9/../../../x86_64-linux-gnu/crti.o

.rela.dyn       0x0000000000008db0     0x2028
 *(.rela.init)
 *(.rela.text .rela.text.* .rela.gnu.linkonce.t.*)
 .rela.text     0x0000000000008db0        0x0 /usr/lib/gcc/x86_64-linux-gnu/9/../../../x86_64-linux-gnu/crti.o
 *(.rela.fini)
 *(.rela.rodata .rela.rodata.* .rela.gnu.linkonce.r.*)
 *(.rela.data .rela.data.* .rela.gnu.linkonce.d.*)
 .rela.data.rel.local
                0x0000000000008db0      0x780 /usr/lib/gcc/x86_64-linux-gnu/9/../../../x86_64-linux-gnu/crti.o
 .rela.data.rel.ro
                0x0000000000009530      0x288 /usr/lib/gcc/x86_64-linux-gnu/9/../../../x86_64-linux-gnu/crti.o
 .rela.data.rel
                0x00000000000097b8      0x3a8 /usr/lib/gcc/x86_64-linux-gnu/9/../../../x86_64-linux-gnu/crti.o
 .rela.data.rel.ro.local
                0x0000000000009b60      0x5d0 /usr/lib/gcc/x86_64-linux-gnu/9/../../../x86_64-linux-gnu/crti.o
 *(.rela.tdata .rela.tdata.* .rela.gnu.linkonce.td.*)
 *(.rela.tbss .rela.tbss.* .rela.gnu.linkonce.tb.*)
 *(.rela.ctors)
 *(.rela.dtors)
 *(.rela.got)
 .rela.got      0x000000000000a130      0xc78 /usr/lib/gcc/x86_64-linux-gnu/9/../../../x86_64-linux-gnu/crti.o
 *(.rela.bss .rela.bss.* .rela.gnu.linkonce.b.*)
 *(.rela.ldata .rela.ldata.* .rela.gnu.linkonce.l.*)
 *(.rela.lbss .rela.lbss.* .rela.gnu.linkonce.lb.*)
 *(.rela.lrodata .rela.lrodata.* .rela.gnu.linkonce.lr.*)
 *(.rela.ifunc)
 .rela.ifunc    0x000000000000ada8        0x0 /usr/lib/gcc/x86_64-linux-gnu/9/../../../x86_64-linux-gnu/crti.o
 .rela.fini_array
                0x000000000000ada8       0x18 /usr/lib/gcc/x86_64-linux-gnu/9/../../../x86_64-linux-gnu/crti.o
 .rela.init_array
                0x000000000000adc0       0x18 /usr/lib/gcc/x86_64-linux-gnu/9/../../../x86_64-linux-gnu/crti.o

.rela.plt       0x000000000000add8     0x2250
 *(.rela.plt)
 .rela.plt      0x000000000000add8     0x2250 /usr/lib/gcc/x86_64-linux-gnu/9/../../../x86_64-linux-gnu/crti.o
 *(.rela.iplt)
                0x000000000000e000                . = ALIGN (CONSTANT (MAXPAGESIZE))

.init           0x000000000000e000       0x1b
 *(SORT_NONE(.init))
 .init          0x000000000000e000       0x16 /usr/lib/gcc/x86_64-linux-gnu/9/../../../x86_64-linux-gnu/crti.o
                0x000000000000e000                _init
 .init          0x000000000000e016        0x5 /usr/lib/gcc/x86_64-linux-gnu/9/../../../x86_64-linux-gnu/crtn.o

.plt            0x000000000000e020     0x16f0
 *(.plt)
 .plt           0x000000000000e020     0x16f0 /usr/lib/gcc/x86_64-linux-gnu/9/../../../x86_64-linux-gnu/crti.o
 *(.iplt)

.plt.got        0x000000000000f710       0x30
 *(.plt.got)
 .plt.got       0x000000000000f710       0x30 /usr/lib/gcc/x86_64-linux-gnu/9/../../../x86_64-linux-gnu/crti.o

.plt.sec        0x000000000000f740     0x16e0
 *(.plt.sec)
 .plt.sec       0x000000000000f740     0x16e0 /usr/lib/gcc/x86_64-linux-gnu/9/../../../x86_64-linux-gnu/crti.o

.text           0x0000000000010e20    0x1ddf4
 *(.text.unlikely .text.*_unlikely .text.unlikely.*)
 *(.text.exit .text.exit.*)
 *(.text.startup .text.startup.*)
 *(.text.hot .text.hot.*)
 *(SORT_BY_NAME(.text.sorted.*))
 *(.text .stub .text.* .gnu.linkonce.t.*)
 .text          0x0000000000010e20        0x0 /usr/lib/gcc/x86_64-linux-gnu/9/../../../x86_64-linux-gnu/crti.o
 .text          0x0000000000010e20       0xb9 /usr/lib/gcc/x86_64-linux-gnu/9/crtbeginS.o
 .text          0x0000000000010ed9       0x83 border-router.o
 .text          0x0000000000010f5c      0x384 build/cooja/mtype514.o
                0x000000000001100d                platform_init_stage_one
                0x0000000000011022                platform_init_stage_two
                0x0000000000011037                platform_init_stage_three
                0x000000000001104c                platform_main_loop
                0x00000000000110e6                Java_org_contikios_cooja_corecomm_Lib1_init
                0x000000000001112d                Java_org_contikios_cooja_corecomm_Lib1_getMemory
                0x000000000001118d                Java_org_contikios_cooja_corecomm_Lib1_setMemory
                0x0000000000011226                Java_org_contikios_cooja_corecomm_Lib1_tick
                0x00000000000112ae                Java_org_contikios_cooja_corecomm_Lib1_setReferenceAddress
 .text          0x00000000000112e0       0x93 build/cooja/mtype514.a(simEnvChange.o)
                0x00000000000112e0                doActionsBeforeTick
                0x0000000000011329                doActionsAfterTick
 .text          0x0000000000011373       0xab build/cooja/mtype514.a(cooja_mt.o)
                0x0000000000011373                cooja_mt_start
                0x00000000000113b3                cooja_mt_exec
                0x00000000000113f6                cooja_mt_yield
 .text          0x000000000001141e      0x10e build/cooja/mtype514.a(cooja_mtarch.o)
                0x000000000001141e                cooja_mtarch_start
                0x00000000000114c1                cooja_sw
                0x00000000000114ee                cooja_mtarch_exec
                0x000000000001151c                cooja_mtarch_yield
 .text          0x000000000001152c       0xcc build/cooja/mtype514.a(rtimer-arch.o)
                0x000000000001152c                rtimer_arch_init
                0x0000000000011552                rtimer_arch_schedule
                0x000000000001157c                rtimer_arch_next
                0x0000000000011590                rtimer_arch_pending
                0x00000000000115a3                rtimer_arch_check
                0x00000000000115e4                rtimer_arch_now
 .text          0x00000000000115f8       0xe6 build/cooja/mtype514.a(beep.o)
                0x00000000000115f8                beep_alarm
                0x0000000000011613                beep_beep
                0x000000000001162b                beep
                0x0000000000011640                beep_down
                0x0000000000011658                beep_on
                0x000000000001166d                beep_off
                0x0000000000011682                beep_spinup
                0x0000000000011697                beep_quick
                0x00000000000116af                beep_long
 .text          0x00000000000116de       0x77 build/cooja/mtype514.a(leds-arch.o)
                0x00000000000116f7                leds_arch_init
 .text          0x0000000000011755       0x41 build/cooja/mtype514.a(moteid.o)
 .text          0x0000000000011796       0xfa build/cooja/mtype514.a(pir-sensor.o)
 .text          0x0000000000011890      0x194 build/cooja/mtype514.a(rs232.o)
                0x0000000000011890                rs232_init
                0x000000000001189b                rs232_set_speed
                0x00000000000118ab                rs232_set_input
                0x00000000000118c5                rs232_send
                0x00000000000118f0                rs232_print
                0x000000000001191b                slip_arch_writeb
 .text          0x0000000000011a24       0xfa build/cooja/mtype514.a(vib-sensor.o)
 .text          0x0000000000011b1e       0x6f build/cooja/mtype514.a(clock.o)
                0x0000000000011b1e                clock_init
                0x0000000000011b29                clock_time
                0x0000000000011b3d                clock_seconds
                0x0000000000011b69                clock_delay
 .text          0x0000000000011b8d      0x32a build/cooja/mtype514.a(cooja-log.o)
                0x0000000000011b8d                simlog_char
                0x0000000000011be7                simlog
                0x0000000000011c86                log_message
                0x0000000000011ccb                log_set_putchar_with_slip
                0x0000000000011ce2                log_putchar
                0x0000000000011d66                log_puts
                0x0000000000011d93                log_printf
 .text          0x0000000000011eb7      0x39f build/cooja/mtype514.a(cfs-cooja.o)
                0x0000000000011eb7                cfs_open
                0x0000000000011f34                cfs_close
                0x0000000000011f49                cfs_read
                0x0000000000012011                cfs_write
                0x0000000000012124                cfs_seek
                0x00000000000121d3                cfs_remove
                0x0000000000012203                cfs_opendir
                0x000000000001221a                cfs_readdir
                0x0000000000012231                cfs_closedir
 .text          0x0000000000012256      0x7a1 build/cooja/mtype514.a(cooja-radio.o)
                0x00000000000122b5                radio_set_channel
                0x00000000000122cf                radio_set_txpower
                0x00000000000122ec                radio_signal_strength_last
                0x00000000000122ff                radio_signal_strength_current
                0x0000000000012312                radio_LQI
 .text          0x00000000000129f7      0x139 build/cooja/mtype514.a(eeprom.o)
                0x00000000000129f7                eeprom_init
                0x0000000000012a02                eeprom_read
                0x0000000000012a8e                eeprom_write
 .text          0x0000000000012b30       0x2f build/cooja/mtype514.a(random.o)
                0x0000000000012b30                random_init
                0x0000000000012b50                random_rand
 .text          0x0000000000012b5f      0x35f build/cooja/mtype514.a(sensors.o)
                0x0000000000012ba8                sensors_first
                0x0000000000012bbc                sensors_next
                0x0000000000012beb                sensors_changed
                0x0000000000012c38                sensors_find
 .text          0x0000000000012ebe      0x3ad build/cooja/mtype514.a(leds.o)
                0x0000000000012ebe                leds_init
                0x0000000000012f09                leds_single_on
                0x0000000000012f76                leds_single_off
                0x0000000000012fe3                leds_single_toggle
                0x000000000001301b                leds_on
                0x00000000000130ac                leds_off
                0x000000000001313d                leds_toggle
                0x0000000000013199                leds_set
                0x00000000000131c2                leds_get
 .text          0x000000000001326b      0x412 build/cooja/mtype514.a(gpio-hal-arch.o)
                0x000000000001326b                gpio_hal_arch_register_pin_callback
                0x0000000000013312                gpio_hal_arch_init
                0x000000000001335f                gpio_hal_arch_no_port_interrupt_enable
                0x00000000000133ac                gpio_hal_arch_no_port_interrupt_disable
                0x00000000000133f9                gpio_hal_arch_no_port_pin_cfg_set
                0x000000000001342f                gpio_hal_arch_no_port_pin_cfg_get
                0x0000000000013463                gpio_hal_arch_no_port_pin_set_input
                0x0000000000013476                gpio_hal_arch_no_port_pin_set_output
                0x0000000000013489                gpio_hal_arch_no_port_set_pin
                0x00000000000134ad                gpio_hal_arch_no_port_clear_pin
                0x00000000000134d1                gpio_hal_arch_no_port_read_pin
                0x00000000000134fe                gpio_hal_arch_no_port_write_pin
                0x0000000000013528                gpio_hal_arch_no_port_set_pins
                0x0000000000013577                gpio_hal_arch_no_port_clear_pins
                0x00000000000135c6                gpio_hal_arch_no_port_read_pins
                0x0000000000013614                gpio_hal_arch_no_port_write_pins
 .text          0x000000000001367d       0xa8 build/cooja/mtype514.a(buttons.o)
 .text          0x0000000000013725      0x8ce build/cooja/mtype514.a(webserver.o)
                0x0000000000013fde                httpd_simple_get_script
 .text          0x0000000000013ff3      0x3ac build/cooja/mtype514.a(contiki-main.o)
                0x0000000000013ff3                main
 .text          0x000000000001439f       0xbd build/cooja/mtype514.a(autostart.o)
                0x000000000001439f                autostart_start
                0x0000000000014400                autostart_exit
 .text          0x000000000001445c      0x441 build/cooja/mtype514.a(ctimer.o)
                0x00000000000145be                ctimer_init
                0x00000000000145f3                ctimer_set
                0x0000000000014637                ctimer_set_with_process
                0x00000000000146f1                ctimer_reset
                0x0000000000014762                ctimer_restart
                0x00000000000147d3                ctimer_stop
                0x0000000000014831                ctimer_expired
 .text          0x000000000001489d      0x4ca build/cooja/mtype514.a(log.o)
                0x000000000001489d                log_6addr
                0x0000000000014900                log_6addr_compact_snprint
                0x00000000000149db                log_6addr_compact
                0x0000000000014a3e                log_lladdr
                0x0000000000014abf                log_lladdr_compact
                0x0000000000014b3b                log_set_level
                0x0000000000014c45                log_get_level
                0x0000000000014cfc                log_level_to_str
 .text          0x0000000000014d67       0x25 build/cooja/mtype514.a(energest.o)
                0x0000000000014d67                energest_init
                0x0000000000014d72                energest_flush
                0x0000000000014d7d                energest_get_total_time
 .text          0x0000000000014d8c      0x57c build/cooja/mtype514.a(etimer.o)
                0x0000000000015034                etimer_request_poll
                0x00000000000150e6                etimer_set
                0x000000000001511c                etimer_reset_with_new_interval
                0x0000000000015157                etimer_reset
                0x0000000000015182                etimer_restart
                0x00000000000151ad                etimer_adjust
                0x00000000000151de                etimer_expired
                0x00000000000151fd                etimer_expiration_time
                0x000000000001521d                etimer_start_time
                0x0000000000015232                etimer_pending
                0x000000000001524c                etimer_next_expiration_time
                0x000000000001526d                etimer_stop
 .text          0x0000000000015308       0x36 build/cooja/mtype514.a(node-id.o)
                0x0000000000015308                node_id_init
 .text          0x000000000001533e      0x101 build/cooja/mtype514.a(rtimer.o)
                0x000000000001533e                rtimer_init
                0x000000000001534e                rtimer_set
                0x00000000000153cf                rtimer_run_next
 .text          0x000000000001543f      0x67a build/cooja/mtype514.a(process.o)
                0x000000000001543f                process_alloc_event
                0x0000000000015459                process_start
                0x00000000000156ca                process_exit
                0x00000000000156f6                process_init
                0x00000000000158f3                process_run
                0x0000000000015928                process_nevents
                0x0000000000015948                process_post
                0x0000000000015a10                process_post_synch
                0x0000000000015a5e                process_poll
                0x0000000000015a9b                process_is_running
 .text          0x0000000000015ab9       0xfb build/cooja/mtype514.a(timer.o)
                0x0000000000015ab9                timer_set
                0x0000000000015ae8                timer_reset
                0x0000000000015b24                timer_restart
                0x0000000000015b43                timer_expired
                0x0000000000015b7e                timer_remaining
 .text          0x0000000000015bb4      0x39b build/cooja/mtype514.a(list.o)
                0x0000000000015bb4                list_init
                0x0000000000015bce                list_head
                0x0000000000015be3                list_copy
                0x0000000000015c04                list_tail
                0x0000000000015c4d                list_add
                0x0000000000015cb1                list_push
                0x0000000000015cf4                list_chop
                0x0000000000015d81                list_pop
                0x0000000000015dbb                list_remove
                0x0000000000015e47                list_length
                0x0000000000015e82                list_insert
                0x0000000000015ee5                list_item_next
                0x0000000000015f08                list_contains
 .text          0x0000000000015f4f      0x4ca build/cooja/mtype514.a(button-hal.o)
                0x00000000000160fe                button_hal_get_by_id
                0x000000000001614c                button_hal_get_by_index
                0x0000000000016183                button_hal_get_state
                0x00000000000161e6                button_hal_init
 .text          0x0000000000016419      0x229 build/cooja/mtype514.a(serial-line.o)
                0x0000000000016419                serial_line_input_byte
                0x000000000001660b                serial_line_init
 .text          0x0000000000016642      0x181 build/cooja/mtype514.a(gpio-hal.o)
                0x0000000000016642                gpio_hal_register_handler
                0x000000000001666b                gpio_hal_event_handler
                0x00000000000166d6                gpio_hal_init
                0x00000000000166f5                gpio_hal_arch_port_toggle_pin
                0x000000000001672c                gpio_hal_arch_port_toggle_pins
                0x000000000001675d                gpio_hal_arch_no_port_toggle_pin
                0x0000000000016797                gpio_hal_arch_no_port_toggle_pins
 .text          0x00000000000167c3      0x35d build/cooja/mtype514.a(queuebuf.o)
                0x00000000000167d8                queuebuf_init
                0x00000000000167fb                queuebuf_numfree
                0x0000000000016811                queuebuf_new_from_packetbuf
                0x00000000000168b7                queuebuf_update_attr_from_packetbuf
                0x00000000000168fa                queuebuf_update_from_packetbuf
                0x0000000000016956                queuebuf_free
                0x00000000000169a9                queuebuf_to_packetbuf
                0x0000000000016a1f                queuebuf_dataptr
                0x0000000000016a63                queuebuf_datalen
                0x0000000000016a93                queuebuf_addr
                0x0000000000016ada                queuebuf_attr
                0x0000000000016b15                queuebuf_debug_print
 .text          0x0000000000016b20      0x4a9 build/cooja/mtype514.a(packetbuf.o)
                0x0000000000016b20                packetbuf_clear
                0x0000000000016b4e                packetbuf_copyfrom
                0x0000000000016ba8                packetbuf_copyto
                0x0000000000016c4f                packetbuf_hdralloc
                0x0000000000016cde                packetbuf_hdrreduce
                0x0000000000016d2e                packetbuf_set_datalen
                0x0000000000016d4a                packetbuf_dataptr
                0x0000000000016d70                packetbuf_hdrptr
                0x0000000000016d81                packetbuf_datalen
                0x0000000000016d92                packetbuf_hdrlen
                0x0000000000016dae                packetbuf_totlen
                0x0000000000016dd1                packetbuf_remaininglen
                0x0000000000016de9                packetbuf_attr_clear
                0x0000000000016e4e                packetbuf_attr_copyto
                0x0000000000016e99                packetbuf_attr_copyfrom
                0x0000000000016ee4                packetbuf_set_attr
                0x0000000000016f14                packetbuf_attr
                0x0000000000016f35                packetbuf_set_addr
                0x0000000000016f7b                packetbuf_addr
                0x0000000000016fa5                packetbuf_holds_broadcast
 .text          0x0000000000016fc9      0x12b build/cooja/mtype514.a(netstack.o)
                0x0000000000016fc9                netstack_process_ip_callback
                0x000000000001706a                netstack_ip_packet_processor_add
                0x000000000001709a                uip_ds6_ip_packet_processor_rm
                0x00000000000170c3                netstack_init
 .text          0x00000000000170f4       0x80 build/cooja/mtype514.a(linkaddr.o)
                0x00000000000170f4                linkaddr_copy
                0x0000000000017115                linkaddr_cmp
                0x000000000001714b                linkaddr_set_node_addr
 .text          0x0000000000017174      0x25e build/cooja/mtype514.a(csma.o)
 .text          0x00000000000173d2      0xaba build/cooja/mtype514.a(csma-output.o)
                0x0000000000017ba6                csma_output_packet
                0x0000000000017e5d                csma_output_init
 .text          0x0000000000017e8c      0x7bb build/cooja/mtype514.a(uip-sr.o)
                0x0000000000017e8c                uip_sr_num_nodes
                0x0000000000017f37                uip_sr_get_node
                0x0000000000017f9f                uip_sr_is_addr_reachable
                0x0000000000018067                uip_sr_expire_parent
                0x00000000000180ca                uip_sr_update_node
                0x000000000001823b                uip_sr_init
                0x000000000001826b                uip_sr_node_head
                0x0000000000018284                uip_sr_node_next
                0x00000000000182a2                uip_sr_periodic
                0x00000000000183c4                uip_sr_free_all
                0x0000000000018440                uip_sr_link_snprint
 .text          0x0000000000018647      0xe95 build/cooja/mtype514.a(uip-ds6.o)
                0x0000000000018647                uip_ds6_default_prefix
                0x0000000000018658                uip_ds6_set_default_prefix
                0x0000000000018680                uip_ds6_init
                0x0000000000018910                uip_ds6_periodic
                0x00000000000189b2                uip_ds6_list_loop
                0x0000000000018a9b                uip_ds6_prefix_add
                0x0000000000018b6c                uip_ds6_prefix_rm
                0x0000000000018b8a                uip_ds6_prefix_lookup
                0x0000000000018be1                uip_ds6_is_addr_onlink
                0x0000000000018c75                uip_ds6_addr_add
                0x0000000000018dba                uip_ds6_addr_rm
                0x0000000000018e72                uip_ds6_addr_lookup
                0x0000000000018ec4                uip_ds6_get_link_local
                0x0000000000018f69                uip_ds6_get_global
                0x000000000001900e                uip_ds6_maddr_add
                0x0000000000019087                uip_ds6_maddr_rm
                0x00000000000190a5                uip_ds6_maddr_lookup
                0x00000000000190fa                uip_ds6_aaddr_add
                0x0000000000019173                uip_ds6_aaddr_rm
                0x0000000000019191                uip_ds6_aaddr_lookup
                0x00000000000191e6                uip_ds6_select_src
                0x0000000000019370                uip_ds6_set_addr_iid
                0x00000000000193a9                uip_ds6_set_lladdr_from_iid
                0x00000000000193e0                get_match_length
                0x000000000001948e                uip_ds6_compute_reachable_time
 .text          0x00000000000194dc      0x3e3 build/cooja/mtype514.a(uip-ds6-route.o)
                0x0000000000019535                uip_ds6_route_init
                0x000000000001955b                uip_ds6_route_nexthop
                0x000000000001956e                uip_ds6_route_head
                0x000000000001957d                uip_ds6_route_next
                0x0000000000019590                uip_ds6_route_is_nexthop
                0x00000000000195a3                uip_ds6_route_num_routes
                0x00000000000195b2                uip_ds6_route_lookup
                0x00000000000195c5                uip_ds6_route_add
                0x00000000000195e1                uip_ds6_route_rm
                0x00000000000195f0                uip_ds6_route_rm_by_nexthop
                0x00000000000195ff                uip_ds6_defrt_head
                0x0000000000019618                uip_ds6_defrt_add
                0x00000000000196d5                uip_ds6_defrt_rm
                0x0000000000019748                uip_ds6_defrt_lookup
                0x00000000000197bf                uip_ds6_defrt_choose
                0x0000000000019842                uip_ds6_defrt_periodic
 .text          0x00000000000198bf      0x812 build/cooja/mtype514.a(psock.o)
                0x0000000000019c69                psock_send
                0x0000000000019cfc                psock_generator_send
                0x0000000000019e2f                psock_datalen
                0x0000000000019e52                psock_newdata
                0x0000000000019eaf                psock_readto
                0x0000000000019f8a                psock_readbuf_len
                0x000000000001a076                psock_init
 .text          0x000000000001a0d1     0x1406 build/cooja/mtype514.a(tcpip.o)
                0x000000000001a101                tcpip_output
                0x000000000001a24a                tcp_connect
                0x000000000001a2b1                tcp_unlisten
                0x000000000001a321                tcp_listen
                0x000000000001a38d                tcp_attach
                0x000000000001a3bb                udp_attach
                0x000000000001a3e9                udp_new
                0x000000000001a444                udp_broadcast_new
                0x000000000001a74e                tcpip_input
                0x000000000001adc9                tcpip_ipv6_output
                0x000000000001b2ab                tcpip_poll_udp
                0x000000000001b2d9                tcpip_poll_tcp
                0x000000000001b307                tcpip_uipcall
 .text          0x000000000001b4d7     0x392a build/cooja/mtype514.a(uip6.o)
                0x000000000001b4d7                uip_add32
                0x000000000001b6e1                uip_chksum
                0x000000000001b7c7                uip_icmp6chksum
                0x000000000001b7db                uip_tcpchksum
                0x000000000001b7ef                uip_udpchksum
                0x000000000001b803                uip_init
                0x000000000001b8c8                uip_connect
                0x000000000001ba72                uip_remove_ext_hdr
                0x000000000001bb73                uip_udp_new
                0x000000000001bce0                uip_unlisten
                0x000000000001bd2f                uip_listen
                0x000000000001c04b                uip_process
                0x000000000001ec87                uip_htons
                0x000000000001ecaa                uip_htonl
                0x000000000001ecf2                uip_send
 .text          0x000000000001ee01      0x416 build/cooja/mtype514.a(uip-ds6-nbr.o)
                0x000000000001ee01                uip_ds6_neighbors_init
                0x000000000001ee2a                uip_ds6_nbr_add
                0x000000000001eec8                uip_ds6_nbr_rm
                0x000000000001ef25                uip_ds6_nbr_update_ll
                0x000000000001f02a                uip_ds6_nbr_get_ipaddr
                0x000000000001f04a                uip_ds6_nbr_get_ll
                0x000000000001f072                uip_ds6_nbr_num
                0x000000000001f0c4                uip_ds6_nbr_head
                0x000000000001f0dd                uip_ds6_nbr_next
                0x000000000001f105                uip_ds6_nbr_lookup
                0x000000000001f16e                uip_ds6_nbr_ll_lookup
                0x000000000001f196                uip_ds6_nbr_ipaddr_from_lladdr
                0x000000000001f1ca                uip_ds6_nbr_lladdr_from_ipaddr
                0x000000000001f206                uip_ds6_link_callback
 .text          0x000000000001f217      0x833 build/cooja/mtype514.a(uip-nd6.o)
                0x000000000001fa33                uip_nd6_init
 .text          0x000000000001fa4a     0x33f6 build/cooja/mtype514.a(sicslowpan.o)
                0x0000000000020225                netstack_sniffer_add
                0x000000000002023f                netstack_sniffer_remove
                0x0000000000022e09                sicslowpan_init
                0x0000000000022e30                sicslowpan_get_last_rssi
 .text          0x0000000000022e40      0x5a0 build/cooja/mtype514.a(uiplib.o)
                0x0000000000022e40                uiplib_ip6addrconv
                0x0000000000023026                uiplib_ip4addrconv
                0x00000000000230f8                uiplib_ipaddr_print
                0x000000000002315b                uiplib_ipaddr_snprint
 .text          0x00000000000233e0      0x665 build/cooja/mtype514.a(rpl.o)
                0x00000000000233e0                rpl_lollipop_greater_than
                0x0000000000023444                rpl_get_global_address
                0x00000000000235e4                rpl_link_callback
                0x000000000002364e                rpl_has_joined
                0x0000000000023681                rpl_is_reachable
                0x0000000000023727                rpl_reset_prefix
                0x000000000002379e                rpl_set_prefix_from_addr
                0x00000000000238b0                rpl_set_prefix
                0x0000000000023a1a                rpl_set_leaf_only
                0x0000000000023a34                rpl_get_leaf_only
 .text          0x0000000000023a45     0x2589 build/cooja/mtype514.a(rpl-icmp6.o)
                0x0000000000023bd9                rpl_icmp6_update_nbr_table
                0x0000000000023d8c                rpl_icmp6_dis_output
                0x0000000000024754                rpl_icmp6_dio_output
                0x0000000000025289                rpl_icmp6_pdao_output
                0x00000000000258e2                rpl_icmp6_dao_output
                0x0000000000025e7f                rpl_icmp6_dao_ack_output
                0x0000000000025f87                rpl_icmp6_init
 .text          0x0000000000025fce      0x354 build/cooja/mtype514.a(rpl-dag-root.o)
                0x0000000000025fce                rpl_dag_root_print_links
                0x000000000002613d                rpl_dag_root_set_prefix
                0x0000000000026179                rpl_dag_root_start
                0x00000000000262e2                rpl_dag_root_is_root
 .text          0x0000000000026322      0x252 build/cooja/mtype514.a(slip-bridge.o)
                0x0000000000026322                request_prefix
 .text          0x0000000000026574      0x72b build/cooja/mtype514.a(slip.o)
                0x0000000000026574                slip_set_input_callback
                0x000000000002658e                slip_send
                0x00000000000265b7                slip_write
                0x0000000000026b4e                slip_input_byte
 .text          0x0000000000026c9f       0x49 build/cooja/mtype514.a(watchdog.o)
                0x0000000000026c9f                watchdog_init
                0x0000000000026caa                watchdog_start
                0x0000000000026cb5                watchdog_periodic
                0x0000000000026cd2                watchdog_stop
                0x0000000000026cdd                watchdog_reboot
 .text          0x0000000000026ce8       0x61 build/cooja/mtype514.a(int-master.o)
                0x0000000000026ce8                int_master_enable
                0x0000000000026cfd                int_master_read_and_disable
                0x0000000000026d1d                int_master_status_set
                0x0000000000026d34                int_master_is_enabled
 .text          0x0000000000026d49       0x1a build/cooja/mtype514.a(slip-arch.o)
                0x0000000000026d49                slip_arch_init
 .text          0x0000000000026d63      0x731 build/cooja/mtype514.a(httpd-simple.o)
                0x0000000000027291                httpd_appcall
                0x0000000000027473                httpd_init
 .text          0x0000000000027494      0x188 build/cooja/mtype514.a(rpl-border-rout)
                0x0000000000027494                print_local_addresses
                0x00000000000275ba                set_prefix_64
                0x00000000000275fd                rpl_border_router_init
 .text          0x000000000002761c      0x123 build/cooja/mtype514.a(stimer.o)
                0x000000000002761c                stimer_set
                0x000000000002764b                stimer_reset
                0x0000000000027687                stimer_restart
                0x00000000000276a6                stimer_expired
                0x00000000000276e8                stimer_remaining
                0x000000000002771e                stimer_elapsed
 .text          0x000000000002773f      0x19d build/cooja/mtype514.a(ringbuf.o)
                0x000000000002773f                ringbuf_init
                0x0000000000027780                ringbuf_put
                0x000000000002780f                ringbuf_get
                0x000000000002788d                ringbuf_size
                0x00000000000278a9                ringbuf_elements
 .text          0x00000000000278dc      0x21a build/cooja/mtype514.a(memb.o)
                0x00000000000278dc                memb_init
                0x000000000002793f                memb_alloc
                0x00000000000279b9                memb_free
                0x0000000000027a4c                memb_inmemb
                0x0000000000027aa3                memb_numfree
 .text          0x0000000000027af6       0x31 build/cooja/mtype514.a(assert.o)
                0x0000000000027af6                _xassert
 .text          0x0000000000027b27      0x9fe build/cooja/mtype514.a(nbr-table.o)
                0x00000000000280f9                nbr_table_register
                0x000000000002818b                nbr_table_is_registered
                0x00000000000281e2                nbr_table_head
                0x000000000002824d                nbr_table_next
                0x00000000000282c7                nbr_table_add_lladdr
                0x00000000000283ce                nbr_table_get_from_lladdr
                0x000000000002842a                nbr_table_remove
                0x000000000002847e                nbr_table_lock
                0x00000000000284b0                nbr_table_unlock
                0x00000000000284e2                nbr_table_get_lladdr
 .text          0x0000000000028525      0x430 build/cooja/mtype514.a(link-stats.o)
                0x0000000000028525                link_stats_from_lladdr
                0x000000000002854d                link_stats_get_lladdr
                0x0000000000028575                link_stats_is_fresh
                0x00000000000285bd                guess_etx_from_rssi
                0x0000000000028642                link_stats_packet_sent
                0x0000000000028783                link_stats_input_callback
                0x00000000000288ba                link_stats_reset
                0x0000000000028916                link_stats_init
 .text          0x0000000000028955      0x1e2 build/cooja/mtype514.a(mac-sequence.o)
                0x0000000000028955                mac_sequence_is_duplicate
                0x0000000000028a3a                mac_sequence_register_seqno
 .text          0x0000000000028b37       0x3a build/cooja/mtype514.a(mac.o)
                0x0000000000028b37                mac_call_sent_callback
 .text          0x0000000000028b71      0x452 build/cooja/mtype514.a(framer-802154.o)
                0x0000000000028d0c                framer_802154_setup_params
 .text          0x0000000000028fc3      0xcaa build/cooja/mtype514.a(frame802154.o)
                0x0000000000028ff1                frame802154_get_pan_id
                0x0000000000029002                frame802154_set_pan_id
                0x000000000002901e                frame802154_has_panid
                0x00000000000291fd                frame802154_check_dest_panid
                0x000000000002929c                frame802154_is_broadcast_addr
                0x00000000000292f3                frame802154_extract_linkaddr
                0x000000000002958d                frame802154_hdrlen
                0x000000000002960c                frame802154_create_fcf
                0x00000000000296de                frame802154_create
                0x0000000000029888                frame802154_parse_fcf
                0x000000000002997f                frame802154_parse
 .text          0x0000000000029c6d       0x3d build/cooja/mtype514.a(csma-security.o)
                0x0000000000029c6d                csma_security_create_frame
                0x0000000000029c93                csma_security_parse_frame
 .text          0x0000000000029caa      0x593 build/cooja/mtype514.a(uipbuf.o)
                0x0000000000029caa                uipbuf_clear
                0x0000000000029cdc                uipbuf_add_ext_hdr
                0x0000000000029d74                uipbuf_set_len
                0x0000000000029da6                uipbuf_set_len_field
                0x0000000000029dd9                uipbuf_get_len_field
                0x0000000000029e04                uipbuf_get_next_header
                0x0000000000029f5d                uipbuf_get_last_header
                0x0000000000029ff0                uipbuf_search_header
                0x000000000002a0b7                uipbuf_get_attr
                0x000000000002a0e8                uipbuf_set_attr
                0x000000000002a128                uipbuf_set_default_attr
                0x000000000002a168                uipbuf_clear_attr
                0x000000000002a18d                uipbuf_set_attr_flag
                0x000000000002a1b0                uipbuf_clr_attr_flag
                0x000000000002a1d9                uipbuf_is_attr_flag
                0x000000000002a1fe                uipbuf_init
 .text          0x000000000002a23d      0x8af build/cooja/mtype514.a(uip-icmp6.o)
                0x000000000002a2ba                uip_icmp6_input
                0x000000000002a318                uip_icmp6_register_input_handler
                0x000000000002a4aa                uip_icmp6_error_output
                0x000000000002a80d                uip_icmp6_send
                0x000000000002aa59                uip_icmp6_echo_reply_callback_add
                0x000000000002aaa0                uip_icmp6_echo_reply_callback_rm
                0x000000000002aac9                uip_icmp6_init
 .text          0x000000000002aaec      0x1b0 build/cooja/mtype514.a(uip-packetqueue)
                0x000000000002ab28                uip_packetqueue_new
                0x000000000002ab42                uip_packetqueue_alloc
                0x000000000002abb9                uip_packetqueue_free
                0x000000000002ac0e                uip_packetqueue_buf
                0x000000000002ac3a                uip_packetqueue_buflen
                0x000000000002ac69                uip_packetqueue_set_buflen
 .text          0x000000000002ac9c      0x202 build/cooja/mtype514.a(rpl-nbr-policy.)
                0x000000000002ae40                rpl_nbr_policy_find_removable
 .text          0x000000000002ae9e      0xb3f build/cooja/mtype514.a(rpl-neighbor.o)
                0x000000000002af35                rpl_neighbor_snprint
                0x000000000002b26c                rpl_neighbor_print_list
                0x000000000002b343                rpl_neighbor_count
                0x000000000002b42e                rpl_neighbor_get_from_lladdr
                0x000000000002b459                rpl_neighbor_is_acceptable_parent
                0x000000000002b4a5                rpl_neighbor_get_link_metric
                0x000000000002b4f1                rpl_neighbor_rank_via_nbr
                0x000000000002b53d                rpl_neighbor_get_lladdr
                0x000000000002b568                rpl_neighbor_get_ipaddr
                0x000000000002b596                rpl_neighbor_get_link_stats
                0x000000000002b5c4                rpl_neighbor_is_fresh
                0x000000000002b5f2                rpl_neighbor_is_reachable
                0x000000000002b64a                rpl_neighbor_is_parent
                0x000000000002b683                rpl_neighbor_set_preferred_parent
                0x000000000002b73a                rpl_neighbor_remove_all
                0x000000000002b7a0                rpl_neighbor_get_from_ipaddr
                0x000000000002b8d9                rpl_neighbor_select_best
                0x000000000002b9b9                rpl_neighbor_init
 .text          0x000000000002b9dd     0x11e4 build/cooja/mtype514.a(rpl-dag.o)
                0x000000000002b9dd                rpl_dag_state_to_str
                0x000000000002ba3b                rpl_dag_get_root_ipaddr
                0x000000000002ba85                rpl_dag_leave
                0x000000000002bb2d                rpl_dag_poison_and_leave
                0x000000000002bb4b                rpl_dag_periodic
                0x000000000002bc0f                rpl_is_addr_in_our_dag
                0x000000000002bc68                rpl_get_default_instance
                0x000000000002bc8f                rpl_get_any_dag
                0x000000000002bcfc                rpl_refresh_routes
                0x000000000002bd5e                rpl_global_repair
                0x000000000002be1a                rpl_local_repair
                0x000000000002be79                rpl_dag_ready_to_advertise
                0x000000000002bed1                rpl_dag_update_state
                0x000000000002c77d                rpl_process_dio
                0x000000000002c81c                rpl_process_dis
                0x000000000002c86d                rpl_process_dao
                0x000000000002c916                rpl_process_dao_ack
                0x000000000002c9c3                rpl_process_hbh
                0x000000000002ca22                rpl_dag_init_root
                0x000000000002cb9d                rpl_dag_init
 .text          0x000000000002cbc1      0xcfc build/cooja/mtype514.a(rpl-timers.o)
                0x000000000002cbc1                rpl_timers_schedule_periodic_dis
                0x000000000002cd6e                rpl_timers_dio_reset
                0x000000000002ceef                rpl_timers_schedule_unicast_dio
                0x000000000002d0ca                rpl_timers_schedule_dao
                0x000000000002d1e2                rpl_timers_schedule_dao_ack
                0x000000000002d29e                rpl_timers_notify_dao_ack
                0x000000000002d310                get_probing_delay
                0x000000000002d35d                get_probing_target
                0x000000000002d5a5                rpl_schedule_probing
                0x000000000002d5e6                rpl_schedule_probing_now
                0x000000000002d671                rpl_timers_unschedule_leaving
                0x000000000002d6b5                rpl_timers_schedule_leaving
                0x000000000002d70a                rpl_timers_init
                0x000000000002d7b3                rpl_timers_stop_dag_timers
                0x000000000002d840                rpl_timers_unschedule_state_update
                0x000000000002d86a                rpl_timers_schedule_state_update
 .text          0x000000000002d8bd      0xdc4 build/cooja/mtype514.a(rpl-ext-header.)
                0x000000000002d8bd                rpl_ext_header_srh_get_next_hop
                0x000000000002d9cb                rpl_ext_header_srh_update
                0x000000000002e02e                rpl_ext_header_hbh_update
                0x000000000002e3ce                rpl_ext_header_update
                0x000000000002e478                rpl_ext_header_remove
 .text          0x000000000002e681      0x374 build/cooja/mtype514.a(rpl-mrhof.o)
 .text          0x000000000002e9f5      0x21f build/cooja/mtype514.a(border-router-e)
 .text          0x000000000002ec14        0x0 /usr/lib/gcc/x86_64-linux-gnu/9/crtendS.o
 .text          0x000000000002ec14        0x0 /usr/lib/gcc/x86_64-linux-gnu/9/../../../x86_64-linux-gnu/crtn.o
 *(.gnu.warning)

.fini           0x000000000002ec14        0xd
 *(SORT_NONE(.fini))
 .fini          0x000000000002ec14        0x8 /usr/lib/gcc/x86_64-linux-gnu/9/../../../x86_64-linux-gnu/crti.o
                0x000000000002ec14                _fini
 .fini          0x000000000002ec1c        0x5 /usr/lib/gcc/x86_64-linux-gnu/9/../../../x86_64-linux-gnu/crtn.o
                [!provide]                        PROVIDE (__etext = .)
                [!provide]                        PROVIDE (_etext = .)
                [!provide]                        PROVIDE (etext = .)
                0x000000000002f000                . = ALIGN (CONSTANT (MAXPAGESIZE))
                0x000000000002f000                . = SEGMENT_START ("rodata-segment", (ALIGN (CONSTANT (MAXPAGESIZE)) + (. & (CONSTANT (MAXPAGESIZE) - 0x1))))

.rodata         0x000000000002f000     0x130e
 *(.rodata .rodata.* .gnu.linkonce.r.*)
 .rodata        0x000000000002f000       0x5a border-router.o
 .rodata        0x000000000002f05a        0x6 build/cooja/mtype514.a(leds-arch.o)
                0x000000000002f05a                leds_arch_leds
 .rodata        0x000000000002f060        0x4 build/cooja/mtype514.a(pir-sensor.o)
 .rodata        0x000000000002f064        0x6 build/cooja/mtype514.a(rs232.o)
 .rodata        0x000000000002f06a        0xa build/cooja/mtype514.a(vib-sensor.o)
 *fill*         0x000000000002f074        0x4 
 .rodata        0x000000000002f078       0x27 build/cooja/mtype514.a(cfs-cooja.o)
 *fill*         0x000000000002f09f        0x1 
 .rodata        0x000000000002f0a0       0x68 build/cooja/mtype514.a(cooja-radio.o)
 .rodata        0x000000000002f108        0x8 build/cooja/mtype514.a(sensors.o)
 .rodata        0x000000000002f110       0x14 build/cooja/mtype514.a(buttons.o)
                0x000000000002f11c                button_hal_button_count
 *fill*         0x000000000002f124        0x4 
 .rodata        0x000000000002f128      0x1c3 build/cooja/mtype514.a(webserver.o)
 *fill*         0x000000000002f2eb        0x5 
 .rodata        0x000000000002f2f0      0x104 build/cooja/mtype514.a(contiki-main.o)
 .rodata        0x000000000002f3f4        0xf build/cooja/mtype514.a(ctimer.o)
 *fill*         0x000000000002f403        0x1 
 .rodata        0x000000000002f404       0xc4 build/cooja/mtype514.a(log.o)
 .rodata        0x000000000002f4c8        0xc build/cooja/mtype514.a(etimer.o)
 .rodata        0x000000000002f4d4       0x13 build/cooja/mtype514.a(button-hal.o)
 .rodata        0x000000000002f4e7        0xe build/cooja/mtype514.a(serial-line.o)
 *fill*         0x000000000002f4f5        0x3 
 .rodata        0x000000000002f4f8        0x8 build/cooja/mtype514.a(linkaddr.o)
                0x000000000002f4f8                linkaddr_null
 .rodata        0x000000000002f500        0x5 build/cooja/mtype514.a(csma.o)
 *fill*         0x000000000002f505        0x3 
 .rodata        0x000000000002f508       0x24 build/cooja/mtype514.a(csma-output.o)
 .rodata        0x000000000002f52c       0x44 build/cooja/mtype514.a(uip-sr.o)
 .rodata        0x000000000002f570       0x4d build/cooja/mtype514.a(uip-ds6-route.o)
 *fill*         0x000000000002f5bd        0x3 
 .rodata        0x000000000002f5c0      0x305 build/cooja/mtype514.a(tcpip.o)
 *fill*         0x000000000002f8c5        0x3 
 .rodata        0x000000000002f8c8       0x48 build/cooja/mtype514.a(uip6.o)
 .rodata        0x000000000002f910       0x1d build/cooja/mtype514.a(sicslowpan.o)
                0x000000000002f910                unc_llconf
                0x000000000002f914                unc_ctxconf
                0x000000000002f918                unc_mxconf
                0x000000000002f91c                llprefix
 .rodata        0x000000000002f92d       0x2d build/cooja/mtype514.a(uiplib.o)
 .rodata        0x000000000002f95a        0x9 build/cooja/mtype514.a(rpl.o)
 *fill*         0x000000000002f963        0x5 
 .rodata        0x000000000002f968      0x61b build/cooja/mtype514.a(rpl-icmp6.o)
 .rodata        0x000000000002ff83       0x11 build/cooja/mtype514.a(slip-bridge.o)
 .rodata        0x000000000002ff94        0xc build/cooja/mtype514.a(slip.o)
 .rodata        0x000000000002ffa0      0x154 build/cooja/mtype514.a(httpd-simple.o)
                0x0000000000030000                http_content_type_html
                0x0000000000030020                http_header_200
                0x0000000000030080                http_header_404
                0x00000000000300dd                http_get
                0x00000000000300e8                http_index_html
 .rodata        0x00000000000300f4       0x34 build/cooja/mtype514.a(rpl-border-rout)
 .rodata        0x0000000000030128       0x25 build/cooja/mtype514.a(assert.o)
 *fill*         0x000000000003014d        0x3 
 .rodata        0x0000000000030150       0x58 build/cooja/mtype514.a(rpl-neighbor.o)
 .rodata        0x00000000000301a8       0xd7 build/cooja/mtype514.a(rpl-dag.o)
 .rodata        0x000000000003027f        0xc build/cooja/mtype514.a(rpl-timers.o)
 .rodata        0x000000000003028b       0x83 build/cooja/mtype514.a(border-router-e)

.rodata1
 *(.rodata1)

.eh_frame_hdr   0x0000000000030310     0x1764
 *(.eh_frame_hdr)
 .eh_frame_hdr  0x0000000000030310     0x1764 border-router.o
                0x0000000000030310                __GNU_EH_FRAME_HDR
 *(.eh_frame_entry .eh_frame_entry.*)

.eh_frame       0x0000000000031a78     0x5e0c
 *(.eh_frame)
 .eh_frame      0x0000000000031a78       0x40 /usr/lib/gcc/x86_64-linux-gnu/9/../../../x86_64-linux-gnu/crti.o
 .eh_frame      0x0000000000031ab8       0x18 /usr/lib/gcc/x86_64-linux-gnu/9/../../../x86_64-linux-gnu/crti.o
                                         0x30 (size before relaxing)
 .eh_frame      0x0000000000031ad0       0x18 /usr/lib/gcc/x86_64-linux-gnu/9/../../../x86_64-linux-gnu/crti.o
                                         0x30 (size before relaxing)
 .eh_frame      0x0000000000031ae8       0x20 border-router.o
                                         0x38 (size before relaxing)
 .eh_frame      0x0000000000031b08      0x178 build/cooja/mtype514.o
                                        0x190 (size before relaxing)
 .eh_frame      0x0000000000031c80       0x40 build/cooja/mtype514.a(simEnvChange.o)
                                         0x58 (size before relaxing)
 .eh_frame      0x0000000000031cc0       0x60 build/cooja/mtype514.a(cooja_mt.o)
                                         0x78 (size before relaxing)
 .eh_frame      0x0000000000031d20       0x80 build/cooja/mtype514.a(cooja_mtarch.o)
                                         0x98 (size before relaxing)
 .eh_frame      0x0000000000031da0       0xc0 build/cooja/mtype514.a(rtimer-arch.o)
                                         0xd8 (size before relaxing)
 .eh_frame      0x0000000000031e60      0x160 build/cooja/mtype514.a(beep.o)
                                        0x178 (size before relaxing)
 .eh_frame      0x0000000000031fc0       0x80 build/cooja/mtype514.a(leds-arch.o)
                                         0x98 (size before relaxing)
 .eh_frame      0x0000000000032040       0x40 build/cooja/mtype514.a(moteid.o)
                                         0x58 (size before relaxing)
 .eh_frame      0x0000000000032080       0xa0 build/cooja/mtype514.a(pir-sensor.o)
                                         0xb8 (size before relaxing)
 .eh_frame      0x0000000000032120      0x100 build/cooja/mtype514.a(rs232.o)
                                        0x118 (size before relaxing)
 .eh_frame      0x0000000000032220       0xa0 build/cooja/mtype514.a(vib-sensor.o)
                                         0xb8 (size before relaxing)
 .eh_frame      0x00000000000322c0       0xc0 build/cooja/mtype514.a(clock.o)
                                         0xd8 (size before relaxing)
 .eh_frame      0x0000000000032380      0x128 build/cooja/mtype514.a(cooja-log.o)
                                        0x140 (size before relaxing)
 .eh_frame      0x00000000000324a8      0x160 build/cooja/mtype514.a(cfs-cooja.o)
                                        0x178 (size before relaxing)
 .eh_frame      0x0000000000032608      0x340 build/cooja/mtype514.a(cooja-radio.o)
                                        0x358 (size before relaxing)
 .eh_frame      0x0000000000032948       0xa0 build/cooja/mtype514.a(eeprom.o)
                                         0xb8 (size before relaxing)
 .eh_frame      0x00000000000329e8       0x40 build/cooja/mtype514.a(random.o)
                                         0x58 (size before relaxing)
 .eh_frame      0x0000000000032a28       0xc0 build/cooja/mtype514.a(sensors.o)
                                         0xd8 (size before relaxing)
 .eh_frame      0x0000000000032ae8      0x120 build/cooja/mtype514.a(leds.o)
                                        0x138 (size before relaxing)
 .eh_frame      0x0000000000032c08      0x220 build/cooja/mtype514.a(gpio-hal-arch.o)
                                        0x238 (size before relaxing)
 .eh_frame      0x0000000000032e28       0xa0 build/cooja/mtype514.a(buttons.o)
                                         0xb8 (size before relaxing)
 .eh_frame      0x0000000000032ec8       0x80 build/cooja/mtype514.a(webserver.o)
                                         0x98 (size before relaxing)
 .eh_frame      0x0000000000032f48       0x20 build/cooja/mtype514.a(contiki-main.o)
                                         0x38 (size before relaxing)
 .eh_frame      0x0000000000032f68       0x40 build/cooja/mtype514.a(autostart.o)
                                         0x58 (size before relaxing)
 .eh_frame      0x0000000000032fa8      0x100 build/cooja/mtype514.a(ctimer.o)
                                        0x118 (size before relaxing)
 .eh_frame      0x00000000000330a8      0x100 build/cooja/mtype514.a(log.o)
                                        0x118 (size before relaxing)
 .eh_frame      0x00000000000331a8       0x60 build/cooja/mtype514.a(energest.o)
                                         0x78 (size before relaxing)
 .eh_frame      0x0000000000033208      0x1e0 build/cooja/mtype514.a(etimer.o)
                                        0x1f8 (size before relaxing)
 .eh_frame      0x00000000000333e8       0x20 build/cooja/mtype514.a(node-id.o)
                                         0x38 (size before relaxing)
 .eh_frame      0x0000000000033408       0x60 build/cooja/mtype514.a(rtimer.o)
                                         0x78 (size before relaxing)
 .eh_frame      0x0000000000033468      0x1c8 build/cooja/mtype514.a(process.o)
                                        0x1e0 (size before relaxing)
 .eh_frame      0x0000000000033630       0xa0 build/cooja/mtype514.a(timer.o)
                                         0xb8 (size before relaxing)
 .eh_frame      0x00000000000336d0      0x1a0 build/cooja/mtype514.a(list.o)
                                        0x1b8 (size before relaxing)
 .eh_frame      0x0000000000033870      0x140 build/cooja/mtype514.a(button-hal.o)
                                        0x158 (size before relaxing)
 .eh_frame      0x00000000000339b0       0x60 build/cooja/mtype514.a(serial-line.o)
                                         0x78 (size before relaxing)
 .eh_frame      0x0000000000033a10       0xe0 build/cooja/mtype514.a(gpio-hal.o)
                                         0xf8 (size before relaxing)
 .eh_frame      0x0000000000033af0      0x1a0 build/cooja/mtype514.a(queuebuf.o)
                                        0x1b8 (size before relaxing)
 .eh_frame      0x0000000000033c90      0x288 build/cooja/mtype514.a(packetbuf.o)
                                        0x2a0 (size before relaxing)
 .eh_frame      0x0000000000033f18       0x80 build/cooja/mtype514.a(netstack.o)
                                         0x98 (size before relaxing)
 .eh_frame      0x0000000000033f98       0x60 build/cooja/mtype514.a(linkaddr.o)
                                         0x78 (size before relaxing)
 .eh_frame      0x0000000000033ff8       0xe0 build/cooja/mtype514.a(csma.o)
                                         0xf8 (size before relaxing)
 .eh_frame      0x00000000000340d8      0x1c8 build/cooja/mtype514.a(csma-output.o)
                                        0x1e0 (size before relaxing)
 .eh_frame      0x00000000000342a0      0x180 build/cooja/mtype514.a(uip-sr.o)
                                        0x198 (size before relaxing)
 .eh_frame      0x0000000000034420      0x328 build/cooja/mtype514.a(uip-ds6.o)
                                        0x340 (size before relaxing)
 .eh_frame      0x0000000000034748      0x220 build/cooja/mtype514.a(uip-ds6-route.o)
                                        0x238 (size before relaxing)
 .eh_frame      0x0000000000034968      0x178 build/cooja/mtype514.a(psock.o)
                                        0x190 (size before relaxing)
 .eh_frame      0x0000000000034ae0      0x308 build/cooja/mtype514.a(tcpip.o)
                                        0x320 (size before relaxing)
 .eh_frame      0x0000000000034de8      0x2b0 build/cooja/mtype514.a(uip6.o)
                                        0x2c8 (size before relaxing)
 .eh_frame      0x0000000000035098      0x1c0 build/cooja/mtype514.a(uip-ds6-nbr.o)
                                        0x1d8 (size before relaxing)
 .eh_frame      0x0000000000035258       0x80 build/cooja/mtype514.a(uip-nd6.o)
                                         0x98 (size before relaxing)
 .eh_frame      0x00000000000352d8      0x2e0 build/cooja/mtype514.a(sicslowpan.o)
                                        0x2f8 (size before relaxing)
 .eh_frame      0x00000000000355b8       0x80 build/cooja/mtype514.a(uiplib.o)
                                         0x98 (size before relaxing)
 .eh_frame      0x0000000000035638      0x1e0 build/cooja/mtype514.a(rpl.o)
                                        0x1f8 (size before relaxing)
 .eh_frame      0x0000000000035818      0x200 build/cooja/mtype514.a(rpl-icmp6.o)
                                        0x218 (size before relaxing)
 .eh_frame      0x0000000000035a18       0xa0 build/cooja/mtype514.a(rpl-dag-root.o)
                                         0xb8 (size before relaxing)
 .eh_frame      0x0000000000035ab8       0x80 build/cooja/mtype514.a(slip-bridge.o)
                                         0x98 (size before relaxing)
 .eh_frame      0x0000000000035b38       0xe0 build/cooja/mtype514.a(slip.o)
                                         0xf8 (size before relaxing)
 .eh_frame      0x0000000000035c18       0xa0 build/cooja/mtype514.a(watchdog.o)
                                         0xb8 (size before relaxing)
 .eh_frame      0x0000000000035cb8       0x80 build/cooja/mtype514.a(int-master.o)
                                         0x98 (size before relaxing)
 .eh_frame      0x0000000000035d38       0x20 build/cooja/mtype514.a(slip-arch.o)
                                         0x38 (size before relaxing)
 .eh_frame      0x0000000000035d58       0xe0 build/cooja/mtype514.a(httpd-simple.o)
                                         0xf8 (size before relaxing)
 .eh_frame      0x0000000000035e38       0x60 build/cooja/mtype514.a(rpl-border-rout)
                                         0x78 (size before relaxing)
 .eh_frame      0x0000000000035e98       0xc0 build/cooja/mtype514.a(stimer.o)
                                         0xd8 (size before relaxing)
 .eh_frame      0x0000000000035f58       0xa0 build/cooja/mtype514.a(ringbuf.o)
                                         0xb8 (size before relaxing)
 .eh_frame      0x0000000000035ff8       0xa0 build/cooja/mtype514.a(memb.o)
                                         0xb8 (size before relaxing)
 .eh_frame      0x0000000000036098       0x20 build/cooja/mtype514.a(assert.o)
                                         0x38 (size before relaxing)
 .eh_frame      0x00000000000360b8      0x2a0 build/cooja/mtype514.a(nbr-table.o)
                                        0x2b8 (size before relaxing)
 .eh_frame      0x0000000000036358      0x120 build/cooja/mtype514.a(link-stats.o)
                                        0x138 (size before relaxing)
 .eh_frame      0x0000000000036478       0x48 build/cooja/mtype514.a(mac-sequence.o)
                                         0x60 (size before relaxing)
 .eh_frame      0x00000000000364c0       0x20 build/cooja/mtype514.a(mac.o)
                                         0x38 (size before relaxing)
 .eh_frame      0x00000000000364e0       0xa8 build/cooja/mtype514.a(framer-802154.o)
                                         0xc0 (size before relaxing)
 .eh_frame      0x0000000000036588      0x1a8 build/cooja/mtype514.a(frame802154.o)
                                        0x1c0 (size before relaxing)
 .eh_frame      0x0000000000036730       0x40 build/cooja/mtype514.a(csma-security.o)
                                         0x58 (size before relaxing)
 .eh_frame      0x0000000000036770      0x200 build/cooja/mtype514.a(uipbuf.o)
                                        0x218 (size before relaxing)
 .eh_frame      0x0000000000036970      0x148 build/cooja/mtype514.a(uip-icmp6.o)
                                        0x160 (size before relaxing)
 .eh_frame      0x0000000000036ab8       0xe0 build/cooja/mtype514.a(uip-packetqueue)
                                         0xf8 (size before relaxing)
 .eh_frame      0x0000000000036b98       0x80 build/cooja/mtype514.a(rpl-nbr-policy.)
                                         0x98 (size before relaxing)
 .eh_frame      0x0000000000036c18      0x2d0 build/cooja/mtype514.a(rpl-neighbor.o)
                                        0x2e8 (size before relaxing)
 .eh_frame      0x0000000000036ee8      0x360 build/cooja/mtype514.a(rpl-dag.o)
                                        0x378 (size before relaxing)
 .eh_frame      0x0000000000037248      0x3a8 build/cooja/mtype514.a(rpl-timers.o)
                                        0x3c0 (size before relaxing)
 .eh_frame      0x00000000000375f0      0x128 build/cooja/mtype514.a(rpl-ext-header.)
                                        0x140 (size before relaxing)
 .eh_frame      0x0000000000037718      0x148 build/cooja/mtype514.a(rpl-mrhof.o)
                                        0x160 (size before relaxing)
 .eh_frame      0x0000000000037860       0x20 build/cooja/mtype514.a(border-router-e)
                                         0x38 (size before relaxing)
 .eh_frame      0x0000000000037880        0x4 /usr/lib/gcc/x86_64-linux-gnu/9/crtendS.o
 *(.eh_frame.*)

.gcc_except_table
 *(.gcc_except_table .gcc_except_table.*)

.gnu_extab
 *(.gnu_extab*)

.exception_ranges
 *(.exception_ranges*)
                0x00000000000396b0                . = DATA_SEGMENT_ALIGN (CONSTANT (MAXPAGESIZE), CONSTANT (COMMONPAGESIZE))

.eh_frame
 *(.eh_frame)
 *(.eh_frame.*)

.gnu_extab
 *(.gnu_extab)

.gcc_except_table
 *(.gcc_except_table .gcc_except_table.*)

.exception_ranges
 *(.exception_ranges*)

.tdata
 *(.tdata .tdata.* .gnu.linkonce.td.*)

.tbss
 *(.tbss .tbss.* .gnu.linkonce.tb.*)
 *(.tcommon)

.preinit_array
 *(.preinit_array)

.init_array     0x00000000000396b0        0x8
 *(SORT_BY_INIT_PRIORITY(.init_array.*) SORT_BY_INIT_PRIORITY(.ctors.*))
 *(.init_array EXCLUDE_FILE(*crtend?.o *crtend.o *crtbegin?.o *crtbegin.o) .ctors)
 .init_array    0x00000000000396b0        0x8 /usr/lib/gcc/x86_64-linux-gnu/9/crtbeginS.o

.fini_array     0x00000000000396b8        0x8
 *(SORT_BY_INIT_PRIORITY(.fini_array.*) SORT_BY_INIT_PRIORITY(.dtors.*))
 *(.fini_array EXCLUDE_FILE(*crtend?.o *crtend.o *crtbegin?.o *crtbegin.o) .dtors)
 .fini_array    0x00000000000396b8        0x8 /usr/lib/gcc/x86_64-linux-gnu/9/crtbeginS.o

.ctors
 *crtbegin.o(.ctors)
 *crtbegin?.o(.ctors)
 *(EXCLUDE_FILE(*crtend?.o *crtend.o) .ctors)
 *(SORT_BY_NAME(.ctors.*))
 *(.ctors)

.dtors
 *crtbegin.o(.dtors)
 *crtbegin?.o(.dtors)
 *(EXCLUDE_FILE(*crtend?.o *crtend.o) .dtors)
 *(SORT_BY_NAME(.dtors.*))
 *(.dtors)

.jcr
 *(.jcr)

.data.rel.ro    0x00000000000396c0      0x350
 *(.data.rel.ro.local* .gnu.linkonce.d.rel.ro.local.*)
 .data.rel.ro.local
                0x00000000000396c0       0x10 build/cooja/mtype514.a(beep.o)
                0x00000000000396c0                beep_interface
 .data.rel.ro.local
                0x00000000000396d0       0x10 build/cooja/mtype514.a(leds-arch.o)
                0x00000000000396d0                leds_interface
 .data.rel.ro.local
                0x00000000000396e0       0x10 build/cooja/mtype514.a(moteid.o)
                0x00000000000396e0                moteid_interface
 *fill*         0x00000000000396f0       0x10 
 .data.rel.ro.local
                0x0000000000039700       0x40 build/cooja/mtype514.a(pir-sensor.o)
                0x0000000000039700                pir_interface
                0x0000000000039720                pir_sensor
 .data.rel.ro.local
                0x0000000000039740       0x10 build/cooja/mtype514.a(rs232.o)
                0x0000000000039740                rs232_interface
 *fill*         0x0000000000039750       0x10 
 .data.rel.ro.local
                0x0000000000039760       0x40 build/cooja/mtype514.a(vib-sensor.o)
                0x0000000000039760                vib_interface
                0x0000000000039780                vib_sensor
 .data.rel.ro.local
                0x00000000000397a0       0x10 build/cooja/mtype514.a(clock.o)
                0x00000000000397a0                clock_interface
 .data.rel.ro.local
                0x00000000000397b0       0x10 build/cooja/mtype514.a(cooja-log.o)
                0x00000000000397b0                simlog_interface
 .data.rel.ro.local
                0x00000000000397c0       0x10 build/cooja/mtype514.a(cfs-cooja.o)
                0x00000000000397c0                cfs_interface
 *fill*         0x00000000000397d0       0x10 
 .data.rel.ro.local
                0x00000000000397e0       0x90 build/cooja/mtype514.a(cooja-radio.o)
                0x00000000000397e0                radio_interface
                0x0000000000039800                cooja_radio_driver
 .data.rel.ro.local
                0x0000000000039870       0x10 build/cooja/mtype514.a(eeprom.o)
                0x0000000000039870                eeprom_interface
 .data.rel.ro.local
                0x0000000000039880       0x40 build/cooja/mtype514.a(buttons.o)
                0x0000000000039880                button_interface
                0x00000000000398a0                button_sensor
 .data.rel.ro.local
                0x00000000000398c0       0x38 build/cooja/mtype514.a(csma.o)
                0x00000000000398c0                csma_driver
 *fill*         0x00000000000398f8        0x8 
 .data.rel.ro.local
                0x0000000000039900       0x10 build/cooja/mtype514.a(slip-bridge.o)
                0x0000000000039900                rpl_interface
 .data.rel.ro.local
                0x0000000000039910       0x18 build/cooja/mtype514.a(framer-802154.o)
                0x0000000000039910                framer_802154
 *(.data.rel.ro .data.rel.ro.* .gnu.linkonce.d.rel.ro.*)
 .data.rel.ro   0x0000000000039928        0x0 /usr/lib/gcc/x86_64-linux-gnu/9/../../../x86_64-linux-gnu/crti.o
 *fill*         0x0000000000039928        0x8 
 .data.rel.ro   0x0000000000039930       0x10 border-router.o
                0x0000000000039930                autostart_processes
 .data.rel.ro   0x0000000000039940       0x20 build/cooja/mtype514.a(sicslowpan.o)
                0x0000000000039940                sicslowpan_driver
 .data.rel.ro   0x0000000000039960       0xa8 build/cooja/mtype514.a(rpl.o)
                0x0000000000039960                rpl_lite_driver
 .data.rel.ro   0x0000000000039a08        0x8 build/cooja/mtype514.a(rpl-dag.o)

.dynamic        0x0000000000039a10      0x1c0
 *(.dynamic)
 .dynamic       0x0000000000039a10      0x1c0 /usr/lib/gcc/x86_64-linux-gnu/9/../../../x86_64-linux-gnu/crti.o
                0x0000000000039a10                _DYNAMIC

.got            0x0000000000039bd0      0x428
 *(.got)
 .got           0x0000000000039bd0      0x428 /usr/lib/gcc/x86_64-linux-gnu/9/../../../x86_64-linux-gnu/crti.o
 *(.igot)
                0x000000000003afe8                . = DATA_SEGMENT_RELRO_END (., (SIZEOF (.got.plt) >= 0x18)?0x18:0x0)

.got.plt        0x000000000003a000      0xb88
 *(.got.plt)
 .got.plt       0x000000000003a000      0xb88 /usr/lib/gcc/x86_64-linux-gnu/9/../../../x86_64-linux-gnu/crti.o
                0x000000000003a000                _GLOBAL_OFFSET_TABLE_
 *(.igot.plt)

.data           0x000000000003aba0      0x820
 *(.data .data.* .gnu.linkonce.d.*)
 .data          0x000000000003aba0        0x0 /usr/lib/gcc/x86_64-linux-gnu/9/../../../x86_64-linux-gnu/crti.o
 .data          0x000000000003aba0        0x0 /usr/lib/gcc/x86_64-linux-gnu/9/crtbeginS.o
 .data.rel.local
                0x000000000003aba0        0x8 /usr/lib/gcc/x86_64-linux-gnu/9/crtbeginS.o
                0x000000000003aba0                __dso_handle
 .data          0x000000000003aba8        0x0 border-router.o
 *fill*         0x000000000003aba8       0x18 
 .data.rel.local
                0x000000000003abc0       0x20 border-router.o
                0x000000000003abc0                contiki_ng_br
 .data          0x000000000003abe0        0x0 build/cooja/mtype514.o
 .data.rel      0x000000000003abe0       0xa0 build/cooja/mtype514.o
                0x000000000003abe0                simInterfaces
                0x000000000003ac60                sensors
 .data          0x000000000003ac80        0x0 build/cooja/mtype514.a(simEnvChange.o)
 .data          0x000000000003ac80        0x0 build/cooja/mtype514.a(cooja_mt.o)
 .data          0x000000000003ac80        0x0 build/cooja/mtype514.a(cooja_mtarch.o)
 .data          0x000000000003ac80        0x0 build/cooja/mtype514.a(rtimer-arch.o)
 .data          0x000000000003ac80        0x0 build/cooja/mtype514.a(beep.o)
 .data          0x000000000003ac80        0x0 build/cooja/mtype514.a(leds-arch.o)
 .data          0x000000000003ac80        0x0 build/cooja/mtype514.a(moteid.o)
 .data          0x000000000003ac80        0x0 build/cooja/mtype514.a(pir-sensor.o)
 .data          0x000000000003ac80        0x0 build/cooja/mtype514.a(rs232.o)
 .data          0x000000000003ac80        0x0 build/cooja/mtype514.a(vib-sensor.o)
 .data          0x000000000003ac80        0x0 build/cooja/mtype514.a(clock.o)
 .data          0x000000000003ac80        0x0 build/cooja/mtype514.a(cooja-log.o)
 .data          0x000000000003ac80        0x0 build/cooja/mtype514.a(cfs-cooja.o)
 .data          0x000000000003ac80       0x1c build/cooja/mtype514.a(cooja-radio.o)
                0x000000000003ac80                simRadioHWOn
                0x000000000003ac84                simSignalStrength
                0x000000000003ac88                simLastSignalStrength
                0x000000000003ac8c                simPower
                0x000000000003ac90                simRadioChannel
                0x000000000003ac94                simLQI
 *fill*         0x000000000003ac9c        0x4 
 .data.rel.local
                0x000000000003aca0       0x20 build/cooja/mtype514.a(cooja-radio.o)
                0x000000000003aca0                cooja_radio_process
 .data          0x000000000003acc0        0x0 build/cooja/mtype514.a(eeprom.o)
 .data          0x000000000003acc0        0x0 build/cooja/mtype514.a(random.o)
 .data          0x000000000003acc0        0x0 build/cooja/mtype514.a(sensors.o)
 .data.rel.local
                0x000000000003acc0       0x20 build/cooja/mtype514.a(sensors.o)
                0x000000000003acc0                sensors_process
 .data          0x000000000003ace0        0x0 build/cooja/mtype514.a(leds.o)
 .data          0x000000000003ace0        0x0 build/cooja/mtype514.a(gpio-hal-arch.o)
 .data          0x000000000003ace0        0x1 build/cooja/mtype514.a(buttons.o)
                0x000000000003ace0                simButtonIsActive
 *fill*         0x000000000003ace1       0x1f 
 .data.rel.local
                0x000000000003ad00       0xb0 build/cooja/mtype514.a(buttons.o)
                0x000000000003ada0                button_hal_buttons
 .data          0x000000000003adb0        0x0 build/cooja/mtype514.a(webserver.o)
 *fill*         0x000000000003adb0       0x10 
 .data.rel.local
                0x000000000003adc0       0x40 build/cooja/mtype514.a(webserver.o)
                0x000000000003ade0                webserver_nogui_process
 .data          0x000000000003ae00        0x0 build/cooja/mtype514.a(contiki-main.o)
 .data          0x000000000003ae00        0x0 build/cooja/mtype514.a(autostart.o)
 .data          0x000000000003ae00        0x0 build/cooja/mtype514.a(ctimer.o)
 .data.rel.local
                0x000000000003ae00       0x40 build/cooja/mtype514.a(ctimer.o)
                0x000000000003ae20                ctimer_process
 .data          0x000000000003ae40        0x8 build/cooja/mtype514.a(log.o)
                0x000000000003ae40                curr_log_level_tcpip
                0x000000000003ae44                curr_log_level_main
 *fill*         0x000000000003ae48       0x18 
 .data.rel      0x000000000003ae60      0x138 build/cooja/mtype514.a(log.o)
                0x000000000003ae60                all_modules
 .data          0x000000000003af98        0x0 build/cooja/mtype514.a(energest.o)
 .data          0x000000000003af98        0x0 build/cooja/mtype514.a(etimer.o)
 *fill*         0x000000000003af98        0x8 
 .data.rel.local
                0x000000000003afa0       0x20 build/cooja/mtype514.a(etimer.o)
                0x000000000003afa0                etimer_process
 .data          0x000000000003afc0        0x0 build/cooja/mtype514.a(node-id.o)
 .data          0x000000000003afc0        0x0 build/cooja/mtype514.a(rtimer.o)
 .data          0x000000000003afc0        0x0 build/cooja/mtype514.a(process.o)
 .data          0x000000000003afc0        0x0 build/cooja/mtype514.a(timer.o)
 .data          0x000000000003afc0        0x0 build/cooja/mtype514.a(list.o)
 .data          0x000000000003afc0        0x0 build/cooja/mtype514.a(button-hal.o)
 .data.rel.local
                0x000000000003afc0       0x20 build/cooja/mtype514.a(button-hal.o)
                0x000000000003afc0                button_hal_process
 .data          0x000000000003afe0        0x0 build/cooja/mtype514.a(serial-line.o)
 .data.rel.local
                0x000000000003afe0       0x20 build/cooja/mtype514.a(serial-line.o)
                0x000000000003afe0                serial_line_process
 .data          0x000000000003b000        0x0 build/cooja/mtype514.a(gpio-hal.o)
 .data.rel.local
                0x000000000003b000        0x8 build/cooja/mtype514.a(gpio-hal.o)
 .data          0x000000000003b008        0x0 build/cooja/mtype514.a(queuebuf.o)
 *fill*         0x000000000003b008        0x8 
 .data.rel.local
                0x000000000003b010       0x38 build/cooja/mtype514.a(queuebuf.o)
 .data          0x000000000003b048        0x0 build/cooja/mtype514.a(packetbuf.o)
 .data.rel.local
                0x000000000003b048        0x8 build/cooja/mtype514.a(packetbuf.o)
 .data          0x000000000003b050        0x0 build/cooja/mtype514.a(netstack.o)
 .data.rel.local
                0x000000000003b050        0x8 build/cooja/mtype514.a(netstack.o)
 .data          0x000000000003b058        0x0 build/cooja/mtype514.a(linkaddr.o)
 .data          0x000000000003b058        0x0 build/cooja/mtype514.a(csma.o)
 .data          0x000000000003b058        0x0 build/cooja/mtype514.a(csma-output.o)
 *fill*         0x000000000003b058        0x8 
 .data.rel.local
                0x000000000003b060       0x60 build/cooja/mtype514.a(csma-output.o)
 .data          0x000000000003b0c0        0x0 build/cooja/mtype514.a(uip-sr.o)
 .data.rel.local
                0x000000000003b0c0       0x28 build/cooja/mtype514.a(uip-sr.o)
 .data          0x000000000003b0e8        0x0 build/cooja/mtype514.a(uip-ds6.o)
 .data          0x000000000003b0e8        0x0 build/cooja/mtype514.a(uip-ds6-route.o)
 *fill*         0x000000000003b0e8        0x8 
 .data.rel.local
                0x000000000003b0f0       0x28 build/cooja/mtype514.a(uip-ds6-route.o)
 .data          0x000000000003b118        0x0 build/cooja/mtype514.a(psock.o)
 .data          0x000000000003b118        0x0 build/cooja/mtype514.a(tcpip.o)
 *fill*         0x000000000003b118        0x8 
 .data.rel.local
                0x000000000003b120       0x20 build/cooja/mtype514.a(tcpip.o)
                0x000000000003b120                tcpip_process
 .data          0x000000000003b140        0x0 build/cooja/mtype514.a(uip6.o)
 .data          0x000000000003b140        0x0 build/cooja/mtype514.a(uip-ds6-nbr.o)
 .data.rel.local
                0x000000000003b140       0x20 build/cooja/mtype514.a(uip-ds6-nbr.o)
 .data          0x000000000003b160        0x0 build/cooja/mtype514.a(uip-nd6.o)
 .data.rel.local
                0x000000000003b160       0x18 build/cooja/mtype514.a(uip-nd6.o)
 .data          0x000000000003b178        0x0 build/cooja/mtype514.a(sicslowpan.o)
 .data          0x000000000003b178        0x0 build/cooja/mtype514.a(uiplib.o)
 .data          0x000000000003b178        0x0 build/cooja/mtype514.a(rpl.o)
 .data          0x000000000003b178        0x0 build/cooja/mtype514.a(rpl-icmp6.o)
 *fill*         0x000000000003b178        0x8 
 .data.rel.local
                0x000000000003b180       0x98 build/cooja/mtype514.a(rpl-icmp6.o)
 .data          0x000000000003b218        0x0 build/cooja/mtype514.a(rpl-dag-root.o)
 .data          0x000000000003b218        0x0 build/cooja/mtype514.a(slip-bridge.o)
 .data          0x000000000003b218        0x0 build/cooja/mtype514.a(slip.o)
 *fill*         0x000000000003b218        0x8 
 .data.rel.local
                0x000000000003b220       0x20 build/cooja/mtype514.a(slip.o)
                0x000000000003b220                slip_process
 .data          0x000000000003b240        0x0 build/cooja/mtype514.a(watchdog.o)
 .data          0x000000000003b240        0x0 build/cooja/mtype514.a(int-master.o)
 .data          0x000000000003b240        0x0 build/cooja/mtype514.a(slip-arch.o)
 .data          0x000000000003b240        0x0 build/cooja/mtype514.a(httpd-simple.o)
 .data.rel.local
                0x000000000003b240       0x20 build/cooja/mtype514.a(httpd-simple.o)
 .data          0x000000000003b260        0x0 build/cooja/mtype514.a(rpl-border-rout)
 .data          0x000000000003b260        0x0 build/cooja/mtype514.a(stimer.o)
 .data          0x000000000003b260        0x0 build/cooja/mtype514.a(ringbuf.o)
 .data          0x000000000003b260        0x0 build/cooja/mtype514.a(memb.o)
 .data          0x000000000003b260        0x0 build/cooja/mtype514.a(assert.o)
 .data          0x000000000003b260        0x0 build/cooja/mtype514.a(nbr-table.o)
 .data.rel.local
                0x000000000003b260       0x20 build/cooja/mtype514.a(nbr-table.o)
 .data          0x000000000003b280        0x0 build/cooja/mtype514.a(link-stats.o)
 .data.rel.local
                0x000000000003b280       0x20 build/cooja/mtype514.a(link-stats.o)
 .data          0x000000000003b2a0        0x0 build/cooja/mtype514.a(mac-sequence.o)
 .data          0x000000000003b2a0        0x0 build/cooja/mtype514.a(mac.o)
 .data          0x000000000003b2a0        0x0 build/cooja/mtype514.a(framer-802154.o)
 .data          0x000000000003b2a0        0x2 build/cooja/mtype514.a(frame802154.o)
 .data          0x000000000003b2a2        0x0 build/cooja/mtype514.a(csma-security.o)
 .data          0x000000000003b2a2        0x0 build/cooja/mtype514.a(uipbuf.o)
 .data          0x000000000003b2a2        0x0 build/cooja/mtype514.a(uip-icmp6.o)
 *fill*         0x000000000003b2a2        0xe 
 .data.rel.local
                0x000000000003b2b0       0x48 build/cooja/mtype514.a(uip-icmp6.o)
 .data          0x000000000003b2f8        0x0 build/cooja/mtype514.a(uip-packetqueue)
 *fill*         0x000000000003b2f8        0x8 
 .data.rel.local
                0x000000000003b300       0x18 build/cooja/mtype514.a(uip-packetqueue)
 .data          0x000000000003b318        0x0 build/cooja/mtype514.a(rpl-nbr-policy.)
 .data          0x000000000003b318        0x0 build/cooja/mtype514.a(rpl-neighbor.o)
 *fill*         0x000000000003b318        0x8 
 .data.rel.local
                0x000000000003b320       0x20 build/cooja/mtype514.a(rpl-neighbor.o)
                0x000000000003b338                rpl_neighbors
 .data          0x000000000003b340        0x0 build/cooja/mtype514.a(rpl-dag.o)
 .data          0x000000000003b340        0x0 build/cooja/mtype514.a(rpl-timers.o)
 .data          0x000000000003b340        0x0 build/cooja/mtype514.a(rpl-ext-header.)
 .data          0x000000000003b340        0x0 build/cooja/mtype514.a(rpl-mrhof.o)
 .data.rel.local
                0x000000000003b340       0x48 build/cooja/mtype514.a(rpl-mrhof.o)
                0x000000000003b340                rpl_mrhof
 .data          0x000000000003b388        0x0 build/cooja/mtype514.a(border-router-e)
 *fill*         0x000000000003b388       0x18 
 .data.rel.local
                0x000000000003b3a0       0x20 build/cooja/mtype514.a(border-router-e)
                0x000000000003b3a0                border_router_process
 .data          0x000000000003b3c0        0x0 /usr/lib/gcc/x86_64-linux-gnu/9/crtendS.o
 .data          0x000000000003b3c0        0x0 /usr/lib/gcc/x86_64-linux-gnu/9/../../../x86_64-linux-gnu/crtn.o

.tm_clone_table
                0x000000000003b3c0        0x0
 .tm_clone_table
                0x000000000003b3c0        0x0 /usr/lib/gcc/x86_64-linux-gnu/9/crtbeginS.o
 .tm_clone_table
                0x000000000003b3c0        0x0 /usr/lib/gcc/x86_64-linux-gnu/9/crtendS.o

.data1
 *(.data1)
                [!provide]                        PROVIDE (_edata = .)
                [!provide]                        PROVIDE (edata = .)
                0x000000000003b3c0                . = .
                [!provide]                        PROVIDE (__bss_start = .)

.bss            0x000000000003b3c0    0x1a080
 *(.dynbss)
 .dynbss        0x000000000003b3c0        0x0 /usr/lib/gcc/x86_64-linux-gnu/9/../../../x86_64-linux-gnu/crti.o
 *(.bss .bss.* .gnu.linkonce.b.*)
 .bss           0x000000000003b3c0        0x0 /usr/lib/gcc/x86_64-linux-gnu/9/../../../x86_64-linux-gnu/crti.o
 .bss           0x000000000003b3c0        0x1 /usr/lib/gcc/x86_64-linux-gnu/9/crtbeginS.o
 .bss           0x000000000003b3c1        0x0 border-router.o
 *fill*         0x000000000003b3c1       0x1f 
 .bss           0x000000000003b3e0     0x4040 build/cooja/mtype514.o
 .bss           0x000000000003f420        0x1 build/cooja/mtype514.a(simEnvChange.o)
                0x000000000003f420                simDontFallAsleep
 *fill*         0x000000000003f421        0x7 
 .bss           0x000000000003f428        0x8 build/cooja/mtype514.a(cooja_mt.o)
 .bss           0x000000000003f430        0x8 build/cooja/mtype514.a(cooja_mtarch.o)
 .bss           0x000000000003f438        0x0 build/cooja/mtype514.a(rtimer-arch.o)
 .bss           0x000000000003f438        0x0 build/cooja/mtype514.a(beep.o)
 .bss           0x000000000003f438        0x1 build/cooja/mtype514.a(leds-arch.o)
                0x000000000003f438                simLedsValue
 .bss           0x000000000003f439        0x0 build/cooja/mtype514.a(moteid.o)
 .bss           0x000000000003f439        0x1 build/cooja/mtype514.a(pir-sensor.o)
                0x000000000003f439                simPirValue
 *fill*         0x000000000003f43a        0x6 
 .bss           0x000000000003f440        0x8 build/cooja/mtype514.a(rs232.o)
 .bss           0x000000000003f448        0x1 build/cooja/mtype514.a(vib-sensor.o)
                0x000000000003f448                simVibValue
 .bss           0x000000000003f449        0x0 build/cooja/mtype514.a(clock.o)
 *fill*         0x000000000003f449       0x17 
 .bss           0x000000000003f460     0x2020 build/cooja/mtype514.a(cooja-log.o)
 .bss           0x0000000000041480      0xfc0 build/cooja/mtype514.a(cfs-cooja.o)
                0x0000000000041480                simCFSData
                0x0000000000042420                simCFSSize
                0x0000000000042424                simCFSChanged
                0x0000000000042428                simCFSRead
                0x000000000004242c                simCFSWritten
 .bss           0x0000000000042440       0x2c build/cooja/mtype514.a(cooja-radio.o)
                0x0000000000042440                simReceiving
                0x0000000000042444                simInSize
                0x0000000000042448                simLastPacketTimestamp
                0x0000000000042450                simOutSize
 .bss           0x000000000004246c        0xc build/cooja/mtype514.a(eeprom.o)
                0x000000000004246c                simEEPROMChanged
                0x0000000000042470                simEEPROMRead
                0x0000000000042474                simEEPROMWritten
 .bss           0x0000000000042478        0x0 build/cooja/mtype514.a(random.o)
 .bss           0x0000000000042478        0xc build/cooja/mtype514.a(sensors.o)
 .bss           0x0000000000042484        0x0 build/cooja/mtype514.a(leds.o)
 *fill*         0x0000000000042484       0x1c 
 .bss           0x00000000000424a0       0x40 build/cooja/mtype514.a(gpio-hal-arch.o)
 .bss           0x00000000000424e0        0x0 build/cooja/mtype514.a(buttons.o)
 .bss           0x00000000000424e0      0x118 build/cooja/mtype514.a(webserver.o)
 .bss           0x00000000000425f8        0x0 build/cooja/mtype514.a(contiki-main.o)
 .bss           0x00000000000425f8        0x0 build/cooja/mtype514.a(autostart.o)
 .bss           0x00000000000425f8        0x9 build/cooja/mtype514.a(ctimer.o)
 *fill*         0x0000000000042601        0x3 
 .bss           0x0000000000042604       0x28 build/cooja/mtype514.a(log.o)
                0x0000000000042604                curr_log_level_rpl
                0x0000000000042608                curr_log_level_ipv6
                0x000000000004260c                curr_log_level_6lowpan
                0x0000000000042610                curr_log_level_nullnet
                0x0000000000042614                curr_log_level_mac
                0x0000000000042618                curr_log_level_framer
                0x000000000004261c                curr_log_level_6top
                0x0000000000042620                curr_log_level_coap
                0x0000000000042624                curr_log_level_snmp
                0x0000000000042628                curr_log_level_lwm2m
 .bss           0x000000000004262c        0x0 build/cooja/mtype514.a(energest.o)
 *fill*         0x000000000004262c        0x4 
 .bss           0x0000000000042630       0x10 build/cooja/mtype514.a(etimer.o)
 .bss           0x0000000000042640        0x2 build/cooja/mtype514.a(node-id.o)
                0x0000000000042640                node_id
 *fill*         0x0000000000042642        0x6 
 .bss           0x0000000000042648        0x8 build/cooja/mtype514.a(rtimer.o)
 *fill*         0x0000000000042650       0x10 
 .bss           0x0000000000042660      0x321 build/cooja/mtype514.a(process.o)
                0x0000000000042660                process_list
                0x0000000000042668                process_current
 .bss           0x0000000000042981        0x0 build/cooja/mtype514.a(timer.o)
 .bss           0x0000000000042981        0x0 build/cooja/mtype514.a(list.o)
 *fill*         0x0000000000042981        0xf 
 .bss           0x0000000000042990       0x28 build/cooja/mtype514.a(button-hal.o)
 *fill*         0x00000000000429b8        0x8 
 .bss           0x00000000000429c0      0x140 build/cooja/mtype514.a(serial-line.o)
 .bss           0x0000000000042b00        0x8 build/cooja/mtype514.a(gpio-hal.o)
 *fill*         0x0000000000042b08       0x18 
 .bss           0x0000000000042b20     0x2d80 build/cooja/mtype514.a(queuebuf.o)
 .bss           0x00000000000458a0       0xa0 build/cooja/mtype514.a(packetbuf.o)
 .bss           0x0000000000045940        0x8 build/cooja/mtype514.a(netstack.o)
 .bss           0x0000000000045948        0x0 build/cooja/mtype514.a(linkaddr.o)
 .bss           0x0000000000045948        0x0 build/cooja/mtype514.a(csma.o)
 *fill*         0x0000000000045948       0x18 
 .bss           0x0000000000045960      0xd8a build/cooja/mtype514.a(csma-output.o)
 *fill*         0x00000000000466ea       0x16 
 .bss           0x0000000000046700     0x3040 build/cooja/mtype514.a(uip-sr.o)
 .bss           0x0000000000049740       0x40 build/cooja/mtype514.a(uip-ds6.o)
 .bss           0x0000000000049780       0x80 build/cooja/mtype514.a(uip-ds6-route.o)
 .bss           0x0000000000049800        0x0 build/cooja/mtype514.a(psock.o)
 .bss           0x0000000000049800      0x180 build/cooja/mtype514.a(tcpip.o)
 .bss           0x0000000000049980        0xc build/cooja/mtype514.a(uip6.o)
                0x0000000000049980                uip_ext_bitmap
                0x0000000000049982                uip_ext_len
                0x0000000000049984                uip_last_proto
 *fill*         0x000000000004998c       0x14 
 .bss           0x00000000000499a0     0x2580 build/cooja/mtype514.a(uip-ds6-nbr.o)
 .bss           0x000000000004bf20       0x20 build/cooja/mtype514.a(uip-nd6.o)
 .bss           0x000000000004bf40      0x738 build/cooja/mtype514.a(sicslowpan.o)
 .bss           0x000000000004c678        0x0 build/cooja/mtype514.a(uiplib.o)
 .bss           0x000000000004c678        0x1 build/cooja/mtype514.a(rpl.o)
 .bss           0x000000000004c679        0x0 build/cooja/mtype514.a(rpl-icmp6.o)
 *fill*         0x000000000004c679        0x7 
 .bss           0x000000000004c680       0x11 build/cooja/mtype514.a(rpl-dag-root.o)
 *fill*         0x000000000004c691        0xf 
 .bss           0x000000000004c6a0       0x10 build/cooja/mtype514.a(slip-bridge.o)
 *fill*         0x000000000004c6b0       0x10 
 .bss           0x000000000004c6c0      0x540 build/cooja/mtype514.a(slip.o)
 .bss           0x000000000004cc00        0x0 build/cooja/mtype514.a(watchdog.o)
 .bss           0x000000000004cc00        0x4 build/cooja/mtype514.a(int-master.o)
 .bss           0x000000000004cc04        0x0 build/cooja/mtype514.a(slip-arch.o)
 *fill*         0x000000000004cc04       0x1c 
 .bss           0x000000000004cc20      0x1a0 build/cooja/mtype514.a(httpd-simple.o)
 .bss           0x000000000004cdc0        0x0 build/cooja/mtype514.a(rpl-border-rout)
 .bss           0x000000000004cdc0        0x0 build/cooja/mtype514.a(stimer.o)