Archive member included because of file (symbol)

build/sky/contiki-ng-sky.a(uart1-putchar.o)
                              build/sky/obj/contiki-main.o (putchar)
build/sky/contiki-ng-sky.a(platform.o)
                              build/sky/obj/contiki-main.o (platform_init_stage_one)
build/sky/contiki-ng-sky.a(msp430.o)
                              build/sky/contiki-ng-sky.a(platform.o) (msp430_dco_required)
build/sky/contiki-ng-sky.a(clock.o)
                              build/sky/obj/contiki-main.o (clock_init)
build/sky/contiki-ng-sky.a(leds.o)
                              build/sky/contiki-ng-sky.a(platform.o) (leds_init)
build/sky/contiki-ng-sky.a(leds-arch.o)
                              build/sky/contiki-ng-sky.a(leds.o) (leds_arch_init)
build/sky/contiki-ng-sky.a(watchdog.o)
                              build/sky/obj/contiki-main.o (watchdog_start)
build/sky/contiki-ng-sky.a(rpl-border-rout)
                              build/sky/obj/contiki-main.o (rpl_border_router_init)
build/sky/contiki-ng-sky.a(autostart.o)
                              build/sky/obj/contiki-main.o (autostart_start)
build/sky/contiki-ng-sky.a(ctimer.o)
                              build/sky/obj/contiki-main.o (ctimer_init)
build/sky/contiki-ng-sky.a(log.o)
                              build/sky/obj/contiki-main.o (log_6addr)
build/sky/contiki-ng-sky.a(energest.o)
                              build/sky/obj/contiki-main.o (energest_init)
build/sky/contiki-ng-sky.a(etimer.o)
                              build/sky/contiki-ng-sky.a(clock.o) (etimer_request_poll)
build/sky/contiki-ng-sky.a(node-id.o)
                              build/sky/obj/contiki-main.o (node_id_init)
build/sky/contiki-ng-sky.a(rtimer.o)
                              build/sky/obj/contiki-main.o (rtimer_init)
build/sky/contiki-ng-sky.a(process.o)
                              build/sky/contiki-ng-sky.a(ctimer.o) (process_current)
build/sky/contiki-ng-sky.a(timer.o)
                              build/sky/contiki-ng-sky.a(platform.o) (timer_set)
build/sky/contiki-ng-sky.a(list.o)
                              build/sky/contiki-ng-sky.a(ctimer.o) (list_init)
build/sky/contiki-ng-sky.a(random.o)
                              build/sky/contiki-ng-sky.a(platform.o) (random_init)
build/sky/contiki-ng-sky.a(queuebuf.o)
                              build/sky/obj/contiki-main.o (queuebuf_init)
build/sky/contiki-ng-sky.a(packetbuf.o)
                              build/sky/contiki-ng-sky.a(queuebuf.o) (packetbuf_copyto)
build/sky/contiki-ng-sky.a(netstack.o)
                              build/sky/obj/contiki-main.o (netstack_init)
build/sky/contiki-ng-sky.a(linkaddr.o)
                              build/sky/contiki-ng-sky.a(platform.o) (linkaddr_copy)
build/sky/contiki-ng-sky.a(csma.o)
                              build/sky/obj/contiki-main.o (csma_driver)
build/sky/contiki-ng-sky.a(csma-output.o)
                              build/sky/contiki-ng-sky.a(csma.o) (csma_output_packet)
build/sky/contiki-ng-sky.a(uip-ds6.o)
                              build/sky/contiki-ng-sky.a(rpl-border-rout) (uip_ds6_if)
build/sky/contiki-ng-sky.a(uip-ds6-route.o)
                              build/sky/contiki-ng-sky.a(uip-ds6.o) (uip_ds6_route_init)
build/sky/contiki-ng-sky.a(tcpip.o)
                              build/sky/obj/contiki-main.o (tcpip_process)
build/sky/contiki-ng-sky.a(uip6.o)
                              build/sky/contiki-ng-sky.a(tcpip.o) (uip_aligned_buf)
build/sky/contiki-ng-sky.a(uip-ds6-nbr.o)
                              build/sky/contiki-ng-sky.a(uip-ds6.o) (uip_ds6_neighbors_init)
build/sky/contiki-ng-sky.a(uip-nd6.o)
                              build/sky/contiki-ng-sky.a(uip6.o) (uip_nd6_init)
build/sky/contiki-ng-sky.a(sicslowpan.o)
                              build/sky/obj/contiki-main.o (sicslowpan_driver)
build/sky/contiki-ng-sky.a(uiplib.o)
                              build/sky/contiki-ng-sky.a(tcpip.o) (uiplib_ip6addrconv)
build/sky/contiki-ng-sky.a(rpl.o)
                              build/sky/obj/contiki-main.o (rpl_lite_driver)
build/sky/contiki-ng-sky.a(rpl-icmp6.o)
                              build/sky/contiki-ng-sky.a(rpl.o) (rpl_icmp6_init)
build/sky/contiki-ng-sky.a(rpl-dag-root.o)
                              build/sky/contiki-ng-sky.a(rpl.o) (rpl_dag_root_set_prefix)
build/sky/contiki-ng-sky.a(slip-bridge.o)
                              build/sky/contiki-ng-sky.a(tcpip.o) (rpl_interface)
build/sky/contiki-ng-sky.a(border-router-e)
                              build/sky/contiki-ng-sky.a(rpl-border-rout) (border_router_process)
build/sky/contiki-ng-sky.a(contiki-sky-pla)
                              build/sky/contiki-ng-sky.a(platform.o) (init_platform)
build/sky/contiki-ng-sky.a(button-sensor.o)
                              build/sky/contiki-ng-sky.a(border-router-e) (button_sensor)
build/sky/contiki-ng-sky.a(ds2411.o)
                              build/sky/contiki-ng-sky.a(platform.o) (ds2411_init)
[...]
Memory Configuration

Name             Origin             Length             Attributes
sfr              0x0000000000000000 0x0000000000000010
peripheral_8bit  0x0000000000000010 0x00000000000000f0
peripheral_16bit 0x0000000000000100 0x0000000000000100
ram_mirror       0x0000000000000200 0x0000000000000800 xw
infomem          0x0000000000001000 0x0000000000000100
infob            0x0000000000001000 0x0000000000000080
infoa            0x0000000000001080 0x0000000000000080
ram              0x0000000000001100 0x0000000000002800 xw
rom              0x0000000000004000 0x000000000000bfe0 xr
vectors          0x000000000000ffe0 0x0000000000000020
bsl              0x0000000000000000 0x0000000000000000
infoc            0x0000000000000000 0x0000000000000000
infod            0x0000000000000000 0x0000000000000000
ram2             0x0000000000000000 0x0000000000000000 xw
usbram           0x0000000000000000 0x0000000000000000 xw
far_rom          0x0000000000000000 0x0000000000000000
*default*        0x0000000000000000 0xffffffffffffffff

Linker script and memory map

LOAD /opt/mspgcc/bin/../lib/gcc/msp430/4.7.3/mmpy-16/crt0ivtbl16.o
                0x0000000000002a14                _stack = _end
LOAD border-router.o
LOAD build/sky/obj/contiki-main.o
LOAD build/sky/contiki-ng-sky.a
LOAD /opt/mspgcc/bin/../lib/gcc/msp430/4.7.3/mmpy-16/libgcc.a
LOAD /opt/mspgcc/bin/../lib/gcc/msp430/4.7.3/../../../../msp430/lib/mmpy-16/libc.a
LOAD /opt/mspgcc/bin/../lib/gcc/msp430/4.7.3/mmpy-16/libgcc.a
LOAD /opt/mspgcc/bin/../lib/gcc/msp430/4.7.3/mmpy-16/libcrt0.a
                0x0000000000000080                PROVIDE (__info_segment_size, 0x80)
                0x0000000000001000                PROVIDE (__infob, 0x1000)
                0x0000000000001080                PROVIDE (__infoa, 0x1080)
                0x0000000000000000                __IE1 = 0x0
                0x0000000000000002                __IFG1 = 0x2
                0x0000000000000004                __ME1 = 0x4
                0x0000000000000001                __IE2 = 0x1
                0x0000000000000003                __IFG2 = 0x3
                0x0000000000000005                __ME2 = 0x5
                0x0000000000000120                __WDTCTL = 0x120
                0x0000000000000130                __MPY = 0x130
                0x0000000000000132                __MPYS = 0x132
                0x0000000000000134                __MAC = 0x134
                0x0000000000000136                __MACS = 0x136
                0x0000000000000138                __OP2 = 0x138
                0x000000000000013a                __RESLO = 0x13a
                0x000000000000013c                __RESHI = 0x13c
                0x000000000000013e                __SUMEXT = 0x13e
                0x0000000000000020                __P1IN = 0x20
                0x0000000000000021                __P1OUT = 0x21
                0x0000000000000022                __P1DIR = 0x22
                0x0000000000000023                __P1IFG = 0x23
                0x0000000000000024                __P1IES = 0x24
                0x0000000000000025                __P1IE = 0x25
                0x0000000000000026                __P1SEL = 0x26
                0x0000000000000028                __P2IN = 0x28
                0x0000000000000029                __P2OUT = 0x29
                0x000000000000002a                __P2DIR = 0x2a
                0x000000000000002b                __P2IFG = 0x2b
                0x000000000000002c                __P2IES = 0x2c
                0x000000000000002d                __P2IE = 0x2d
                0x000000000000002e                __P2SEL = 0x2e
                0x0000000000000018                __P3IN = 0x18
                0x0000000000000019                __P3OUT = 0x19
                0x000000000000001a                __P3DIR = 0x1a
                0x000000000000001b                __P3SEL = 0x1b
                0x000000000000001c                __P4IN = 0x1c
                0x000000000000001d                __P4OUT = 0x1d
                0x000000000000001e                __P4DIR = 0x1e
                0x000000000000001f                __P4SEL = 0x1f
                0x0000000000000030                __P5IN = 0x30
                0x0000000000000031                __P5OUT = 0x31
                0x0000000000000032                __P5DIR = 0x32
                0x0000000000000033                __P5SEL = 0x33
                0x0000000000000034                __P6IN = 0x34
                0x0000000000000035                __P6OUT = 0x35
                0x0000000000000036                __P6DIR = 0x36
                0x0000000000000037                __P6SEL = 0x37
                0x0000000000000070                __U0CTL = 0x70
                0x0000000000000071                __U0TCTL = 0x71
                0x0000000000000072                __U0RCTL = 0x72
                0x0000000000000073                __U0MCTL = 0x73
                0x0000000000000074                __U0BR0 = 0x74
                0x0000000000000075                __U0BR1 = 0x75
                0x0000000000000076                __U0RXBUF = 0x76
                0x0000000000000077                __U0TXBUF = 0x77
                0x0000000000000078                __U1CTL = 0x78
                0x0000000000000079                __U1TCTL = 0x79
                0x000000000000007a                __U1RCTL = 0x7a
                0x000000000000007b                __U1MCTL = 0x7b
                0x000000000000007c                __U1BR0 = 0x7c
                0x000000000000007d                __U1BR1 = 0x7d
                0x000000000000007e                __U1RXBUF = 0x7e
                0x000000000000007f                __U1TXBUF = 0x7f
                0x0000000000000050                __I2CIE = 0x50
                0x0000000000000051                __I2CIFG = 0x51
                0x0000000000000052                __I2CNDAT = 0x52
                0x0000000000000071                __I2CTCTL = 0x71
                0x0000000000000072                __I2CDCTL = 0x72
                0x0000000000000073                __I2CPSC = 0x73
                0x0000000000000074                __I2CSCLH = 0x74
                0x0000000000000075                __I2CSCLL = 0x75
                0x0000000000000076                __I2CDRB = 0x76
                0x0000000000000076                __I2CDRW = 0x76
                0x0000000000000118                __I2COA = 0x118
                0x000000000000011a                __I2CSA = 0x11a
                0x000000000000011c                __I2CIV = 0x11c
                0x000000000000012e                __TAIV = 0x12e
                0x0000000000000160                __TACTL = 0x160
                0x0000000000000162                __TACCTL0 = 0x162
                0x0000000000000164                __TACCTL1 = 0x164
                0x0000000000000166                __TACCTL2 = 0x166
                0x0000000000000170                __TAR = 0x170
                0x0000000000000172                __TACCR0 = 0x172
                0x0000000000000174                __TACCR1 = 0x174
                0x0000000000000176                __TACCR2 = 0x176
                0x000000000000011e                __TBIV = 0x11e
                0x0000000000000180                __TBCTL = 0x180
                0x0000000000000182                __TBCCTL0 = 0x182
                0x0000000000000184                __TBCCTL1 = 0x184
                0x0000000000000186                __TBCCTL2 = 0x186
                0x0000000000000188                __TBCCTL3 = 0x188
                0x000000000000018a                __TBCCTL4 = 0x18a
                0x000000000000018c                __TBCCTL5 = 0x18c
                0x000000000000018e                __TBCCTL6 = 0x18e
                0x0000000000000190                __TBR = 0x190
                0x0000000000000192                __TBCCR0 = 0x192
                0x0000000000000194                __TBCCR1 = 0x194
                0x0000000000000196                __TBCCR2 = 0x196
                0x0000000000000198                __TBCCR3 = 0x198
                0x000000000000019a                __TBCCR4 = 0x19a
                0x000000000000019c                __TBCCR5 = 0x19c
                0x000000000000019e                __TBCCR6 = 0x19e
                0x0000000000000056                __DCOCTL = 0x56
                0x0000000000000057                __BCSCTL1 = 0x57
                0x0000000000000058                __BCSCTL2 = 0x58
                0x0000000000000055                __SVSCTL = 0x55
                0x0000000000000128                __FCTL1 = 0x128
                0x000000000000012a                __FCTL2 = 0x12a
                0x000000000000012c                __FCTL3 = 0x12c
                0x0000000000000059                __CACTL1 = 0x59
                0x000000000000005a                __CACTL2 = 0x5a
                0x000000000000005b                __CAPD = 0x5b
                0x00000000000001a0                __ADC12CTL0 = 0x1a0
                0x00000000000001a2                __ADC12CTL1 = 0x1a2
                0x00000000000001a4                __ADC12IFG = 0x1a4
                0x00000000000001a6                __ADC12IE = 0x1a6
                0x00000000000001a8                __ADC12IV = 0x1a8
                0x0000000000000140                __ADC12MEM0 = 0x140
                0x0000000000000142                __ADC12MEM1 = 0x142
                0x0000000000000144                __ADC12MEM2 = 0x144
                0x0000000000000146                __ADC12MEM3 = 0x146
                0x0000000000000148                __ADC12MEM4 = 0x148
                0x000000000000014a                __ADC12MEM5 = 0x14a
                0x000000000000014c                __ADC12MEM6 = 0x14c
                0x000000000000014e                __ADC12MEM7 = 0x14e
                0x0000000000000150                __ADC12MEM8 = 0x150
                0x0000000000000152                __ADC12MEM9 = 0x152
                0x0000000000000154                __ADC12MEM10 = 0x154
                0x0000000000000156                __ADC12MEM11 = 0x156
                0x0000000000000158                __ADC12MEM12 = 0x158
                0x000000000000015a                __ADC12MEM13 = 0x15a
                0x000000000000015c                __ADC12MEM14 = 0x15c
                0x000000000000015e                __ADC12MEM15 = 0x15e
                0x0000000000000080                __ADC12MCTL0 = 0x80
                0x0000000000000081                __ADC12MCTL1 = 0x81
                0x0000000000000082                __ADC12MCTL2 = 0x82
                0x0000000000000083                __ADC12MCTL3 = 0x83
                0x0000000000000084                __ADC12MCTL4 = 0x84
                0x0000000000000085                __ADC12MCTL5 = 0x85
                0x0000000000000086                __ADC12MCTL6 = 0x86
                0x0000000000000087                __ADC12MCTL7 = 0x87
                0x0000000000000088                __ADC12MCTL8 = 0x88
                0x0000000000000089                __ADC12MCTL9 = 0x89
                0x000000000000008a                __ADC12MCTL10 = 0x8a
                0x000000000000008b                __ADC12MCTL11 = 0x8b
                0x000000000000008c                __ADC12MCTL12 = 0x8c
                0x000000000000008d                __ADC12MCTL13 = 0x8d
                0x000000000000008e                __ADC12MCTL14 = 0x8e
                0x000000000000008f                __ADC12MCTL15 = 0x8f
                0x00000000000001c0                __DAC12_0CTL = 0x1c0
                0x00000000000001c2                __DAC12_1CTL = 0x1c2
                0x00000000000001c8                __DAC12_0DAT = 0x1c8
                0x00000000000001ca                __DAC12_1DAT = 0x1ca
                0x0000000000000122                __DMACTL0 = 0x122
                0x0000000000000124                __DMACTL1 = 0x124
                0x00000000000001e0                __DMA0CTL = 0x1e0
                0x00000000000001e8                __DMA1CTL = 0x1e8
                0x00000000000001f0                __DMA2CTL = 0x1f0
                0x00000000000001e2                __DMA0SA = 0x1e2
                0x00000000000001e4                __DMA0DA = 0x1e4
                0x00000000000001e6                __DMA0SZ = 0x1e6
                0x00000000000001ea                __DMA1SA = 0x1ea
                0x00000000000001ec                __DMA1DA = 0x1ec
                0x00000000000001ee                __DMA1SZ = 0x1ee
                0x00000000000001f2                __DMA2SA = 0x1f2
                0x00000000000001f4                __DMA2DA = 0x1f4
                0x00000000000001f6                __DMA2SZ = 0x1f6

.hash
 *(.hash)

.dynsym
 *(.dynsym)

.dynstr
 *(.dynstr)

.gnu.version
 *(.gnu.version)

.gnu.version_d
 *(.gnu.version_d)

.gnu.version_r
 *(.gnu.version_r)

.rel.init
 *(.rel.init)

.rela.init
 *(.rela.init)

.rel.fini
 *(.rel.fini)

.rela.fini
 *(.rela.fini)

.rel.text
 *(.rel.text .rel.text.* .rel.gnu.linkonce.t.*)

.rela.text
 *(.rela.text .rela.text.* .rela.gnu.linkonce.t.*)

.rel.rodata
 *(.rel.rodata .rel.rodata.* .rel.gnu.linkonce.r.*)

.rela.rodata
 *(.rela.rodata .rela.rodata.* .rela.gnu.linkonce.r.*)

.rel.data
 *(.rel.data .rel.data.* .rel.gnu.linkonce.d.*)

.rela.data
 *(.rela.data .rela.data.* .rela.gnu.linkonce.d.*)

.rel.bss
 *(.rel.bss .rel.bss.* .rel.gnu.linkonce.b.*)

.rela.bss
 *(.rela.bss .rela.bss.* .rela.gnu.linkonce.b.*)

.rel.ctors
 *(.rel.ctors)

.rela.ctors
 *(.rela.ctors)

.rel.dtors
 *(.rel.dtors)

.rela.dtors
 *(.rela.dtors)

.rel.got
 *(.rel.got)

.rela.got
 *(.rela.got)

.rel.plt
 *(.rel.plt)

.rela.plt
 *(.rela.plt)

.text           0x0000000000004000     0xa732
                0x0000000000004000                . = ALIGN (0x2)
 *(.init .init.*)
 *(.init0)
 .init0         0x0000000000004000        0x0 /opt/mspgcc/bin/../lib/gcc/msp430/4.7.3/mmpy-16/libcrt0.a(_reset_vector__.o)
                0x0000000000004000                _reset_vector__
 *(.init1)
 .init1         0x0000000000004000        0xc /opt/mspgcc/bin/../lib/gcc/msp430/4.7.3/mmpy-16/libcrt0.a(__watchdog_support.o)
                0x0000000000004000                __watchdog_support
 *(.init2)
 .init2         0x000000000000400c        0x4 /opt/mspgcc/bin/../lib/gcc/msp430/4.7.3/mmpy-16/libcrt0.a(__init_stack.o)
                0x000000000000400c                __init_stack
 *(.init3)
 .init3         0x0000000000004010        0x0 /opt/mspgcc/bin/../lib/gcc/msp430/4.7.3/mmpy-16/libcrt0.a(__low_level_init.o)
                0x0000000000004010                __low_level_init
 *(.init4)
 .init4         0x0000000000004010       0x18 /opt/mspgcc/bin/../lib/gcc/msp430/4.7.3/mmpy-16/libcrt0.a(_copy_data.o)
                0x0000000000004010                __do_copy_data
 .init4         0x0000000000004028       0x16 /opt/mspgcc/bin/../lib/gcc/msp430/4.7.3/mmpy-16/libcrt0.a(_clear_bss.o)
                0x0000000000004028                __do_clear_bss
 *(.init5)
 *(.init6)
 *(.init7)
 *(.init8)
 *(.init9)
 .init9         0x000000000000403e      0x232 build/sky/obj/contiki-main.o
                0x000000000000403e                main
 *(.fini9)
 .fini9         0x0000000000004270        0x0 /opt/mspgcc/bin/../lib/gcc/msp430/4.7.3/mmpy-16/libcrt0.a(__stop_progExec__.o)
                0x0000000000004270                __stop_progExec__
 *(.fini8)
 *(.fini7)
 *(.fini6)
 *(.fini5)
 *(.fini4)
 *(.fini3)
 *(.fini2)
 *(.fini1)
 *(.fini0)
 .fini0         0x0000000000004270        0x6 /opt/mspgcc/bin/../lib/gcc/msp430/4.7.3/mmpy-16/libcrt0.a(_endless_loop__.o)
                0x0000000000004270                _endless_loop__
 *(.fini .fini.*)
                0x0000000000004276                . = ALIGN (0x2)
                0x0000000000004276                __ctors_start = .
 *(.ctors)
                0x0000000000004276                __ctors_end = .
                0x0000000000004276                __dtors_start = .
 *(.dtors)
                0x0000000000004276                __dtors_end = .
                0x0000000000004276                . = ALIGN (0x2)
 *(.text .text.* .gnu.linkonce.t.*)
 .text          0x0000000000004276        0x4 /opt/mspgcc/bin/../lib/gcc/msp430/4.7.3/mmpy-16/crt0ivtbl16.o
                0x0000000000004276                __isr_14
                0x0000000000004276                __isr_11
                0x0000000000004276                __isr_2
                0x0000000000004276                __isr_7
                0x0000000000004276                __isr_0
                0x0000000000004276                __isr_8
                0x0000000000004276                __isr_3
                0x0000000000004276                __isr_12
                0x0000000000004276                __isr_13
                0x0000000000004276                __isr_9
 .text.process_thread_contiki_ng_br
                0x000000000000427a       0x32 border-router.o
 .text.putchar  0x00000000000042ac       0x3c build/sky/contiki-ng-sky.a(uart1-putchar.o)
                0x00000000000042ac                putchar
 .text.platform_init_stage_one
                0x00000000000042e8       0x12 build/sky/contiki-ng-sky.a(platform.o)
                0x00000000000042e8                platform_init_stage_one
 .text.platform_init_stage_two
                0x00000000000042fa       0x64 build/sky/contiki-ng-sky.a(platform.o)
                0x00000000000042fa                platform_init_stage_two
 .text.platform_init_stage_three
                0x000000000000435e       0x7a build/sky/contiki-ng-sky.a(platform.o)
                0x000000000000435e                platform_init_stage_three
 .text.platform_idle
                0x00000000000043d8       0x54 build/sky/contiki-ng-sky.a(platform.o)
                0x00000000000043d8                platform_idle
 .text.msp430_init_dco
                0x000000000000442c       0x82 build/sky/contiki-ng-sky.a(msp430.o)
                0x000000000000442c                msp430_init_dco
 .text.msp430_add_lpm_req
                0x00000000000044ae        0xc build/sky/contiki-ng-sky.a(msp430.o)
                0x00000000000044ae                msp430_add_lpm_req
 .text.msp430_cpu_init
                0x00000000000044ba       0x2a build/sky/contiki-ng-sky.a(msp430.o)
                0x00000000000044ba                msp430_cpu_init
 .text.splhigh_
                0x00000000000044e4        0x8 build/sky/contiki-ng-sky.a(msp430.o)
                0x00000000000044e4                splhigh_
 .text.msp430_sync_dco
                0x00000000000044ec       0x6c build/sky/contiki-ng-sky.a(msp430.o)
                0x00000000000044ec                msp430_sync_dco
 .text.timera1  0x0000000000004558       0xdc build/sky/contiki-ng-sky.a(clock.o)
                0x0000000000004558                __isr_5
                0x0000000000004558                timera1
 .text.clock_time
                0x0000000000004634       0x1a build/sky/contiki-ng-sky.a(clock.o)
                0x0000000000004634                clock_time
 .text.clock_init
                0x000000000000464e       0x28 build/sky/contiki-ng-sky.a(clock.o)
                0x000000000000464e                clock_init
 .text.clock_delay
                0x0000000000004676        0xc build/sky/contiki-ng-sky.a(clock.o)
                0x0000000000004676                clock_delay
 .text.clock_seconds
                0x0000000000004682       0x1a build/sky/contiki-ng-sky.a(clock.o)
                0x0000000000004682                clock_seconds
 .text.leds_init
                0x000000000000469c        0x6 build/sky/contiki-ng-sky.a(leds.o)
                0x000000000000469c                leds_init
 .text.leds_on  0x00000000000046a2       0x12 build/sky/contiki-ng-sky.a(leds.o)
                0x00000000000046a2                leds_on
 .text.leds_off
                0x00000000000046b4       0x12 build/sky/contiki-ng-sky.a(leds.o)
                0x00000000000046b4                leds_off
 .text.leds_arch_init
                0x00000000000046c6        0xe build/sky/contiki-ng-sky.a(leds-arch.o)
                0x00000000000046c6                leds_arch_init
 .text.leds_arch_get
                0x00000000000046d4       0x34 build/sky/contiki-ng-sky.a(leds-arch.o)
                0x00000000000046d4                leds_arch_get
 .text.leds_arch_set
                0x0000000000004708       0x3e build/sky/contiki-ng-sky.a(leds-arch.o)
                0x0000000000004708                leds_arch_set
 .text.watchdog_interrupt
                0x0000000000004746        0x6 build/sky/contiki-ng-sky.a(watchdog.o)
                0x0000000000004746                __isr_10
                0x0000000000004746                watchdog_interrupt
 .text.watchdog_start
                0x000000000000474c       0x14 build/sky/contiki-ng-sky.a(watchdog.o)
                0x000000000000474c                watchdog_start
 .text.watchdog_periodic
                0x0000000000004760       0x12 build/sky/contiki-ng-sky.a(watchdog.o)
                0x0000000000004760                watchdog_periodic
 .text.watchdog_stop
                0x0000000000004772       0x16 build/sky/contiki-ng-sky.a(watchdog.o)
                0x0000000000004772                watchdog_stop
 .text.watchdog_init
                0x0000000000004788       0x12 build/sky/contiki-ng-sky.a(watchdog.o)
                0x0000000000004788                watchdog_init
 .text.print_local_addresses
                0x000000000000479a       0x8e build/sky/contiki-ng-sky.a(rpl-border-rout)
                0x000000000000479a                print_local_addresses
 .text.set_prefix_64
                0x0000000000004828       0x16 build/sky/contiki-ng-sky.a(rpl-border-rout)
                0x0000000000004828                set_prefix_64
 .text.rpl_border_router_init
                0x000000000000483e        0xc build/sky/contiki-ng-sky.a(rpl-border-rout)
                0x000000000000483e                rpl_border_router_init
 .text.autostart_start
                0x000000000000484a       0x16 build/sky/contiki-ng-sky.a(autostart.o)
                0x000000000000484a                autostart_start
 .text.process_thread_ctimer_process
                0x0000000000004860       0xa8 build/sky/contiki-ng-sky.a(ctimer.o)
 .text.ctimer_init
                0x0000000000004908       0x18 build/sky/contiki-ng-sky.a(ctimer.o)
                0x0000000000004908                ctimer_init
 .text.ctimer_set_with_process
                0x0000000000004920       0x4e build/sky/contiki-ng-sky.a(ctimer.o)
                0x0000000000004920                ctimer_set_with_process
 .text.ctimer_set
                0x000000000000496e       0x10 build/sky/contiki-ng-sky.a(ctimer.o)
                0x000000000000496e                ctimer_set
 .text.ctimer_reset
                0x000000000000497e       0x30 build/sky/contiki-ng-sky.a(ctimer.o)
                0x000000000000497e                ctimer_reset
 .text.ctimer_stop
                0x00000000000049ae       0x28 build/sky/contiki-ng-sky.a(ctimer.o)
                0x00000000000049ae                ctimer_stop
 .text.ctimer_expired
                0x00000000000049d6       0x30 build/sky/contiki-ng-sky.a(ctimer.o)
                0x00000000000049d6                ctimer_expired
 .text.log_6addr
                0x0000000000004a06       0x32 build/sky/contiki-ng-sky.a(log.o)
                0x0000000000004a06                log_6addr
 .text.log_lladdr
                0x0000000000004a38       0x44 build/sky/contiki-ng-sky.a(log.o)
                0x0000000000004a38                log_lladdr
 .text.energest_init
                0x0000000000004a7c        0x2 build/sky/contiki-ng-sky.a(energest.o)
                0x0000000000004a7c                energest_init
 .text.energest_flush
                0x0000000000004a7e        0x2 build/sky/contiki-ng-sky.a(energest.o)
                0x0000000000004a7e                energest_flush
 .text.update_time
                0x0000000000004a80       0x78 build/sky/contiki-ng-sky.a(etimer.o)
 .text.etimer_request_poll
                0x0000000000004af8        0xa build/sky/contiki-ng-sky.a(etimer.o)
                0x0000000000004af8                etimer_request_poll
 .text.process_thread_etimer_process
                0x0000000000004b02       0xcc build/sky/contiki-ng-sky.a(etimer.o)
 .text.add_timer
                0x0000000000004bce       0x40 build/sky/contiki-ng-sky.a(etimer.o)
 .text.etimer_set
                0x0000000000004c0e       0x12 build/sky/contiki-ng-sky.a(etimer.o)
                0x0000000000004c0e                etimer_set
 .text.etimer_reset
                0x0000000000004c20       0x12 build/sky/contiki-ng-sky.a(etimer.o)
                0x0000000000004c20                etimer_reset
 .text.etimer_expired
                0x0000000000004c32        0xe build/sky/contiki-ng-sky.a(etimer.o)
                0x0000000000004c32                etimer_expired
 .text.etimer_pending
                0x0000000000004c40        0xc build/sky/contiki-ng-sky.a(etimer.o)
                0x0000000000004c40                etimer_pending
 .text.etimer_next_expiration_time
                0x0000000000004c4c       0x16 build/sky/contiki-ng-sky.a(etimer.o)
                0x0000000000004c4c                etimer_next_expiration_time
 .text.etimer_stop
                0x0000000000004c62       0x3e build/sky/contiki-ng-sky.a(etimer.o)
                0x0000000000004c62                etimer_stop
 .text.node_id_init
                0x0000000000004ca0       0x14 build/sky/contiki-ng-sky.a(node-id.o)
                0x0000000000004ca0                node_id_init
 .text.rtimer_init
                0x0000000000004cb4        0x6 build/sky/contiki-ng-sky.a(rtimer.o)
                0x0000000000004cb4                rtimer_init
 .text.rtimer_run_next
                0x0000000000004cba       0x26 build/sky/contiki-ng-sky.a(rtimer.o)
                0x0000000000004cba                rtimer_run_next
 .text.call_process
                0x0000000000004ce0       0x46 build/sky/contiki-ng-sky.a(process.o)
 .text.exit_process
                0x0000000000004d26       0x96 build/sky/contiki-ng-sky.a(process.o)
 .text.do_poll  0x0000000000004dbc       0x30 build/sky/contiki-ng-sky.a(process.o)
 .text.process_alloc_event
                0x0000000000004dec        0xe build/sky/contiki-ng-sky.a(process.o)
                0x0000000000004dec                process_alloc_event
 .text.process_init
                0x0000000000004dfa       0x18 build/sky/contiki-ng-sky.a(process.o)
                0x0000000000004dfa                process_init
 .text.process_run
                0x0000000000004e12       0x92 build/sky/contiki-ng-sky.a(process.o)
                0x0000000000004e12                process_run
 .text.process_nevents
                0x0000000000004ea4        0xe build/sky/contiki-ng-sky.a(process.o)
                0x0000000000004ea4                process_nevents
 .text.process_post
                0x0000000000004eb2       0x42 build/sky/contiki-ng-sky.a(process.o)
                0x0000000000004eb2                process_post
 .text.process_post_synch
                0x0000000000004ef4       0x12 build/sky/contiki-ng-sky.a(process.o)
                0x0000000000004ef4                process_post_synch
 .text.process_start
                0x0000000000004f06       0x36 build/sky/contiki-ng-sky.a(process.o)
                0x0000000000004f06                process_start
 .text.process_poll
                0x0000000000004f3c       0x18 build/sky/contiki-ng-sky.a(process.o)
                0x0000000000004f3c                process_poll
 .text.timer_set
                0x0000000000004f54       0x1c build/sky/contiki-ng-sky.a(timer.o)
                0x0000000000004f54                timer_set
 .text.timer_expired
                0x0000000000004f70       0x2a build/sky/contiki-ng-sky.a(timer.o)
                0x0000000000004f70                timer_expired
 .text.timer_reset
                0x0000000000004f9a       0x1c build/sky/contiki-ng-sky.a(timer.o)
                0x0000000000004f9a                timer_reset
 .text.list_init
                0x0000000000004fb6        0x6 build/sky/contiki-ng-sky.a(list.o)
                0x0000000000004fb6                list_init
 .text.list_head
                0x0000000000004fbc        0x4 build/sky/contiki-ng-sky.a(list.o)
                0x0000000000004fbc                list_head
 .text.list_tail
                0x0000000000004fc0       0x12 build/sky/contiki-ng-sky.a(list.o)
                0x0000000000004fc0                list_tail
 .text.list_remove
                0x0000000000004fd2       0x34 build/sky/contiki-ng-sky.a(list.o)
                0x0000000000004fd2                list_remove
 .text.list_push
                0x0000000000005006       0x1a build/sky/contiki-ng-sky.a(list.o)
                0x0000000000005006                list_push
 .text.list_add
                0x0000000000005020       0x2a build/sky/contiki-ng-sky.a(list.o)
                0x0000000000005020                list_add
 .text.list_length
                0x000000000000504a       0x10 build/sky/contiki-ng-sky.a(list.o)
                0x000000000000504a                list_length
 .text.list_item_next
                0x000000000000505a        0xc build/sky/contiki-ng-sky.a(list.o)
                0x000000000000505a                list_item_next
 .text.random_init
                0x0000000000005066        0x6 build/sky/contiki-ng-sky.a(random.o)
                0x0000000000005066                random_init
 .text.random_rand
                0x000000000000506c        0x6 build/sky/contiki-ng-sky.a(random.o)
                0x000000000000506c                random_rand
 .text.queuebuf_init
                0x0000000000005072       0x12 build/sky/contiki-ng-sky.a(queuebuf.o)
                0x0000000000005072                queuebuf_init
 .text.queuebuf_numfree
                0x0000000000005084        0xa build/sky/contiki-ng-sky.a(queuebuf.o)
                0x0000000000005084                queuebuf_numfree
 .text.queuebuf_new_from_packetbuf
                0x000000000000508e       0x52 build/sky/contiki-ng-sky.a(queuebuf.o)
                0x000000000000508e                queuebuf_new_from_packetbuf
 .text.queuebuf_update_attr_from_packetbuf
                0x00000000000050e0       0x12 build/sky/contiki-ng-sky.a(queuebuf.o)
                0x00000000000050e0                queuebuf_update_attr_from_packetbuf
 .text.queuebuf_free
                0x00000000000050f2       0x2a build/sky/contiki-ng-sky.a(queuebuf.o)
                0x00000000000050f2                queuebuf_free
 .text.queuebuf_to_packetbuf
                0x000000000000511c       0x32 build/sky/contiki-ng-sky.a(queuebuf.o)
                0x000000000000511c                queuebuf_to_packetbuf
 .text.packetbuf_hdrreduce
                0x000000000000514e       0x1a build/sky/contiki-ng-sky.a(packetbuf.o)
                0x000000000000514e                packetbuf_hdrreduce
 .text.packetbuf_set_datalen
                0x0000000000005168        0x6 build/sky/contiki-ng-sky.a(packetbuf.o)
                0x0000000000005168                packetbuf_set_datalen
 .text.packetbuf_hdrptr
                0x000000000000516e        0x6 build/sky/contiki-ng-sky.a(packetbuf.o)
                0x000000000000516e                packetbuf_hdrptr
 .text.packetbuf_datalen
                0x0000000000005174        0x6 build/sky/contiki-ng-sky.a(packetbuf.o)
                0x0000000000005174                packetbuf_datalen
 .text.packetbuf_hdrlen
                0x000000000000517a        0xa build/sky/contiki-ng-sky.a(packetbuf.o)
                0x000000000000517a                packetbuf_hdrlen
 .text.packetbuf_dataptr
                0x0000000000005184        0xc build/sky/contiki-ng-sky.a(packetbuf.o)
                0x0000000000005184                packetbuf_dataptr
 .text.packetbuf_copyto
                0x0000000000005190       0x46 build/sky/contiki-ng-sky.a(packetbuf.o)
                0x0000000000005190                packetbuf_copyto
 .text.packetbuf_totlen
                0x00000000000051d6        0xc build/sky/contiki-ng-sky.a(packetbuf.o)
                0x00000000000051d6                packetbuf_totlen
 .text.packetbuf_hdralloc
                0x00000000000051e2       0x3c build/sky/contiki-ng-sky.a(packetbuf.o)
                0x00000000000051e2                packetbuf_hdralloc
 .text.packetbuf_attr_clear
                0x000000000000521e       0x28 build/sky/contiki-ng-sky.a(packetbuf.o)
                0x000000000000521e                packetbuf_attr_clear
 .text.packetbuf_clear
                0x0000000000005246       0x12 build/sky/contiki-ng-sky.a(packetbuf.o)
                0x0000000000005246                packetbuf_clear
 .text.packetbuf_copyfrom
                0x0000000000005258       0x2e build/sky/contiki-ng-sky.a(packetbuf.o)
                0x0000000000005258                packetbuf_copyfrom
 .text.packetbuf_attr_copyto
                0x0000000000005286       0x22 build/sky/contiki-ng-sky.a(packetbuf.o)
                0x0000000000005286                packetbuf_attr_copyto
 .text.packetbuf_attr_copyfrom
                0x00000000000052a8       0x24 build/sky/contiki-ng-sky.a(packetbuf.o)
                0x00000000000052a8                packetbuf_attr_copyfrom
 .text.packetbuf_set_attr
                0x00000000000052cc        0xc build/sky/contiki-ng-sky.a(packetbuf.o)
                0x00000000000052cc                packetbuf_set_attr
 .text.packetbuf_attr
                0x00000000000052d8        0xa build/sky/contiki-ng-sky.a(packetbuf.o)
                0x00000000000052d8                packetbuf_attr
 .text.packetbuf_set_addr
                0x00000000000052e2       0x18 build/sky/contiki-ng-sky.a(packetbuf.o)
                0x00000000000052e2                packetbuf_set_addr
 .text.packetbuf_addr
                0x00000000000052fa       0x12 build/sky/contiki-ng-sky.a(packetbuf.o)
                0x00000000000052fa                packetbuf_addr
 .text.packetbuf_holds_broadcast
                0x000000000000530c        0xe build/sky/contiki-ng-sky.a(packetbuf.o)
                0x000000000000530c                packetbuf_holds_broadcast
 .text.netstack_process_ip_callback
                0x000000000000531a       0x4e build/sky/contiki-ng-sky.a(netstack.o)
                0x000000000000531a                netstack_process_ip_callback
 .text.netstack_init
                0x0000000000005368        0xe build/sky/contiki-ng-sky.a(netstack.o)
                0x0000000000005368                netstack_init
 .text.linkaddr_copy
                0x0000000000005376        0x8 build/sky/contiki-ng-sky.a(linkaddr.o)
                0x0000000000005376                linkaddr_copy
 .text.linkaddr_cmp
                0x000000000000537e       0x12 build/sky/contiki-ng-sky.a(linkaddr.o)
                0x000000000000537e                linkaddr_cmp
 .text.linkaddr_set_node_addr
                0x0000000000005390        0xc build/sky/contiki-ng-sky.a(linkaddr.o)
                0x0000000000005390                linkaddr_set_node_addr
 .text.on       0x000000000000539c        0x6 build/sky/contiki-ng-sky.a(csma.o)
 .text.off      0x00000000000053a2        0x6 build/sky/contiki-ng-sky.a(csma.o)
 .text.max_payload
                0x00000000000053a8       0x38 build/sky/contiki-ng-sky.a(csma.o)
 .text.send_packet
                0x00000000000053e0        0x6 build/sky/contiki-ng-sky.a(csma.o)
 .text.init     0x00000000000053e6       0x1c build/sky/contiki-ng-sky.a(csma.o)
 .text.input_packet
                0x0000000000005402       0x58 build/sky/contiki-ng-sky.a(csma.o)
 .text.schedule_transmission
                0x000000000000545a       0x70 build/sky/contiki-ng-sky.a(csma-output.o)
 .text.tx_done  0x00000000000054ca       0x9a build/sky/contiki-ng-sky.a(csma-output.o)
 .text.transmit_from_queue
                0x0000000000005564      0x1bc build/sky/contiki-ng-sky.a(csma-output.o)
 .text.csma_output_packet
                0x0000000000005720      0x184 build/sky/contiki-ng-sky.a(csma-output.o)
                0x0000000000005720                csma_output_packet
 .text.csma_output_init
                0x00000000000058a4       0x1a build/sky/contiki-ng-sky.a(csma-output.o)
                0x00000000000058a4                csma_output_init
 .text.uip_ds6_default_prefix
                0x00000000000058be        0x6 build/sky/contiki-ng-sky.a(uip-ds6.o)
                0x00000000000058be                uip_ds6_default_prefix
 .text.uip_ds6_list_loop
                0x00000000000058c4       0x92 build/sky/contiki-ng-sky.a(uip-ds6.o)
                0x00000000000058c4                uip_ds6_list_loop
 .text.uip_ds6_prefix_add
                0x0000000000005956       0x80 build/sky/contiki-ng-sky.a(uip-ds6.o)
                0x0000000000005956                uip_ds6_prefix_add
 .text.uip_ds6_is_addr_onlink
                0x00000000000059d6       0x54 build/sky/contiki-ng-sky.a(uip-ds6.o)
                0x00000000000059d6                uip_ds6_is_addr_onlink
 .text.uip_ds6_addr_lookup
                0x0000000000005a2a       0x2a build/sky/contiki-ng-sky.a(uip-ds6.o)
                0x0000000000005a2a                uip_ds6_addr_lookup
 .text.uip_ds6_get_link_local
                0x0000000000005a54       0x3e build/sky/contiki-ng-sky.a(uip-ds6.o)
                0x0000000000005a54                uip_ds6_get_link_local
 .text.uip_ds6_maddr_add
                0x0000000000005a92       0x4c build/sky/contiki-ng-sky.a(uip-ds6.o)
                0x0000000000005a92                uip_ds6_maddr_add
 .text.uip_ds6_addr_add
                0x0000000000005ade       0xc4 build/sky/contiki-ng-sky.a(uip-ds6.o)
                0x0000000000005ade                uip_ds6_addr_add
 .text.uip_ds6_maddr_rm
                0x0000000000005ba2        0xa build/sky/contiki-ng-sky.a(uip-ds6.o)
                0x0000000000005ba2                uip_ds6_maddr_rm
 .text.uip_ds6_maddr_lookup
                0x0000000000005bac       0x2a build/sky/contiki-ng-sky.a(uip-ds6.o)
                0x0000000000005bac                uip_ds6_maddr_lookup
 .text.uip_ds6_addr_rm
                0x0000000000005bd6       0x54 build/sky/contiki-ng-sky.a(uip-ds6.o)
                0x0000000000005bd6                uip_ds6_addr_rm
 .text.uip_ds6_periodic
                0x0000000000005c2a       0x46 build/sky/contiki-ng-sky.a(uip-ds6.o)
                0x0000000000005c2a                uip_ds6_periodic
 .text.uip_ds6_set_addr_iid
                0x0000000000005c70       0x14 build/sky/contiki-ng-sky.a(uip-ds6.o)
                0x0000000000005c70                uip_ds6_set_addr_iid
 .text.uip_ds6_set_lladdr_from_iid
                0x0000000000005c84       0x14 build/sky/contiki-ng-sky.a(uip-ds6.o)
                0x0000000000005c84                uip_ds6_set_lladdr_from_iid
 .text.get_match_length
                0x0000000000005c98       0x44 build/sky/contiki-ng-sky.a(uip-ds6.o)
                0x0000000000005c98                get_match_length
 .text.uip_ds6_select_src
                0x0000000000005cdc       0xaa build/sky/contiki-ng-sky.a(uip-ds6.o)
                0x0000000000005cdc                uip_ds6_select_src
 .text.uip_ds6_compute_reachable_time
                0x0000000000005d86       0x3e build/sky/contiki-ng-sky.a(uip-ds6.o)
                0x0000000000005d86                uip_ds6_compute_reachable_time
 .text.uip_ds6_init
                0x0000000000005dc4      0x164 build/sky/contiki-ng-sky.a(uip-ds6.o)
                0x0000000000005dc4                uip_ds6_init
 .text.uip_ds6_route_init
                0x0000000000005f28       0x12 build/sky/contiki-ng-sky.a(uip-ds6-route.o)
                0x0000000000005f28                uip_ds6_route_init
 .text.uip_ds6_route_nexthop
                0x0000000000005f3a        0x4 build/sky/contiki-ng-sky.a(uip-ds6-route.o)
                0x0000000000005f3a                uip_ds6_route_nexthop
 .text.uip_ds6_route_lookup
                0x0000000000005f3e        0x4 build/sky/contiki-ng-sky.a(uip-ds6-route.o)
                0x0000000000005f3e                uip_ds6_route_lookup
 .text.uip_ds6_route_rm
                0x0000000000005f42        0x2 build/sky/contiki-ng-sky.a(uip-ds6-route.o)
                0x0000000000005f42                uip_ds6_route_rm
 .text.uip_ds6_defrt_rm
                0x0000000000005f44       0x3c build/sky/contiki-ng-sky.a(uip-ds6-route.o)
                0x0000000000005f44                uip_ds6_defrt_rm
 .text.uip_ds6_defrt_lookup
                0x0000000000005f80       0x40 build/sky/contiki-ng-sky.a(uip-ds6-route.o)
                0x0000000000005f80                uip_ds6_defrt_lookup
 .text.uip_ds6_defrt_add
                0x0000000000005fc0       0x72 build/sky/contiki-ng-sky.a(uip-ds6-route.o)
                0x0000000000005fc0                uip_ds6_defrt_add
 .text.uip_ds6_defrt_choose
                0x0000000000006032       0x3a build/sky/contiki-ng-sky.a(uip-ds6-route.o)
                0x0000000000006032                uip_ds6_defrt_choose
 .text.uip_ds6_defrt_periodic
                0x000000000000606c       0x38 build/sky/contiki-ng-sky.a(uip-ds6-route.o)
                0x000000000000606c                uip_ds6_defrt_periodic
 .text.tcpip_output
                0x00000000000060a4       0x22 build/sky/contiki-ng-sky.a(tcpip.o)
                0x00000000000060a4                tcpip_output
 .text.tcpip_input
                0x00000000000060c6       0x1e build/sky/contiki-ng-sky.a(tcpip.o)
                0x00000000000060c6                tcpip_input
 .text.tcpip_ipv6_output
                0x00000000000060e4      0x162 build/sky/contiki-ng-sky.a(tcpip.o)
                0x00000000000060e4                tcpip_ipv6_output
 .text.packet_input.part.3
                0x0000000000006246       0x12 build/sky/contiki-ng-sky.a(tcpip.o)
 .text.process_thread_tcpip_process
                0x0000000000006258       0xd0 build/sky/contiki-ng-sky.a(tcpip.o)
 .text.tcpip_uipcall
                0x0000000000006328       0x2a build/sky/contiki-ng-sky.a(tcpip.o)
                0x0000000000006328                tcpip_uipcall
 .text.chksum   0x0000000000006352       0x32 build/sky/contiki-ng-sky.a(uip6.o)
 .text.upper_layer_chksum
                0x0000000000006384       0x58 build/sky/contiki-ng-sky.a(uip6.o)
 .text.ext_hdr_options_process
                0x00000000000063dc       0xa4 build/sky/contiki-ng-sky.a(uip6.o)
 .text.uip_check_mtu
                0x0000000000006480       0x1e build/sky/contiki-ng-sky.a(uip6.o)
 .text.uip_update_ttl
                0x000000000000649e       0x24 build/sky/contiki-ng-sky.a(uip6.o)
 .text.uip_icmp6chksum
                0x00000000000064c2        0xa build/sky/contiki-ng-sky.a(uip6.o)
                0x00000000000064c2                uip_icmp6chksum
 .text.uip_udpchksum
                0x00000000000064cc        0xa build/sky/contiki-ng-sky.a(uip6.o)
                0x00000000000064cc                uip_udpchksum
 .text.uip_init
                0x00000000000064d6       0x3c build/sky/contiki-ng-sky.a(uip6.o)
                0x00000000000064d6                uip_init
 .text.uip_remove_ext_hdr
                0x0000000000006512       0x5e build/sky/contiki-ng-sky.a(uip6.o)
                0x0000000000006512                uip_remove_ext_hdr
 .text.uip_process
                0x0000000000006570      0x4be build/sky/contiki-ng-sky.a(uip6.o)
                0x0000000000006570                uip_process
 .text.uip_htonl
                0x0000000000006a2e       0x2e build/sky/contiki-ng-sky.a(uip6.o)
                0x0000000000006a2e                uip_htonl
 .text.uip_ds6_nbr_rm
                0x0000000000006a5c       0x1e build/sky/contiki-ng-sky.a(uip-ds6-nbr.o)
                0x0000000000006a5c                uip_ds6_nbr_rm
 .text.uip_ds6_neighbors_init
                0x0000000000006a7a       0x12 build/sky/contiki-ng-sky.a(uip-ds6-nbr.o)
                0x0000000000006a7a                uip_ds6_neighbors_init
 .text.uip_ds6_nbr_add
                0x0000000000006a8c       0x3e build/sky/contiki-ng-sky.a(uip-ds6-nbr.o)
                0x0000000000006a8c                uip_ds6_nbr_add
 .text.uip_ds6_nbr_get_ll
                0x0000000000006aca        0xc build/sky/contiki-ng-sky.a(uip-ds6-nbr.o)
                0x0000000000006aca                uip_ds6_nbr_get_ll
 .text.uip_ds6_nbr_head
                0x0000000000006ad6        0xa build/sky/contiki-ng-sky.a(uip-ds6-nbr.o)
                0x0000000000006ad6                uip_ds6_nbr_head
 .text.uip_ds6_nbr_next
                0x0000000000006ae0        0xc build/sky/contiki-ng-sky.a(uip-ds6-nbr.o)
                0x0000000000006ae0                uip_ds6_nbr_next
 .text.uip_ds6_nbr_lookup
                0x0000000000006aec       0x3a build/sky/contiki-ng-sky.a(uip-ds6-nbr.o)
                0x0000000000006aec                uip_ds6_nbr_lookup
 .text.uip_ds6_nbr_ll_lookup
                0x0000000000006b26        0xc build/sky/contiki-ng-sky.a(uip-ds6-nbr.o)
                0x0000000000006b26                uip_ds6_nbr_ll_lookup
 .text.uip_ds6_nbr_update_ll
                0x0000000000006b32       0x76 build/sky/contiki-ng-sky.a(uip-ds6-nbr.o)
                0x0000000000006b32                uip_ds6_nbr_update_ll
 .text.uip_ds6_nbr_ipaddr_from_lladdr
                0x0000000000006ba8        0x6 build/sky/contiki-ng-sky.a(uip-ds6-nbr.o)
                0x0000000000006ba8                uip_ds6_nbr_ipaddr_from_lladdr
 .text.uip_ds6_nbr_lladdr_from_ipaddr
                0x0000000000006bae       0x12 build/sky/contiki-ng-sky.a(uip-ds6-nbr.o)
                0x0000000000006bae                uip_ds6_nbr_lladdr_from_ipaddr
 .text.uip_ds6_link_callback
                0x0000000000006bc0        0x2 build/sky/contiki-ng-sky.a(uip-ds6-nbr.o)
                0x0000000000006bc0                uip_ds6_link_callback
 .text.ns_input
                0x0000000000006bc2      0x286 build/sky/contiki-ng-sky.a(uip-nd6.o)
 .text.uip_nd6_init
                0x0000000000006e48        0xa build/sky/contiki-ng-sky.a(uip-nd6.o)
                0x0000000000006e48                uip_nd6_init
 .text.clear_fragments
                0x0000000000006e52       0x40 build/sky/contiki-ng-sky.a(sicslowpan.o)
 .text.addr_context_lookup_by_number
                0x0000000000006e92       0x16 build/sky/contiki-ng-sky.a(sicslowpan.o)
 .text.sicslowpan_init
                0x0000000000006ea8       0x18 build/sky/contiki-ng-sky.a(sicslowpan.o)
                0x0000000000006ea8                sicslowpan_init
 .text.set_packet_attrs
                0x0000000000006ec0       0x66 build/sky/contiki-ng-sky.a(sicslowpan.o)
 .text.compress_addr_64
                0x0000000000006f26       0xae build/sky/contiki-ng-sky.a(sicslowpan.o)
 .text.addr_context_lookup_by_prefix
                0x0000000000006fd4       0x20 build/sky/contiki-ng-sky.a(sicslowpan.o)
 .text.send_packet
                0x0000000000006ff4       0x1a build/sky/contiki-ng-sky.a(sicslowpan.o)
 .text.fragment_copy_payload_and_send
                0x000000000000700e       0x66 build/sky/contiki-ng-sky.a(sicslowpan.o)
 .text.output   0x0000000000007074      0x7c6 build/sky/contiki-ng-sky.a(sicslowpan.o)
 .text.packet_sent
                0x000000000000783a       0x56 build/sky/contiki-ng-sky.a(sicslowpan.o)
 .text.store_fragment
                0x0000000000007890       0xb4 build/sky/contiki-ng-sky.a(sicslowpan.o)
 .text.add_fragment
                0x0000000000007944      0x1fc build/sky/contiki-ng-sky.a(sicslowpan.o)
 .text.uncompress_addr
                0x0000000000007b40       0xb4 build/sky/contiki-ng-sky.a(sicslowpan.o)
 .text.input    0x0000000000007bf4      0x8b0 build/sky/contiki-ng-sky.a(sicslowpan.o)
 .text.uiplib_ip6addrconv
                0x00000000000084a4      0x10c build/sky/contiki-ng-sky.a(uiplib.o)
                0x00000000000084a4                uiplib_ip6addrconv
 .text.uiplib_ipaddr_snprint
                0x00000000000085b0      0x12c build/sky/contiki-ng-sky.a(uiplib.o)
                0x00000000000085b0                uiplib_ipaddr_snprint
 .text.rpl_has_joined
                0x00000000000086dc       0x12 build/sky/contiki-ng-sky.a(rpl.o)
                0x00000000000086dc                rpl_has_joined
 .text.rpl_is_reachable
                0x00000000000086ee       0x12 build/sky/contiki-ng-sky.a(rpl.o)
                0x00000000000086ee                rpl_is_reachable
 .text.neighbor_state_changed
                0x0000000000008700        0x2 build/sky/contiki-ng-sky.a(rpl.o)
 .text.drop_route
                0x0000000000008702        0x2 build/sky/contiki-ng-sky.a(rpl.o)
 .text.rpl_get_leaf_only
                0x0000000000008704        0x6 build/sky/contiki-ng-sky.a(rpl.o)
                0x0000000000008704                rpl_get_leaf_only
 .text.get_sr_node_ipaddr
                0x000000000000870a       0x34 build/sky/contiki-ng-sky.a(rpl.o)
 .text.init     0x000000000000873e       0x42 build/sky/contiki-ng-sky.a(rpl.o)
 .text.set_ip_from_prefix
                0x0000000000008780       0x38 build/sky/contiki-ng-sky.a(rpl.o)
 .text.rpl_link_callback
                0x00000000000087b8       0x1e build/sky/contiki-ng-sky.a(rpl.o)
                0x00000000000087b8                rpl_link_callback
 .text.rpl_lollipop_greater_than
                0x00000000000087d6       0x3c build/sky/contiki-ng-sky.a(rpl.o)
                0x00000000000087d6                rpl_lollipop_greater_than
 .text.rpl_get_global_address
                0x0000000000008812       0xbe build/sky/contiki-ng-sky.a(rpl.o)
                0x0000000000008812                rpl_get_global_address
 .text.rpl_reset_prefix
                0x00000000000088d0       0x24 build/sky/contiki-ng-sky.a(rpl.o)
                0x00000000000088d0                rpl_reset_prefix
 .text.rpl_set_prefix_from_addr
                0x00000000000088f4       0x92 build/sky/contiki-ng-sky.a(rpl.o)
                0x00000000000088f4                rpl_set_prefix_from_addr
 .text.get32    0x0000000000008986       0x46 build/sky/contiki-ng-sky.a(rpl-icmp6.o)
 .text.set32    0x00000000000089cc       0x2a build/sky/contiki-ng-sky.a(rpl-icmp6.o)
 .text.get16    0x00000000000089f6        0xe build/sky/contiki-ng-sky.a(rpl-icmp6.o)
 .text.set16    0x0000000000008a04       0x10 build/sky/contiki-ng-sky.a(rpl-icmp6.o)
 .text.dao_ack_input
                0x0000000000008a14       0x30 build/sky/contiki-ng-sky.a(rpl-icmp6.o)
 .text.dao_input
                0x0000000000008a44      0x13c build/sky/contiki-ng-sky.a(rpl-icmp6.o)
 .text.dio_input
                0x0000000000008b80      0x29c build/sky/contiki-ng-sky.a(rpl-icmp6.o)
 .text.dis_input
                0x0000000000008e1c       0x1e build/sky/contiki-ng-sky.a(rpl-icmp6.o)
 .text.rpl_icmp6_update_nbr_table
                0x0000000000008e3a       0x36 build/sky/contiki-ng-sky.a(rpl-icmp6.o)
                0x0000000000008e3a                rpl_icmp6_update_nbr_table
 .text.rpl_icmp6_dis_output
                0x0000000000008e70       0x34 build/sky/contiki-ng-sky.a(rpl-icmp6.o)
                0x0000000000008e70                rpl_icmp6_dis_output
 .text.rpl_icmp6_dio_output
                0x0000000000008ea4      0x23a build/sky/contiki-ng-sky.a(rpl-icmp6.o)
                0x0000000000008ea4                rpl_icmp6_dio_output
 .text.rpl_icmp6_pdao_output
                0x00000000000090de       0x9a build/sky/contiki-ng-sky.a(rpl-icmp6.o)
                0x00000000000090de                rpl_icmp6_pdao_output
 .text.rpl_icmp6_dao_output
                0x0000000000009178       0xe2 build/sky/contiki-ng-sky.a(rpl-icmp6.o)
                0x0000000000009178                rpl_icmp6_dao_output
 .text.rpl_icmp6_dao_ack_output
                0x000000000000925a       0x4e build/sky/contiki-ng-sky.a(rpl-icmp6.o)
                0x000000000000925a                rpl_icmp6_dao_ack_output
 .text.rpl_icmp6_init
                0x00000000000092a8       0x22 build/sky/contiki-ng-sky.a(rpl-icmp6.o)
                0x00000000000092a8                rpl_icmp6_init
 .text.rpl_dag_root_set_prefix
                0x00000000000092ca       0x62 build/sky/contiki-ng-sky.a(rpl-dag-root.o)
                0x00000000000092ca                rpl_dag_root_set_prefix
 .text.rpl_dag_root_start
                0x000000000000932c       0x8e build/sky/contiki-ng-sky.a(rpl-dag-root.o)
                0x000000000000932c                rpl_dag_root_start
 .text.rpl_dag_root_is_root
                0x00000000000093ba       0x14 build/sky/contiki-ng-sky.a(rpl-dag-root.o)
                0x00000000000093ba                rpl_dag_root_is_root
 .text.output   0x00000000000093ce       0x1c build/sky/contiki-ng-sky.a(slip-bridge.o)
 .text.init     0x00000000000093ea       0x18 build/sky/contiki-ng-sky.a(slip-bridge.o)
 .text.slip_input_callback
                0x0000000000009402       0xb2 build/sky/contiki-ng-sky.a(slip-bridge.o)
 .text.request_prefix
                0x00000000000094b4       0x20 build/sky/contiki-ng-sky.a(slip-bridge.o)
                0x00000000000094b4                request_prefix
 .text.process_thread_border_router_process
                0x00000000000094d4      0x10e build/sky/contiki-ng-sky.a(border-router-e)
 .text.init_platform
                0x00000000000095e2        0xc build/sky/contiki-ng-sky.a(contiki-sky-pla)
                0x00000000000095e2                init_platform
 .text.status   0x00000000000095ee       0x18 build/sky/contiki-ng-sky.a(button-sensor.o)
 .text.value    0x0000000000009606       0x20 build/sky/contiki-ng-sky.a(button-sensor.o)
 .text.configure
                0x0000000000009626       0x4c build/sky/contiki-ng-sky.a(button-sensor.o)
 .text.irq_p2   0x0000000000009672       0x46 build/sky/contiki-ng-sky.a(button-sensor.o)
                0x0000000000009672                irq_p2
                0x0000000000009672                __isr_1
 .text.owreadb  0x00000000000096b8       0x50 build/sky/contiki-ng-sky.a(ds2411.o)
 .text.ds2411_init
                0x0000000000009708      0x120 build/sky/contiki-ng-sky.a(ds2411.o)
                0x0000000000009708                ds2411_init
 .text.xmem_init
                0x0000000000009828       0x3c build/sky/contiki-ng-sky.a(xmem.o)
                0x0000000000009828                xmem_init
 .text.process_thread_sensors_process
                0x0000000000009864       0xc2 build/sky/contiki-ng-sky.a(sensors.o)
 .text.sensors_changed
                0x0000000000009926       0x2a build/sky/contiki-ng-sky.a(sensors.o)
                0x0000000000009926                sensors_changed
 .text.get_object
                0x0000000000009950        0x4 build/sky/contiki-ng-sky.a(cc2420.o)
 .text.set_object
                0x0000000000009954        0x4 build/sky/contiki-ng-sky.a(cc2420.o)
 .text.strobe   0x0000000000009958       0x1c build/sky/contiki-ng-sky.a(cc2420.o)
 .text.getreg   0x0000000000009974       0x4c build/sky/contiki-ng-sky.a(cc2420.o)
 .text.setreg   0x00000000000099c0       0x4c build/sky/contiki-ng-sky.a(cc2420.o)
 .text.write_ram
                0x0000000000009a0c       0x7c build/sky/contiki-ng-sky.a(cc2420.o)
 .text.write_fifo_buf
                0x0000000000009a88       0x3c build/sky/contiki-ng-sky.a(cc2420.o)
 .text.get_status
                0x0000000000009ac4       0x20 build/sky/contiki-ng-sky.a(cc2420.o)
 .text.on       0x0000000000009ae4       0x1a build/sky/contiki-ng-sky.a(cc2420.o)
 .text.cc2420_receiving_packet
                0x0000000000009afe        0xc build/sky/contiki-ng-sky.a(cc2420.o)
 .text.pending_packet
                0x0000000000009b0a        0x8 build/sky/contiki-ng-sky.a(cc2420.o)
 .text.wait_for_transmission
                0x0000000000009b12       0x22 build/sky/contiki-ng-sky.a(cc2420.o)
 .text.wait_for_status
                0x0000000000009b34       0x28 build/sky/contiki-ng-sky.a(cc2420.o)
 .text.getrxdata
                0x0000000000009b5c       0x50 build/sky/contiki-ng-sky.a(cc2420.o)
 .text.flushrx  0x0000000000009bac       0x1a build/sky/contiki-ng-sky.a(cc2420.o)
 .text.off      0x0000000000009bc6       0x28 build/sky/contiki-ng-sky.a(cc2420.o)
 .text.RELEASE_LOCK
                0x0000000000009bee       0x28 build/sky/contiki-ng-sky.a(cc2420.o)
 .text.set_key  0x0000000000009c16       0x18 build/sky/contiki-ng-sky.a(cc2420.o)
 .text.set_frame_filtering
                0x0000000000009c2e       0x30 build/sky/contiki-ng-sky.a(cc2420.o)
 .text.set_auto_ack
                0x0000000000009c5e       0x30 build/sky/contiki-ng-sky.a(cc2420.o)
 .text.set_poll_mode
                0x0000000000009c8e       0x2c build/sky/contiki-ng-sky.a(cc2420.o)
 .text.cc2420_prepare
                0x0000000000009cba       0x46 build/sky/contiki-ng-sky.a(cc2420.o)
 .text.cc2420_on
                0x0000000000009d00       0x22 build/sky/contiki-ng-sky.a(cc2420.o)
                0x0000000000009d00                cc2420_on
 .text.cc2420_transmit
                0x0000000000009d22       0x66 build/sky/contiki-ng-sky.a(cc2420.o)
 .text.cc2420_send
                0x0000000000009d88       0x12 build/sky/contiki-ng-sky.a(cc2420.o)
 .text.cc2420_off
                0x0000000000009d9a       0x30 build/sky/contiki-ng-sky.a(cc2420.o)
                0x0000000000009d9a                cc2420_off
 .text.cc2420_cca
                0x0000000000009dca       0x68 build/sky/contiki-ng-sky.a(cc2420.o)
 .text.cc2420_read
                0x0000000000009e32       0xbe build/sky/contiki-ng-sky.a(cc2420.o)
 .text.process_thread_cc2420_process
                0x0000000000009ef0       0x62 build/sky/contiki-ng-sky.a(cc2420.o)
 .text.encrypt  0x0000000000009f52       0x88 build/sky/contiki-ng-sky.a(cc2420.o)
 .text.cc2420_set_channel
                0x0000000000009fda       0x3c build/sky/contiki-ng-sky.a(cc2420.o)
                0x0000000000009fda                cc2420_set_channel
 .text.cc2420_set_pan_addr
                0x000000000000a016       0x4c build/sky/contiki-ng-sky.a(cc2420.o)
                0x000000000000a016                cc2420_set_pan_addr
 .text.cc2420_interrupt
                0x000000000000a062       0x16 build/sky/contiki-ng-sky.a(cc2420.o)
                0x000000000000a062                cc2420_interrupt
 .text.cc2420_set_txpower
                0x000000000000a078       0x2c build/sky/contiki-ng-sky.a(cc2420.o)
                0x000000000000a078                cc2420_set_txpower
 .text.cc2420_get_txpower
                0x000000000000a0a4       0x1e build/sky/contiki-ng-sky.a(cc2420.o)
                0x000000000000a0a4                cc2420_get_txpower
 .text.cc2420_rssi
                0x000000000000a0c2       0x4c build/sky/contiki-ng-sky.a(cc2420.o)
                0x000000000000a0c2                cc2420_rssi
 .text.get_value
                0x000000000000a10e      0x11e build/sky/contiki-ng-sky.a(cc2420.o)
 .text.cc2420_set_cca_threshold
                0x000000000000a22c       0x16 build/sky/contiki-ng-sky.a(cc2420.o)
                0x000000000000a22c                cc2420_set_cca_threshold
 .text.set_value
                0x000000000000a242      0x150 build/sky/contiki-ng-sky.a(cc2420.o)
 .text.cc2420_init
                0x000000000000a392       0xea build/sky/contiki-ng-sky.a(cc2420.o)
                0x000000000000a392                cc2420_init
 .text.cc2420_port1_interrupt
                0x000000000000a47c       0x20 build/sky/contiki-ng-sky.a(cc2420-arch.o)
                0x000000000000a47c                __isr_4
                0x000000000000a47c                cc2420_port1_interrupt
 .text.cc2420_arch_init
                0x000000000000a49c       0x1a build/sky/contiki-ng-sky.a(cc2420-arch.o)
                0x000000000000a49c                cc2420_arch_init
 .text.handle_rxdma_timer
                0x000000000000a4b6       0x3a build/sky/contiki-ng-sky.a(uart1.o)
 .text.uart1_active
                0x000000000000a4f0       0x18 build/sky/contiki-ng-sky.a(uart1.o)
                0x000000000000a4f0                uart1_active
 .text.uart1_set_input
                0x000000000000a508       0x20 build/sky/contiki-ng-sky.a(uart1.o)
                0x000000000000a508                uart1_set_input
 .text.uart1_writeb
                0x000000000000a528       0x18 build/sky/contiki-ng-sky.a(uart1.o)
                0x000000000000a528                uart1_writeb
 .text.uart1_init
                0x000000000000a540       0xf4 build/sky/contiki-ng-sky.a(uart1.o)
                0x000000000000a540                uart1_init
 .text.slip_arch_writeb
                0x000000000000a634        0x6 build/sky/contiki-ng-sky.a(slip_uart1.o)
                0x000000000000a634                slip_arch_writeb
 .text.slip_arch_init
                0x000000000000a63a        0xa build/sky/contiki-ng-sky.a(slip_uart1.o)
                0x000000000000a63a                slip_arch_init
 .text.process_thread_slip_process
                0x000000000000a644      0x1c2 build/sky/contiki-ng-sky.a(slip.o)
 .text.slip_set_input_callback
                0x000000000000a806        0x6 build/sky/contiki-ng-sky.a(slip.o)
                0x000000000000a806                slip_set_input_callback
 .text.slip_write
                0x000000000000a80c       0x58 build/sky/contiki-ng-sky.a(slip.o)
                0x000000000000a80c                slip_write
 .text.slip_send
                0x000000000000a864        0xe build/sky/contiki-ng-sky.a(slip.o)
                0x000000000000a864                slip_send
 .text.slip_input_byte
                0x000000000000a872       0x96 build/sky/contiki-ng-sky.a(slip.o)
                0x000000000000a872                slip_input_byte
 .text.timera0  0x000000000000a908       0x2e build/sky/contiki-ng-sky.a(rtimer-arch.o)
                0x000000000000a908                __isr_6
                0x000000000000a908                timera0
 .text.rtimer_arch_init
                0x000000000000a936        0xe build/sky/contiki-ng-sky.a(rtimer-arch.o)
                0x000000000000a936                rtimer_arch_init
 .text.rtimer_arch_now
                0x000000000000a944        0xe build/sky/contiki-ng-sky.a(rtimer-arch.o)
                0x000000000000a944                rtimer_arch_now
 .text.rtimer_arch_schedule
                0x000000000000a952        0x6 build/sky/contiki-ng-sky.a(rtimer-arch.o)
                0x000000000000a952                rtimer_arch_schedule
 .text.stimer_set
                0x000000000000a958       0x1c build/sky/contiki-ng-sky.a(stimer.o)
                0x000000000000a958                stimer_set
 .text.stimer_expired
                0x000000000000a974       0x30 build/sky/contiki-ng-sky.a(stimer.o)
                0x000000000000a974                stimer_expired
 .text.memb_init
                0x000000000000a9a4       0x36 build/sky/contiki-ng-sky.a(memb.o)
                0x000000000000a9a4                memb_init
 .text.memb_alloc
                0x000000000000a9da       0x3e build/sky/contiki-ng-sky.a(memb.o)
                0x000000000000a9da                memb_alloc
 .text.memb_free
                0x000000000000aa18       0x32 build/sky/contiki-ng-sky.a(memb.o)
                0x000000000000aa18                memb_free
 .text.memb_inmemb
                0x000000000000aa4a       0x2a build/sky/contiki-ng-sky.a(memb.o)
                0x000000000000aa4a                memb_inmemb
 .text.memb_numfree
                0x000000000000aa74       0x26 build/sky/contiki-ng-sky.a(memb.o)
                0x000000000000aa74                memb_numfree
 .text.item_from_index
                0x000000000000aa9a       0x2a build/sky/contiki-ng-sky.a(nbr-table.o)
 .text.index_from_key
                0x000000000000aac4       0x26 build/sky/contiki-ng-sky.a(nbr-table.o)
 .text.index_from_item
                0x000000000000aaea       0x1e build/sky/contiki-ng-sky.a(nbr-table.o)
 .text.nbr_set_bit
                0x000000000000ab08       0x58 build/sky/contiki-ng-sky.a(nbr-table.o)
 .text.index_from_lladdr
                0x000000000000ab60       0x42 build/sky/contiki-ng-sky.a(nbr-table.o)
 .text.nbr_get_bit.constprop.0
                0x000000000000aba2       0x2e build/sky/contiki-ng-sky.a(nbr-table.o)
 .text.nbr_table_is_registered
                0x000000000000abd0       0x22 build/sky/contiki-ng-sky.a(nbr-table.o)
                0x000000000000abd0                nbr_table_is_registered
 .text.nbr_table_register
                0x000000000000abf2       0x40 build/sky/contiki-ng-sky.a(nbr-table.o)
                0x000000000000abf2                nbr_table_register
 .text.nbr_table_next
                0x000000000000ac32       0x54 build/sky/contiki-ng-sky.a(nbr-table.o)
                0x000000000000ac32                nbr_table_next
 .text.nbr_table_head
                0x000000000000ac86       0x3a build/sky/contiki-ng-sky.a(nbr-table.o)
                0x000000000000ac86                nbr_table_head
 .text.nbr_table_add_lladdr
                0x000000000000acc0      0x168 build/sky/contiki-ng-sky.a(nbr-table.o)
                0x000000000000acc0                nbr_table_add_lladdr
 .text.nbr_table_get_from_lladdr
                0x000000000000ae28       0x2c build/sky/contiki-ng-sky.a(nbr-table.o)
                0x000000000000ae28                nbr_table_get_from_lladdr
 .text.nbr_table_remove
                0x000000000000ae54       0x32 build/sky/contiki-ng-sky.a(nbr-table.o)
                0x000000000000ae54                nbr_table_remove
 .text.nbr_table_lock
                0x000000000000ae86       0x10 build/sky/contiki-ng-sky.a(nbr-table.o)
                0x000000000000ae86                nbr_table_lock
 .text.nbr_table_unlock
                0x000000000000ae96       0x10 build/sky/contiki-ng-sky.a(nbr-table.o)
                0x000000000000ae96                nbr_table_unlock
 .text.nbr_table_get_lladdr
                0x000000000000aea6       0x22 build/sky/contiki-ng-sky.a(nbr-table.o)
                0x000000000000aea6                nbr_table_get_lladdr
 .text.periodic
                0x000000000000aec8       0x28 build/sky/contiki-ng-sky.a(link-stats.o)
 .text.link_stats_from_lladdr
                0x000000000000aef0        0xc build/sky/contiki-ng-sky.a(link-stats.o)
                0x000000000000aef0                link_stats_from_lladdr
 .text.link_stats_is_fresh
                0x000000000000aefc       0x30 build/sky/contiki-ng-sky.a(link-stats.o)
                0x000000000000aefc                link_stats_is_fresh
 .text.guess_etx_from_rssi
                0x000000000000af2c       0x42 build/sky/contiki-ng-sky.a(link-stats.o)
                0x000000000000af2c                guess_etx_from_rssi
 .text.link_stats_packet_sent
                0x000000000000af6e       0xde build/sky/contiki-ng-sky.a(link-stats.o)
                0x000000000000af6e                link_stats_packet_sent
 .text.link_stats_input_callback
                0x000000000000b04c       0xb4 build/sky/contiki-ng-sky.a(link-stats.o)
                0x000000000000b04c                link_stats_input_callback
 .text.link_stats_reset
                0x000000000000b100       0x2a build/sky/contiki-ng-sky.a(link-stats.o)
                0x000000000000b100                link_stats_reset
 .text.link_stats_init
                0x000000000000b12a       0x22 build/sky/contiki-ng-sky.a(link-stats.o)
                0x000000000000b12a                link_stats_init
 .text.mac_sequence_is_duplicate
                0x000000000000b14c       0x84 build/sky/contiki-ng-sky.a(mac-sequence.o)
                0x000000000000b14c                mac_sequence_is_duplicate
 .text.mac_sequence_register_seqno
                0x000000000000b1d0       0x90 build/sky/contiki-ng-sky.a(mac-sequence.o)
                0x000000000000b1d0                mac_sequence_register_seqno
 .text.mac_call_sent_callback
                0x000000000000b260       0x14 build/sky/contiki-ng-sky.a(mac.o)
                0x000000000000b260                mac_call_sent_callback
 .text.parse    0x000000000000b274       0xa0 build/sky/contiki-ng-sky.a(framer-802154.o)
 .text.framer_802154_setup_params
                0x000000000000b314       0xb8 build/sky/contiki-ng-sky.a(framer-802154.o)
                0x000000000000b314                framer_802154_setup_params
 .text.create_frame
                0x000000000000b3cc       0xde build/sky/contiki-ng-sky.a(framer-802154.o)
 .text.create   0x000000000000b4aa        0x8 build/sky/contiki-ng-sky.a(framer-802154.o)
 .text.hdr_length
                0x000000000000b4b2        0x8 build/sky/contiki-ng-sky.a(framer-802154.o)
 .text.frame802154_get_pan_id
                0x000000000000b4ba        0x6 build/sky/contiki-ng-sky.a(frame802154.o)
                0x000000000000b4ba                frame802154_get_pan_id
 .text.frame802154_has_panid
                0x000000000000b4c0       0xe0 build/sky/contiki-ng-sky.a(frame802154.o)
                0x000000000000b4c0                frame802154_has_panid
 .text.field_len
                0x000000000000b5a0       0xac build/sky/contiki-ng-sky.a(frame802154.o)
 .text.frame802154_is_broadcast_addr
                0x000000000000b64c       0x28 build/sky/contiki-ng-sky.a(frame802154.o)
                0x000000000000b64c                frame802154_is_broadcast_addr
 .text.frame802154_hdrlen
                0x000000000000b674       0x32 build/sky/contiki-ng-sky.a(frame802154.o)
                0x000000000000b674                frame802154_hdrlen
 .text.frame802154_create_fcf
                0x000000000000b6a6       0x96 build/sky/contiki-ng-sky.a(frame802154.o)
                0x000000000000b6a6                frame802154_create_fcf
 .text.frame802154_create
                0x000000000000b73c       0xe4 build/sky/contiki-ng-sky.a(frame802154.o)
                0x000000000000b73c                frame802154_create
 .text.frame802154_parse_fcf
                0x000000000000b820       0xbc build/sky/contiki-ng-sky.a(frame802154.o)
                0x000000000000b820                frame802154_parse_fcf
 .text.frame802154_parse
                0x000000000000b8dc      0x168 build/sky/contiki-ng-sky.a(frame802154.o)
                0x000000000000b8dc                frame802154_parse
 .text.csma_security_create_frame
                0x000000000000ba44       0x10 build/sky/contiki-ng-sky.a(csma-security.o)
                0x000000000000ba44                csma_security_create_frame
 .text.csma_security_parse_frame
                0x000000000000ba54        0x6 build/sky/contiki-ng-sky.a(csma-security.o)
                0x000000000000ba54                csma_security_parse_frame
 .text.uipbuf_add_ext_hdr
                0x000000000000ba5a       0x1c build/sky/contiki-ng-sky.a(uipbuf.o)
                0x000000000000ba5a                uipbuf_add_ext_hdr
 .text.uipbuf_set_len
                0x000000000000ba76       0x12 build/sky/contiki-ng-sky.a(uipbuf.o)
                0x000000000000ba76                uipbuf_set_len
 .text.uipbuf_set_len_field
                0x000000000000ba88        0xe build/sky/contiki-ng-sky.a(uipbuf.o)
                0x000000000000ba88                uipbuf_set_len_field
 .text.uipbuf_get_len_field
                0x000000000000ba96        0xe build/sky/contiki-ng-sky.a(uipbuf.o)
                0x000000000000ba96                uipbuf_get_len_field
 .text.uipbuf_get_next_header
                0x000000000000baa4       0x62 build/sky/contiki-ng-sky.a(uipbuf.o)
                0x000000000000baa4                uipbuf_get_next_header
 .text.uipbuf_get_last_header
                0x000000000000bb06       0x3e build/sky/contiki-ng-sky.a(uipbuf.o)
                0x000000000000bb06                uipbuf_get_last_header
 .text.uipbuf_search_header
                0x000000000000bb44       0x4e build/sky/contiki-ng-sky.a(uipbuf.o)
                0x000000000000bb44                uipbuf_search_header
 .text.uipbuf_get_attr
                0x000000000000bb92       0x14 build/sky/contiki-ng-sky.a(uipbuf.o)
                0x000000000000bb92                uipbuf_get_attr
 .text.uipbuf_clear_attr
                0x000000000000bba6       0x12 build/sky/contiki-ng-sky.a(uipbuf.o)
                0x000000000000bba6                uipbuf_clear_attr
 .text.uipbuf_clear
                0x000000000000bbb8       0x12 build/sky/contiki-ng-sky.a(uipbuf.o)
                0x000000000000bbb8                uipbuf_clear
 .text.uipbuf_init
                0x000000000000bbca       0x1a build/sky/contiki-ng-sky.a(uipbuf.o)
                0x000000000000bbca                uipbuf_init
 .text.echo_reply_input
                0x000000000000bbe4       0x68 build/sky/contiki-ng-sky.a(uip-icmp6.o)
 .text.echo_request_input
                0x000000000000bc4c       0x86 build/sky/contiki-ng-sky.a(uip-icmp6.o)
 .text.uip_icmp6_input
                0x000000000000bcd2       0x48 build/sky/contiki-ng-sky.a(uip-icmp6.o)
                0x000000000000bcd2                uip_icmp6_input
 .text.uip_icmp6_register_input_handler
                0x000000000000bd1a        0xc build/sky/contiki-ng-sky.a(uip-icmp6.o)
                0x000000000000bd1a                uip_icmp6_register_input_handler
 .text.uip_icmp6_error_output
                0x000000000000bd26      0x146 build/sky/contiki-ng-sky.a(uip-icmp6.o)
                0x000000000000bd26                uip_icmp6_error_output
 .text.uip_icmp6_send
                0x000000000000be6c       0x8e build/sky/contiki-ng-sky.a(uip-icmp6.o)
                0x000000000000be6c                uip_icmp6_send
 .text.uip_icmp6_init
                0x000000000000befa       0x12 build/sky/contiki-ng-sky.a(uip-icmp6.o)
                0x000000000000befa                uip_icmp6_init
 .text.node_matches_address.part.0
                0x000000000000bf0c       0x2e build/sky/contiki-ng-sky.a(uip-sr.o)
 .text.uip_sr_get_node
                0x000000000000bf3a       0x44 build/sky/contiki-ng-sky.a(uip-sr.o)
                0x000000000000bf3a                uip_sr_get_node
 .text.uip_sr_is_addr_reachable
                0x000000000000bf7e       0x4e build/sky/contiki-ng-sky.a(uip-sr.o)
                0x000000000000bf7e                uip_sr_is_addr_reachable
 .text.uip_sr_expire_parent
                0x000000000000bfcc       0x42 build/sky/contiki-ng-sky.a(uip-sr.o)
                0x000000000000bfcc                uip_sr_expire_parent
 .text.uip_sr_update_node
                0x000000000000c00e       0xbc build/sky/contiki-ng-sky.a(uip-sr.o)
                0x000000000000c00e                uip_sr_update_node
 .text.uip_sr_init
                0x000000000000c0ca       0x16 build/sky/contiki-ng-sky.a(uip-sr.o)
                0x000000000000c0ca                uip_sr_init
 .text.uip_sr_periodic
                0x000000000000c0e0       0x9a build/sky/contiki-ng-sky.a(uip-sr.o)
                0x000000000000c0e0                uip_sr_periodic
 .text.uip_sr_free_all
                0x000000000000c17a       0x3c build/sky/contiki-ng-sky.a(uip-sr.o)
                0x000000000000c17a                uip_sr_free_all
 .text.update_state
                0x000000000000c1b6       0x78 build/sky/contiki-ng-sky.a(rpl-nbr-policy.)
 .text.rpl_nbr_policy_find_removable
                0x000000000000c22e       0x50 build/sky/contiki-ng-sky.a(rpl-nbr-policy.)
                0x000000000000c22e                rpl_nbr_policy_find_removable
 .text.remove_neighbor
                0x000000000000c27e       0x24 build/sky/contiki-ng-sky.a(rpl-neighbor.o)
 .text.rpl_neighbor_get_from_lladdr
                0x000000000000c2a2        0xc build/sky/contiki-ng-sky.a(rpl-neighbor.o)
                0x000000000000c2a2                rpl_neighbor_get_from_lladdr
 .text.rpl_neighbor_rank_via_nbr
                0x000000000000c2ae       0x18 build/sky/contiki-ng-sky.a(rpl-neighbor.o)
                0x000000000000c2ae                rpl_neighbor_rank_via_nbr
 .text.rpl_neighbor_get_lladdr
                0x000000000000c2c6        0xc build/sky/contiki-ng-sky.a(rpl-neighbor.o)
                0x000000000000c2c6                rpl_neighbor_get_lladdr
 .text.rpl_neighbor_get_ipaddr
                0x000000000000c2d2        0xa build/sky/contiki-ng-sky.a(rpl-neighbor.o)
                0x000000000000c2d2                rpl_neighbor_get_ipaddr
 .text.rpl_neighbor_get_link_stats
                0x000000000000c2dc        0xa build/sky/contiki-ng-sky.a(rpl-neighbor.o)
                0x000000000000c2dc                rpl_neighbor_get_link_stats
 .text.rpl_neighbor_is_fresh
                0x000000000000c2e6        0xa build/sky/contiki-ng-sky.a(rpl-neighbor.o)
                0x000000000000c2e6                rpl_neighbor_is_fresh
 .text.best_parent
                0x000000000000c2f0       0xb4 build/sky/contiki-ng-sky.a(rpl-neighbor.o)
 .text.rpl_neighbor_is_parent
                0x000000000000c3a4       0x18 build/sky/contiki-ng-sky.a(rpl-neighbor.o)
                0x000000000000c3a4                rpl_neighbor_is_parent
 .text.rpl_neighbor_set_preferred_parent
                0x000000000000c3bc       0x48 build/sky/contiki-ng-sky.a(rpl-neighbor.o)
                0x000000000000c3bc                rpl_neighbor_set_preferred_parent
 .text.rpl_neighbor_remove_all
                0x000000000000c404       0x30 build/sky/contiki-ng-sky.a(rpl-neighbor.o)
                0x000000000000c404                rpl_neighbor_remove_all
 .text.rpl_neighbor_get_from_ipaddr
                0x000000000000c434       0x14 build/sky/contiki-ng-sky.a(rpl-neighbor.o)
                0x000000000000c434                rpl_neighbor_get_from_ipaddr
 .text.rpl_neighbor_select_best
                0x000000000000c448       0x54 build/sky/contiki-ng-sky.a(rpl-neighbor.o)
                0x000000000000c448                rpl_neighbor_select_best
 .text.rpl_neighbor_init
                0x000000000000c49c        0xe build/sky/contiki-ng-sky.a(rpl-neighbor.o)
                0x000000000000c49c                rpl_neighbor_init
 .text.init_dag
                0x000000000000c4aa       0x84 build/sky/contiki-ng-sky.a(rpl-dag.o)
 .text.process_dio_init_dag
                0x000000000000c52e       0xb0 build/sky/contiki-ng-sky.a(rpl-dag.o)
 .text.rpl_dag_get_root_ipaddr
                0x000000000000c5de       0x1e build/sky/contiki-ng-sky.a(rpl-dag.o)
                0x000000000000c5de                rpl_dag_get_root_ipaddr
 .text.rpl_dag_leave
                0x000000000000c5fc       0x4a build/sky/contiki-ng-sky.a(rpl-dag.o)
                0x000000000000c5fc                rpl_dag_leave
 .text.rpl_dag_poison_and_leave
                0x000000000000c646        0xc build/sky/contiki-ng-sky.a(rpl-dag.o)
                0x000000000000c646                rpl_dag_poison_and_leave
 .text.rpl_dag_periodic
                0x000000000000c652       0x6a build/sky/contiki-ng-sky.a(rpl-dag.o)
                0x000000000000c652                rpl_dag_periodic
 .text.rpl_is_addr_in_our_dag
                0x000000000000c6bc       0x34 build/sky/contiki-ng-sky.a(rpl-dag.o)
                0x000000000000c6bc                rpl_is_addr_in_our_dag
 .text.rpl_local_repair
                0x000000000000c6f0       0x2a build/sky/contiki-ng-sky.a(rpl-dag.o)
                0x000000000000c6f0                rpl_local_repair
 .text.rpl_global_repair
                0x000000000000c71a       0x2e build/sky/contiki-ng-sky.a(rpl-dag.o)
                0x000000000000c71a                rpl_global_repair
 .text.rpl_dag_ready_to_advertise
                0x000000000000c748       0x22 build/sky/contiki-ng-sky.a(rpl-dag.o)
                0x000000000000c748                rpl_dag_ready_to_advertise
 .text.rpl_dag_update_state
                0x000000000000c76a      0x140 build/sky/contiki-ng-sky.a(rpl-dag.o)
                0x000000000000c76a                rpl_dag_update_state
 .text.rpl_process_dio
                0x000000000000c8aa      0x1b6 build/sky/contiki-ng-sky.a(rpl-dag.o)
                0x000000000000c8aa                rpl_process_dio
 .text.rpl_process_dis
                0x000000000000ca60       0x2a build/sky/contiki-ng-sky.a(rpl-dag.o)
                0x000000000000ca60                rpl_process_dis
 .text.rpl_process_dao
                0x000000000000ca8a       0x6c build/sky/contiki-ng-sky.a(rpl-dag.o)
                0x000000000000ca8a                rpl_process_dao
 .text.rpl_process_dao_ack
                0x000000000000caf6       0x54 build/sky/contiki-ng-sky.a(rpl-dag.o)
                0x000000000000caf6                rpl_process_dao_ack
 .text.rpl_process_hbh
                0x000000000000cb4a       0x2e build/sky/contiki-ng-sky.a(rpl-dag.o)
                0x000000000000cb4a                rpl_process_hbh
 .text.rpl_dag_init_root
                0x000000000000cb78       0xbc build/sky/contiki-ng-sky.a(rpl-dag.o)
                0x000000000000cb78                rpl_dag_init_root
 .text.rpl_dag_init
                0x000000000000cc34       0x10 build/sky/contiki-ng-sky.a(rpl-dag.o)
                0x000000000000cc34                rpl_dag_init
 .text.handle_state_update
                0x000000000000cc44        0x6 build/sky/contiki-ng-sky.a(rpl-timers.o)
 .text.handle_leaving_timer
                0x000000000000cc4a        0xc build/sky/contiki-ng-sky.a(rpl-timers.o)
 .text.schedule_dao_retransmission
                0x000000000000cc56       0x34 build/sky/contiki-ng-sky.a(rpl-timers.o)
 .text.new_dio_interval
                0x000000000000cc8a       0x8a build/sky/contiki-ng-sky.a(rpl-timers.o)
 .text.handle_unicast_dio_timer
                0x000000000000cd14       0x12 build/sky/contiki-ng-sky.a(rpl-timers.o)
 .text.send_new_dao
                0x000000000000cd26       0x30 build/sky/contiki-ng-sky.a(rpl-timers.o)
 .text.resend_dao
                0x000000000000cd56       0x24 build/sky/contiki-ng-sky.a(rpl-timers.o)
 .text.handle_dao_ack_timer
                0x000000000000cd7a       0x12 build/sky/contiki-ng-sky.a(rpl-timers.o)
 .text.handle_dio_timer
                0x000000000000cd8c       0x6e build/sky/contiki-ng-sky.a(rpl-timers.o)
 .text.rpl_timers_schedule_periodic_dis
                0x000000000000cdfa       0x40 build/sky/contiki-ng-sky.a(rpl-timers.o)
                0x000000000000cdfa                rpl_timers_schedule_periodic_dis
 .text.handle_periodic_timer
                0x000000000000ce3a       0x3a build/sky/contiki-ng-sky.a(rpl-timers.o)
 .text.handle_dis_timer
                0x000000000000ce74       0x26 build/sky/contiki-ng-sky.a(rpl-timers.o)
 .text.rpl_timers_dio_reset
                0x000000000000ce9a       0x2e build/sky/contiki-ng-sky.a(rpl-timers.o)
                0x000000000000ce9a                rpl_timers_dio_reset
 .text.rpl_timers_schedule_unicast_dio
                0x000000000000cec8       0x20 build/sky/contiki-ng-sky.a(rpl-timers.o)
                0x000000000000cec8                rpl_timers_schedule_unicast_dio
 .text.rpl_timers_schedule_dao
                0x000000000000cee8       0x3c build/sky/contiki-ng-sky.a(rpl-timers.o)
                0x000000000000cee8                rpl_timers_schedule_dao
 .text.rpl_timers_schedule_dao_ack
                0x000000000000cf24       0x34 build/sky/contiki-ng-sky.a(rpl-timers.o)
                0x000000000000cf24                rpl_timers_schedule_dao_ack
 .text.rpl_timers_notify_dao_ack
                0x000000000000cf58       0x82 build/sky/contiki-ng-sky.a(rpl-timers.o)
                0x000000000000cf58                rpl_timers_notify_dao_ack
 .text.get_probing_delay
                0x000000000000cfda       0x1c build/sky/contiki-ng-sky.a(rpl-timers.o)
                0x000000000000cfda                get_probing_delay
 .text.get_probing_target
                0x000000000000cff6       0xee build/sky/contiki-ng-sky.a(rpl-timers.o)
                0x000000000000cff6                get_probing_target
 .text.rpl_schedule_probing
                0x000000000000d0e4       0x20 build/sky/contiki-ng-sky.a(rpl-timers.o)
                0x000000000000d0e4                rpl_schedule_probing
 .text.handle_probing_timer
                0x000000000000d104       0x2a build/sky/contiki-ng-sky.a(rpl-timers.o)
 .text.rpl_schedule_probing_now
                0x000000000000d12e       0x24 build/sky/contiki-ng-sky.a(rpl-timers.o)
                0x000000000000d12e                rpl_schedule_probing_now
 .text.rpl_timers_unschedule_leaving
                0x000000000000d152       0x1c build/sky/contiki-ng-sky.a(rpl-timers.o)
                0x000000000000d152                rpl_timers_unschedule_leaving
 .text.rpl_timers_schedule_leaving
                0x000000000000d16e       0x2a build/sky/contiki-ng-sky.a(rpl-timers.o)
                0x000000000000d16e                rpl_timers_schedule_leaving
 .text.rpl_timers_init
                0x000000000000d198       0x1c build/sky/contiki-ng-sky.a(rpl-timers.o)
                0x000000000000d198                rpl_timers_init
 .text.rpl_timers_stop_dag_timers
                0x000000000000d1b4       0x4c build/sky/contiki-ng-sky.a(rpl-timers.o)
                0x000000000000d1b4                rpl_timers_stop_dag_timers
 .text.rpl_timers_unschedule_state_update
                0x000000000000d200       0x10 build/sky/contiki-ng-sky.a(rpl-timers.o)
                0x000000000000d200                rpl_timers_unschedule_state_update
 .text.rpl_timers_schedule_state_update
                0x000000000000d210       0x1c build/sky/contiki-ng-sky.a(rpl-timers.o)
                0x000000000000d210                rpl_timers_schedule_state_update
 .text.update_hbh_header
                0x000000000000d22c       0x4a build/sky/contiki-ng-sky.a(rpl-ext-header.)
 .text.rpl_ext_header_srh_get_next_hop
                0x000000000000d276       0x84 build/sky/contiki-ng-sky.a(rpl-ext-header.)
                0x000000000000d276                rpl_ext_header_srh_get_next_hop
 .text.rpl_ext_header_srh_update
                0x000000000000d2fa      0x102 build/sky/contiki-ng-sky.a(rpl-ext-header.)
                0x000000000000d2fa                rpl_ext_header_srh_update
 .text.rpl_ext_header_hbh_update
                0x000000000000d3fc       0x9e build/sky/contiki-ng-sky.a(rpl-ext-header.)
                0x000000000000d3fc                rpl_ext_header_hbh_update
 .text.rpl_ext_header_remove
                0x000000000000d49a       0xcc build/sky/contiki-ng-sky.a(rpl-ext-header.)
                0x000000000000d49a                rpl_ext_header_remove
 .text.rpl_ext_header_update
                0x000000000000d566      0x2aa build/sky/contiki-ng-sky.a(rpl-ext-header.)
                0x000000000000d566                rpl_ext_header_update
 .text.reset    0x000000000000d810        0x2 build/sky/contiki-ng-sky.a(rpl-mrhof.o)
 .text.update_metric_container
                0x000000000000d812        0x6 build/sky/contiki-ng-sky.a(rpl-mrhof.o)
 .text.nbr_link_metric
                0x000000000000d818       0x12 build/sky/contiki-ng-sky.a(rpl-mrhof.o)
 .text.nbr_has_usable_link
                0x000000000000d82a       0x14 build/sky/contiki-ng-sky.a(rpl-mrhof.o)
 .text.nbr_path_cost
                0x000000000000d83e       0x38 build/sky/contiki-ng-sky.a(rpl-mrhof.o)
 .text.within_hysteresis
                0x000000000000d876       0x54 build/sky/contiki-ng-sky.a(rpl-mrhof.o)
 .text.nbr_is_acceptable_parent
                0x000000000000d8ca       0x2c build/sky/contiki-ng-sky.a(rpl-mrhof.o)
 .text.rank_via_nbr
                0x000000000000d8f6       0x48 build/sky/contiki-ng-sky.a(rpl-mrhof.o)
 .text.best_parent
                0x000000000000d93e       0x7c build/sky/contiki-ng-sky.a(rpl-mrhof.o)
 .text.spi_init
                0x000000000000d9ba       0x30 build/sky/contiki-ng-sky.a(spi-legacy.o)
                0x000000000000d9ba                spi_init
 .text.libgcc   0x000000000000d9ea       0x2c /opt/mspgcc/bin/../lib/gcc/msp430/4.7.3/mmpy-16/libgcc.a(_mulsi3.o)
                0x000000000000d9ea                __mulsi3
 .text.libgcc   0x000000000000da16       0x22 /opt/mspgcc/bin/../lib/gcc/msp430/4.7.3/mmpy-16/libgcc.a(_udivmod16.o)
                0x000000000000da16                __udivhi3
                0x000000000000da16                __ext_udivmod16
                0x000000000000da30                __umodhi3
 .text.libgcc   0x000000000000da38       0x3a /opt/mspgcc/bin/../lib/gcc/msp430/4.7.3/mmpy-16/libgcc.a(_divmod16.o)
                0x000000000000da38                __ext_divmod16
                0x000000000000da38                __divhi3
                0x000000000000da6a                __modhi3
 .text.libgcc   0x000000000000da72       0x40 /opt/mspgcc/bin/../lib/gcc/msp430/4.7.3/mmpy-16/libgcc.a(_udivmod32.o)
                0x000000000000da72                __udivsi3
                0x000000000000da72                __ext_udivmod32
                0x000000000000daa8                __umodsi3
 .text.libgcc   0x000000000000dab2       0x4c /opt/mspgcc/bin/../lib/gcc/msp430/4.7.3/mmpy-16/libgcc.a(_divmod32.o)
                0x000000000000dab2                __ext_divmod32
                0x000000000000dab2                __divsi3
                0x000000000000daf4                __modsi3
 .text.printf   0x000000000000dafe       0x10 /opt/mspgcc/bin/../lib/gcc/msp430/4.7.3/../../../../msp430/lib/mmpy-16/libc.a(printf.o)
                0x000000000000dafe                printf
 .text.append   0x000000000000db0e       0x22 /opt/mspgcc/bin/../lib/gcc/msp430/4.7.3/../../../../msp430/lib/mmpy-16/libc.a(sprintf.o)
 .text.call_vuprintf
                0x000000000000db30       0x3a /opt/mspgcc/bin/../lib/gcc/msp430/4.7.3/../../../../msp430/lib/mmpy-16/libc.a(sprintf.o)
 .text.snprintf
                0x000000000000db6a       0x1a /opt/mspgcc/bin/../lib/gcc/msp430/4.7.3/../../../../msp430/lib/mmpy-16/libc.a(sprintf.o)
                0x000000000000db6a                snprintf
 .text.print_field
                0x000000000000db84      0x194 /opt/mspgcc/bin/../lib/gcc/msp430/4.7.3/../../../../msp430/lib/mmpy-16/libc.a(vuprintf.o)
 .text.vuprintf
                0x000000000000dd18      0x63e /opt/mspgcc/bin/../lib/gcc/msp430/4.7.3/../../../../msp430/lib/mmpy-16/libc.a(vuprintf.o)
                0x000000000000dd18                vuprintf
 .text.puts     0x000000000000e356       0x2c /opt/mspgcc/bin/../lib/gcc/msp430/4.7.3/../../../../msp430/lib/mmpy-16/libc.a(puts.o)
                0x000000000000e356                puts
 .text.rand     0x000000000000e382       0x26 /opt/mspgcc/bin/../lib/gcc/msp430/4.7.3/../../../../msp430/lib/mmpy-16/libc.a(rand.o)
                0x000000000000e382                rand
 .text.srand    0x000000000000e3a8        0xa /opt/mspgcc/bin/../lib/gcc/msp430/4.7.3/../../../../msp430/lib/mmpy-16/libc.a(rand.o)
                0x000000000000e3a8                srand
 .text.memcmp   0x000000000000e3b2       0x30 /opt/mspgcc/bin/../lib/gcc/msp430/4.7.3/../../../../msp430/lib/mmpy-16/libc.a(memcmp.o)
                0x000000000000e3b2                memcmp
 .text.memcpy   0x000000000000e3e2       0xfa /opt/mspgcc/bin/../lib/gcc/msp430/4.7.3/../../../../msp430/lib/mmpy-16/libc.a(memcpy.o)
                0x000000000000e3e2                memcpy
 .text.memmove  0x000000000000e4dc       0xfa /opt/mspgcc/bin/../lib/gcc/msp430/4.7.3/../../../../msp430/lib/mmpy-16/libc.a(memmove.o)
                0x000000000000e4dc                memmove
 .text.memset   0x000000000000e5d6       0x6a /opt/mspgcc/bin/../lib/gcc/msp430/4.7.3/../../../../msp430/lib/mmpy-16/libc.a(memset.o)
                0x000000000000e5d6                memset
 .text.libgcc   0x000000000000e640       0xf0 /opt/mspgcc/bin/../lib/gcc/msp430/4.7.3/mmpy-16/libgcc.a(_udivmod64.o)
                0x000000000000e640                __xabi_udivmod64
                0x000000000000e69e                __udivdi3
                0x000000000000e6c4                __umoddi3
                0x000000000000e6f2                __udivmoddi4
 .text.crt0     0x000000000000e730        0x2 /opt/mspgcc/bin/../lib/gcc/msp430/4.7.3/mmpy-16/libcrt0.a(_unexpected_.o)
                0x000000000000e730                _unexpected_
 *(.near.text .near.text.*)

.rodata         0x000000000000e734      0x585
                0x000000000000e734                . = ALIGN (0x2)
 *(.rodata .rodata.* .gnu.linkonce.r.*)
 .rodata        0x000000000000e734       0x5a border-router.o
                0x000000000000e770                autostart_processes
 .rodata        0x000000000000e78e       0xf4 build/sky/obj/contiki-main.o
 .rodata        0x000000000000e882       0x31 build/sky/contiki-ng-sky.a(platform.o)
 .rodata        0x000000000000e8b3       0x31 build/sky/contiki-ng-sky.a(rpl-border-rout)
 .rodata        0x000000000000e8e4        0xf build/sky/contiki-ng-sky.a(ctimer.o)
 *fill*         0x000000000000e8f3        0x1 00
 .rodata        0x000000000000e8f4       0xb6 build/sky/contiki-ng-sky.a(log.o)
 .rodata        0x000000000000e9aa        0xc build/sky/contiki-ng-sky.a(etimer.o)
 .rodata        0x000000000000e9b6        0x8 build/sky/contiki-ng-sky.a(linkaddr.o)
                0x000000000000e9b6                linkaddr_null
 .rodata        0x000000000000e9be       0x14 build/sky/contiki-ng-sky.a(csma.o)
                0x000000000000e9c4                csma_driver
 .rodata        0x000000000000e9d2       0x27 build/sky/contiki-ng-sky.a(tcpip.o)
 *fill*         0x000000000000e9f9        0x1 00
 .rodata        0x000000000000e9fa       0x26 build/sky/contiki-ng-sky.a(sicslowpan.o)
                0x000000000000ea06                sicslowpan_driver
                0x000000000000ea0e                llprefix
                0x000000000000ea10                unc_mxconf
                0x000000000000ea14                unc_ctxconf
                0x000000000000ea18                unc_llconf
 .rodata        0x000000000000ea20       0x2d build/sky/contiki-ng-sky.a(uiplib.o)
 *fill*         0x000000000000ea4d        0x1 00
 .rodata        0x000000000000ea4e       0x34 build/sky/contiki-ng-sky.a(rpl.o)
                0x000000000000ea58                rpl_lite_driver
 .rodata        0x000000000000ea82       0x16 build/sky/contiki-ng-sky.a(slip-bridge.o)
                0x000000000000ea94                rpl_interface
 .rodata        0x000000000000ea98       0x80 build/sky/contiki-ng-sky.a(border-router-e)
 .rodata        0x000000000000eb18       0x10 build/sky/contiki-ng-sky.a(button-sensor.o)
                0x000000000000eb20                button_sensor
 .rodata        0x000000000000eb28        0x8 build/sky/contiki-ng-sky.a(sensors.o)
 .rodata.get_value
                0x000000000000eb30       0x34 build/sky/contiki-ng-sky.a(cc2420.o)
 .rodata.set_value
                0x000000000000eb64       0x10 build/sky/contiki-ng-sky.a(cc2420.o)