Archive member included to satisfy reference by file (symbol)

build/native/contiki-ng-native.a(webserver.o)
                              border-router.o (controller)
build/native/contiki-ng-native.a(contiki-main.o)
                              /usr/lib/gcc/x86_64-linux-gnu/9/../../../x86_64-linux-gnu/Scrt1.o (main)
build/native/contiki-ng-native.a(autostart.o)
                              build/native/contiki-ng-native.a(contiki-main.o) (autostart_start)
build/native/contiki-ng-native.a(ctimer.o)
                              build/native/contiki-ng-native.a(contiki-main.o) (ctimer_init)
build/native/contiki-ng-native.a(log.o)
                              build/native/contiki-ng-native.a(contiki-main.o) (log_6addr)
build/native/contiki-ng-native.a(energest.o)
                              build/native/contiki-ng-native.a(contiki-main.o) (energest_init)
build/native/contiki-ng-native.a(etimer.o)
                              build/native/contiki-ng-native.a(contiki-main.o) (etimer_process)
build/native/contiki-ng-native.a(node-id.o)
                              build/native/contiki-ng-native.a(contiki-main.o) (node_id_init)
build/native/contiki-ng-native.a(rtimer.o)
                              build/native/contiki-ng-native.a(contiki-main.o) (rtimer_init)
build/native/contiki-ng-native.a(process.o)
                              build/native/contiki-ng-native.a(ctimer.o) (process_current)
build/native/contiki-ng-native.a(timer.o)
                              build/native/contiki-ng-native.a(etimer.o) (timer_set)
build/native/contiki-ng-native.a(list.o)
                              build/native/contiki-ng-native.a(ctimer.o) (list_init)
build/native/contiki-ng-native.a(queuebuf.o)
                              build/native/contiki-ng-native.a(contiki-main.o) (queuebuf_init)
build/native/contiki-ng-native.a(packetbuf.o)
                              build/native/contiki-ng-native.a(queuebuf.o) (packetbuf_copyto)
build/native/contiki-ng-native.a(netstack.o)
                              build/native/contiki-ng-native.a(contiki-main.o) (netstack_init)
build/native/contiki-ng-native.a(linkaddr.o)
                              build/native/contiki-ng-native.a(packetbuf.o) (linkaddr_copy)
build/native/contiki-ng-native.a(uip-sr.o)
                              build/native/contiki-ng-native.a(webserver.o) (uip_sr_num_nodes)
build/native/contiki-ng-native.a(uip-ds6.o)
                              build/native/contiki-ng-native.a(contiki-main.o) (uip_ds6_get_link_local)
build/native/contiki-ng-native.a(uip-ds6-route.o)
                              build/native/contiki-ng-native.a(uip-ds6.o) (uip_ds6_route_init)
build/native/contiki-ng-native.a(psock.o)
                              build/native/contiki-ng-native.a(webserver.o) (psock_send)
build/native/contiki-ng-native.a(tcpip.o)
                              build/native/contiki-ng-native.a(contiki-main.o) (tcpip_process)
build/native/contiki-ng-native.a(uip6.o)
                              build/native/contiki-ng-native.a(tcpip.o) (uip_aligned_buf)
build/native/contiki-ng-native.a(uip-ds6-nbr.o)
                              build/native/contiki-ng-native.a(uip-ds6.o) (uip_ds6_neighbors_init)
build/native/contiki-ng-native.a(uip-nd6.o)
                              build/native/contiki-ng-native.a(uip6.o) (uip_nd6_init)
build/native/contiki-ng-native.a(simple-udp.o)
                              build/native/contiki-ng-native.a(webserver.o) (simple_udp_sendto)
build/native/contiki-ng-native.a(sicslowpan.o)
                              build/native/contiki-ng-native.a(contiki-main.o) (sicslowpan_driver)
build/native/contiki-ng-native.a(uiplib.o)
                              build/native/contiki-ng-native.a(webserver.o) (uiplib_ip6addrconv)
build/native/contiki-ng-native.a(rpl.o)
                              build/native/contiki-ng-native.a(webserver.o) (rpl_lite_driver)
build/native/contiki-ng-native.a(rpl-icmp6.o)
                              build/native/contiki-ng-native.a(webserver.o) (rpl_icmp6_pdao_output)
build/native/contiki-ng-native.a(rpl-dag-root.o)
                              build/native/contiki-ng-native.a(rpl.o) (rpl_dag_root_set_prefix)
build/native/contiki-ng-native.a(tun-bridge.o)
                              build/native/contiki-ng-native.a(tcpip.o) (rpl_interface)
build/native/contiki-ng-native.a(slip-dev.o)
                              build/native/contiki-ng-native.a(tun-bridge.o) (slip_init)
build/native/contiki-ng-native.a(slip-config.o)
                              build/native/contiki-ng-native.a(slip-dev.o) (slip_config_verbose)
build/native/contiki-ng-native.a(border-router-m)
                              build/native/contiki-ng-native.a(contiki-main.o) (border_router_mac_driver)
build/native/contiki-ng-native.a(border-router-c)
                              build/native/contiki-ng-native.a(slip-dev.o) (command_context)
build/native/contiki-ng-native.a(cmd.o)
[...]
Memory Configuration

Name             Origin             Length             Attributes
*default*        0x0000000000000000 0xffffffffffffffff

Linker script and memory map

LOAD /usr/lib/gcc/x86_64-linux-gnu/9/../../../x86_64-linux-gnu/Scrt1.o
LOAD /usr/lib/gcc/x86_64-linux-gnu/9/../../../x86_64-linux-gnu/crti.o
LOAD /usr/lib/gcc/x86_64-linux-gnu/9/crtbeginS.o
LOAD border-router.o
LOAD build/native/contiki-ng-native.a
LOAD /usr/lib/gcc/x86_64-linux-gnu/9/../../../x86_64-linux-gnu/librt.so
LOAD /usr/lib/gcc/x86_64-linux-gnu/9/libgcc.a
LOAD /usr/lib/gcc/x86_64-linux-gnu/9/libgcc_s.so
START GROUP
LOAD /lib/x86_64-linux-gnu/libgcc_s.so.1
LOAD /usr/lib/gcc/x86_64-linux-gnu/9/libgcc.a
END GROUP
LOAD /usr/lib/gcc/x86_64-linux-gnu/9/../../../x86_64-linux-gnu/libc.so
START GROUP
LOAD /lib/x86_64-linux-gnu/libc.so.6
LOAD /usr/lib/x86_64-linux-gnu/libc_nonshared.a
LOAD /lib/x86_64-linux-gnu/ld-linux-x86-64.so.2
END GROUP
LOAD /usr/lib/gcc/x86_64-linux-gnu/9/libgcc.a
LOAD /usr/lib/gcc/x86_64-linux-gnu/9/libgcc_s.so
START GROUP
LOAD /lib/x86_64-linux-gnu/libgcc_s.so.1
LOAD /usr/lib/gcc/x86_64-linux-gnu/9/libgcc.a
END GROUP
LOAD /usr/lib/gcc/x86_64-linux-gnu/9/crtendS.o
LOAD /usr/lib/gcc/x86_64-linux-gnu/9/../../../x86_64-linux-gnu/crtn.o
                [!provide]                        PROVIDE (__executable_start = SEGMENT_START ("text-segment", 0x0))
                0x0000000000000318                . = (SEGMENT_START ("text-segment", 0x0) + SIZEOF_HEADERS)

.interp         0x0000000000000318       0x1c
 *(.interp)
 .interp        0x0000000000000318       0x1c /usr/lib/gcc/x86_64-linux-gnu/9/../../../x86_64-linux-gnu/Scrt1.o

.note.gnu.property
                0x0000000000000338       0x20
 .note.gnu.property
                0x0000000000000338       0x20 /usr/lib/gcc/x86_64-linux-gnu/9/../../../x86_64-linux-gnu/Scrt1.o

.note.gnu.build-id
                0x0000000000000358       0x24
 *(.note.gnu.build-id)
 .note.gnu.build-id
                0x0000000000000358       0x24 /usr/lib/gcc/x86_64-linux-gnu/9/../../../x86_64-linux-gnu/Scrt1.o

.note.ABI-tag   0x000000000000037c       0x20
 .note.ABI-tag  0x000000000000037c       0x20 /usr/lib/gcc/x86_64-linux-gnu/9/../../../x86_64-linux-gnu/Scrt1.o

.hash
 *(.hash)

.gnu.hash       0x00000000000003a0     0x13cc
 *(.gnu.hash)
 .gnu.hash      0x00000000000003a0     0x13cc /usr/lib/gcc/x86_64-linux-gnu/9/../../../x86_64-linux-gnu/Scrt1.o

.dynsym         0x0000000000001770     0x4050
 *(.dynsym)
 .dynsym        0x0000000000001770     0x4050 /usr/lib/gcc/x86_64-linux-gnu/9/../../../x86_64-linux-gnu/Scrt1.o

.dynstr         0x00000000000057c0     0x2e5c
 *(.dynstr)
 .dynstr        0x00000000000057c0     0x2e5c /usr/lib/gcc/x86_64-linux-gnu/9/../../../x86_64-linux-gnu/Scrt1.o

.gnu.version    0x000000000000861c      0x55c
 *(.gnu.version)
 .gnu.version   0x000000000000861c      0x55c /usr/lib/gcc/x86_64-linux-gnu/9/../../../x86_64-linux-gnu/Scrt1.o

.gnu.version_d  0x0000000000008b78        0x0
 *(.gnu.version_d)
 .gnu.version_d
                0x0000000000008b78        0x0 /usr/lib/gcc/x86_64-linux-gnu/9/../../../x86_64-linux-gnu/Scrt1.o

.gnu.version_r  0x0000000000008b78       0x80
 *(.gnu.version_r)
 .gnu.version_r
                0x0000000000008b78       0x80 /usr/lib/gcc/x86_64-linux-gnu/9/../../../x86_64-linux-gnu/Scrt1.o

.rela.dyn       0x0000000000008bf8     0x12d8
 *(.rela.init)
 *(.rela.text .rela.text.* .rela.gnu.linkonce.t.*)
 .rela.text     0x0000000000008bf8        0x0 /usr/lib/gcc/x86_64-linux-gnu/9/../../../x86_64-linux-gnu/Scrt1.o
 .rela.text.startup
                0x0000000000008bf8        0x0 /usr/lib/gcc/x86_64-linux-gnu/9/../../../x86_64-linux-gnu/Scrt1.o
 *(.rela.fini)
 *(.rela.rodata .rela.rodata.* .rela.gnu.linkonce.r.*)
 *(.rela.data .rela.data.* .rela.gnu.linkonce.d.*)
 .rela.data.rel.ro
                0x0000000000008bf8      0x210 /usr/lib/gcc/x86_64-linux-gnu/9/../../../x86_64-linux-gnu/Scrt1.o
 .rela.data.rel.local
                0x0000000000008e08      0x810 /usr/lib/gcc/x86_64-linux-gnu/9/../../../x86_64-linux-gnu/Scrt1.o
 .rela.data.rel.ro.local
                0x0000000000009618      0x7b0 /usr/lib/gcc/x86_64-linux-gnu/9/../../../x86_64-linux-gnu/Scrt1.o
 *(.rela.tdata .rela.tdata.* .rela.gnu.linkonce.td.*)
 *(.rela.tbss .rela.tbss.* .rela.gnu.linkonce.tb.*)
 *(.rela.ctors)
 *(.rela.dtors)
 *(.rela.got)
 .rela.got      0x0000000000009dc8       0x78 /usr/lib/gcc/x86_64-linux-gnu/9/../../../x86_64-linux-gnu/Scrt1.o
 *(.rela.bss .rela.bss.* .rela.gnu.linkonce.b.*)
 .rela.bss      0x0000000000009e40       0x60 /usr/lib/gcc/x86_64-linux-gnu/9/../../../x86_64-linux-gnu/Scrt1.o
 *(.rela.ldata .rela.ldata.* .rela.gnu.linkonce.l.*)
 *(.rela.lbss .rela.lbss.* .rela.gnu.linkonce.lb.*)
 *(.rela.lrodata .rela.lrodata.* .rela.gnu.linkonce.lr.*)
 *(.rela.ifunc)
 .rela.ifunc    0x0000000000009ea0        0x0 /usr/lib/gcc/x86_64-linux-gnu/9/../../../x86_64-linux-gnu/Scrt1.o
 .rela.fini_array
                0x0000000000009ea0       0x18 /usr/lib/gcc/x86_64-linux-gnu/9/../../../x86_64-linux-gnu/Scrt1.o
 .rela.init_array
                0x0000000000009eb8       0x18 /usr/lib/gcc/x86_64-linux-gnu/9/../../../x86_64-linux-gnu/Scrt1.o

.rela.plt       0x0000000000009ed0      0x648
 *(.rela.plt)
 .rela.plt      0x0000000000009ed0      0x648 /usr/lib/gcc/x86_64-linux-gnu/9/../../../x86_64-linux-gnu/Scrt1.o
 *(.rela.iplt)
                0x000000000000b000                . = ALIGN (CONSTANT (MAXPAGESIZE))

.init           0x000000000000b000       0x1b
 *(SORT_NONE(.init))
 .init          0x000000000000b000       0x16 /usr/lib/gcc/x86_64-linux-gnu/9/../../../x86_64-linux-gnu/crti.o
                0x000000000000b000                _init
 .init          0x000000000000b016        0x5 /usr/lib/gcc/x86_64-linux-gnu/9/../../../x86_64-linux-gnu/crtn.o

.plt            0x000000000000b020      0x440
 *(.plt)
 .plt           0x000000000000b020      0x440 /usr/lib/gcc/x86_64-linux-gnu/9/../../../x86_64-linux-gnu/Scrt1.o
 *(.iplt)

.plt.got        0x000000000000b460       0x10
 *(.plt.got)
 .plt.got       0x000000000000b460       0x10 /usr/lib/gcc/x86_64-linux-gnu/9/../../../x86_64-linux-gnu/Scrt1.o
                0x000000000000b460                __cxa_finalize@@GLIBC_2.2.5

.plt.sec        0x000000000000b470      0x430
 *(.plt.sec)
 .plt.sec       0x000000000000b470      0x430 /usr/lib/gcc/x86_64-linux-gnu/9/../../../x86_64-linux-gnu/Scrt1.o
                0x000000000000b470                inet_ntop@@GLIBC_2.2.5
                0x000000000000b480                __snprintf_chk@@GLIBC_2.3.4
                0x000000000000b490                putchar@@GLIBC_2.2.5
                0x000000000000b4a0                __errno_location@@GLIBC_2.2.5
                0x000000000000b4b0                strncpy@@GLIBC_2.2.5
                0x000000000000b4c0                strcpy@@GLIBC_2.2.5
                0x000000000000b4d0                __isoc99_fscanf@@GLIBC_2.7
                0x000000000000b4e0                puts@@GLIBC_2.2.5
                0x000000000000b4f0                fread@@GLIBC_2.2.5
                0x000000000000b500                fcntl@@GLIBC_2.2.5
                0x000000000000b510                clock_gettime@@GLIBC_2.17
                0x000000000000b520                write@@GLIBC_2.2.5
                0x000000000000b530                __open_2@@GLIBC_2.7
                0x000000000000b540                fclose@@GLIBC_2.2.5
                0x000000000000b550                cfsetospeed@@GLIBC_2.2.5
                0x000000000000b560                strlen@@GLIBC_2.2.5
                0x000000000000b570                __stack_chk_fail@@GLIBC_2.4
                0x000000000000b580                system@@GLIBC_2.2.5
                0x000000000000b590                tcflush@@GLIBC_2.2.5
                0x000000000000b5a0                strchr@@GLIBC_2.2.5
                0x000000000000b5b0                __fdelt_chk@@GLIBC_2.15
                0x000000000000b5c0                snprintf@@GLIBC_2.2.5
                0x000000000000b5d0                gai_strerror@@GLIBC_2.2.5
                0x000000000000b5e0                gettimeofday@@GLIBC_2.2.5
                0x000000000000b5f0                memset@@GLIBC_2.2.5
                0x000000000000b600                ioctl@@GLIBC_2.2.5
                0x000000000000b610                close@@GLIBC_2.2.5
                0x000000000000b620                read@@GLIBC_2.2.5
                0x000000000000b630                srand@@GLIBC_2.2.5
                0x000000000000b640                memcmp@@GLIBC_2.2.5
                0x000000000000b650                strcmp@@GLIBC_2.2.5
                0x000000000000b660                signal@@GLIBC_2.2.5
                0x000000000000b670                __memmove_chk@@GLIBC_2.3.4
                0x000000000000b680                __memcpy_chk@@GLIBC_2.3.4
                0x000000000000b690                strtol@@GLIBC_2.2.5
                0x000000000000b6a0                clearerr@@GLIBC_2.2.5
                0x000000000000b6b0                memcpy@@GLIBC_2.14
                0x000000000000b6c0                select@@GLIBC_2.2.5
                0x000000000000b6d0                err@@GLIBC_2.2.5
                0x000000000000b6e0                malloc@@GLIBC_2.2.5
                0x000000000000b6f0                fflush@@GLIBC_2.2.5
                0x000000000000b700                ungetc@@GLIBC_2.2.5
                0x000000000000b710                __vsnprintf_chk@@GLIBC_2.3.4
                0x000000000000b720                fdopen@@GLIBC_2.2.5
                0x000000000000b730                setitimer@@GLIBC_2.2.5
                0x000000000000b740                cfmakeraw@@GLIBC_2.2.5
                0x000000000000b750                __printf_chk@@GLIBC_2.3.4
                0x000000000000b760                setvbuf@@GLIBC_2.2.5
                0x000000000000b770                memmove@@GLIBC_2.2.5
                0x000000000000b780                tcgetattr@@GLIBC_2.2.5
                0x000000000000b790                tcsetattr@@GLIBC_2.2.5
                0x000000000000b7a0                open@@GLIBC_2.2.5
                0x000000000000b7b0                fopen@@GLIBC_2.2.5
                0x000000000000b7c0                cfsetispeed@@GLIBC_2.2.5
                0x000000000000b7d0                perror@@GLIBC_2.2.5
                0x000000000000b7e0                getopt@@GLIBC_2.2.5
                0x000000000000b7f0                __cxa_atexit@@GLIBC_2.2.5
                0x000000000000b800                exit@@GLIBC_2.2.5
                0x000000000000b810                connect@@GLIBC_2.2.5
                0x000000000000b820                fwrite@@GLIBC_2.2.5
                0x000000000000b830                __fprintf_chk@@GLIBC_2.3.4
                0x000000000000b840                __strncat_chk@@GLIBC_2.3.4
                0x000000000000b850                getaddrinfo@@GLIBC_2.2.5
                0x000000000000b860                rand@@GLIBC_2.2.5
                0x000000000000b870                usleep@@GLIBC_2.2.5
                0x000000000000b880                freeaddrinfo@@GLIBC_2.2.5
                0x000000000000b890                socket@@GLIBC_2.2.5

.text           0x000000000000b8a0    0x16592
 *(.text.unlikely .text.*_unlikely .text.unlikely.*)
 *(.text.exit .text.exit.*)
 *(.text.startup .text.startup.*)
 .text.startup  0x000000000000b8a0      0x36c build/native/contiki-ng-native.a(contiki-main.o)
                0x000000000000b8a0                main
 *(.text.hot .text.hot.*)
 *(SORT_BY_NAME(.text.sorted.*))
 *(.text .stub .text.* .gnu.linkonce.t.*)
 *fill*         0x000000000000bc0c        0x4 
 .text          0x000000000000bc10       0x2f /usr/lib/gcc/x86_64-linux-gnu/9/../../../x86_64-linux-gnu/Scrt1.o
                0x000000000000bc10                _start
 .text          0x000000000000bc3f        0x0 /usr/lib/gcc/x86_64-linux-gnu/9/../../../x86_64-linux-gnu/crti.o
 *fill*         0x000000000000bc3f        0x1 
 .text          0x000000000000bc40       0xb9 /usr/lib/gcc/x86_64-linux-gnu/9/crtbeginS.o
 *fill*         0x000000000000bcf9        0x7 
 .text          0x000000000000bd00       0x75 border-router.o
 *fill*         0x000000000000bd75        0xb 
 .text          0x000000000000bd80      0x9e8 build/native/contiki-ng-native.a(webserver.o)
                0x000000000000c740                httpd_simple_get_script
 .text          0x000000000000c768        0x0 build/native/contiki-ng-native.a(contiki-main.o)
 *fill*         0x000000000000c768        0x8 
 .text          0x000000000000c770       0x71 build/native/contiki-ng-native.a(autostart.o)
                0x000000000000c770                autostart_start
                0x000000000000c7b0                autostart_exit
 *fill*         0x000000000000c7e1        0xf 
 .text          0x000000000000c7f0      0x32c build/native/contiki-ng-native.a(ctimer.o)
                0x000000000000c8f0                ctimer_init
                0x000000000000c920                ctimer_set_with_process
                0x000000000000c990                ctimer_set
                0x000000000000c9a0                ctimer_reset
                0x000000000000ca00                ctimer_restart
                0x000000000000ca60                ctimer_stop
                0x000000000000cac0                ctimer_expired
 *fill*         0x000000000000cb1c        0x4 
 .text          0x000000000000cb20      0x3c0 build/native/contiki-ng-native.a(log.o)
                0x000000000000cb20                log_6addr
                0x000000000000cb80                log_6addr_compact_snprint
                0x000000000000cbf0                log_6addr_compact
                0x000000000000cc50                log_lladdr
                0x000000000000cd00                log_lladdr_compact
                0x000000000000cd60                log_set_level
                0x000000000000cdf0                log_get_level
                0x000000000000ce70                log_level_to_str
 .text          0x000000000000cee0       0x27 build/native/contiki-ng-native.a(energest.o)
                0x000000000000cee0                energest_init
                0x000000000000cef0                energest_flush
                0x000000000000cf00                energest_get_total_time
 *fill*         0x000000000000cf07        0x9 
 .text          0x000000000000cf10      0x44d build/native/contiki-ng-native.a(etimer.o)
                0x000000000000d1a0                etimer_request_poll
                0x000000000000d1b0                etimer_set
                0x000000000000d1d0                etimer_reset_with_new_interval
                0x000000000000d200                etimer_reset
                0x000000000000d220                etimer_restart
                0x000000000000d240                etimer_adjust
                0x000000000000d270                etimer_expired
                0x000000000000d280                etimer_expiration_time
                0x000000000000d290                etimer_start_time
                0x000000000000d2a0                etimer_pending
                0x000000000000d2c0                etimer_next_expiration_time
                0x000000000000d2e0                etimer_stop
 *fill*         0x000000000000d35d        0x3 
 .text          0x000000000000d360       0x1f build/native/contiki-ng-native.a(node-id.o)
                0x000000000000d360                node_id_init
 *fill*         0x000000000000d37f        0x1 
 .text          0x000000000000d380       0xa9 build/native/contiki-ng-native.a(rtimer.o)
                0x000000000000d380                rtimer_init
                0x000000000000d390                rtimer_set
                0x000000000000d3e0                rtimer_run_next
 *fill*         0x000000000000d429        0x7 
 .text          0x000000000000d430      0x47e build/native/contiki-ng-native.a(process.o)
                0x000000000000d610                process_alloc_event
                0x000000000000d630                process_start
                0x000000000000d6a0                process_exit
                0x000000000000d6b0                process_init
                0x000000000000d6e0                process_run
                0x000000000000d7d0                process_nevents
                0x000000000000d7f0                process_post
                0x000000000000d840                process_post_synch
                0x000000000000d870                process_poll
                0x000000000000d8a0                process_is_running
 *fill*         0x000000000000d8ae        0x2 
 .text          0x000000000000d8b0       0xa9 build/native/contiki-ng-native.a(timer.o)
                0x000000000000d8b0                timer_set
                0x000000000000d8d0                timer_reset
                0x000000000000d900                timer_restart
                0x000000000000d920                timer_expired
                0x000000000000d940                timer_remaining
 *fill*         0x000000000000d959        0x7 
 .text          0x000000000000d960      0x349 build/native/contiki-ng-native.a(list.o)
                0x000000000000d960                list_init
                0x000000000000d970                list_head
                0x000000000000d980                list_copy
                0x000000000000d990                list_tail
                0x000000000000d9c0                list_add
                0x000000000000da40                list_push
                0x000000000000daa0                list_chop
                0x000000000000db00                list_pop
                0x000000000000db20                list_remove
                0x000000000000db70                list_length
                0x000000000000db90                list_insert
                0x000000000000dc50                list_item_next
                0x000000000000dc70                list_contains
 *fill*         0x000000000000dca9        0x7 
 .text          0x000000000000dcb0      0x225 build/native/contiki-ng-native.a(queuebuf.o)
                0x000000000000dcb0                queuebuf_init
                0x000000000000dce0                queuebuf_numfree
                0x000000000000dcf0                queuebuf_new_from_packetbuf
                0x000000000000dd70                queuebuf_update_attr_from_packetbuf
                0x000000000000dd90                queuebuf_update_from_packetbuf
                0x000000000000ddc0                queuebuf_free
                0x000000000000de00                queuebuf_to_packetbuf
                0x000000000000de50                queuebuf_dataptr
                0x000000000000de80                queuebuf_datalen
                0x000000000000de90                queuebuf_addr
                0x000000000000deb0                queuebuf_attr
                0x000000000000ded0                queuebuf_debug_print
 *fill*         0x000000000000ded5        0xb 
 .text          0x000000000000dee0      0x477 build/native/contiki-ng-native.a(packetbuf.o)
                0x000000000000dee0                packetbuf_copyto
                0x000000000000dfd0                packetbuf_hdralloc
                0x000000000000e050                packetbuf_hdrreduce
                0x000000000000e080                packetbuf_set_datalen
                0x000000000000e090                packetbuf_dataptr
                0x000000000000e0b0                packetbuf_hdrptr
                0x000000000000e0c0                packetbuf_datalen
                0x000000000000e0d0                packetbuf_hdrlen
                0x000000000000e0f0                packetbuf_totlen
                0x000000000000e110                packetbuf_remaininglen
                0x000000000000e140                packetbuf_attr_clear
                0x000000000000e1a0                packetbuf_clear
                0x000000000000e1c0                packetbuf_copyfrom
                0x000000000000e230                packetbuf_attr_copyto
                0x000000000000e270                packetbuf_attr_copyfrom
                0x000000000000e2b0                packetbuf_set_attr
                0x000000000000e2d0                packetbuf_attr
                0x000000000000e2f0                packetbuf_set_addr
                0x000000000000e320                packetbuf_addr
                0x000000000000e340                packetbuf_holds_broadcast
 *fill*         0x000000000000e357        0x9 
 .text          0x000000000000e360       0xee build/native/contiki-ng-native.a(netstack.o)
                0x000000000000e360                netstack_process_ip_callback
                0x000000000000e3e0                netstack_ip_packet_processor_add
                0x000000000000e410                uip_ds6_ip_packet_processor_rm
                0x000000000000e430                netstack_init
 *fill*         0x000000000000e44e        0x2 
 .text          0x000000000000e450       0x3f build/native/contiki-ng-native.a(linkaddr.o)
                0x000000000000e450                linkaddr_copy
                0x000000000000e460                linkaddr_cmp
                0x000000000000e480                linkaddr_set_node_addr
 *fill*         0x000000000000e48f        0x1 
 .text          0x000000000000e490      0x5d9 build/native/contiki-ng-native.a(uip-sr.o)
                0x000000000000e4f0                uip_sr_num_nodes
                0x000000000000e500                uip_sr_get_node
                0x000000000000e580                uip_sr_is_addr_reachable
                0x000000000000e630                uip_sr_expire_parent
                0x000000000000e680                uip_sr_update_node
                0x000000000000e790                uip_sr_init
                0x000000000000e7c0                uip_sr_node_head
                0x000000000000e7d0                uip_sr_node_next
                0x000000000000e7e0                uip_sr_periodic
                0x000000000000e8b0                uip_sr_free_all
                0x000000000000e920                uip_sr_link_snprint
 *fill*         0x000000000000ea69        0x7 
 .text          0x000000000000ea70      0xb12 build/native/contiki-ng-native.a(uip-ds6.o)
                0x000000000000eb30                uip_ds6_default_prefix
                0x000000000000eb40                uip_ds6_set_default_prefix
                0x000000000000eb50                uip_ds6_list_loop
                0x000000000000eb90                uip_ds6_prefix_add
                0x000000000000ec40                uip_ds6_prefix_rm
                0x000000000000ec50                uip_ds6_prefix_lookup
                0x000000000000ecb0                uip_ds6_is_addr_onlink
                0x000000000000ed20                uip_ds6_addr_lookup
                0x000000000000ed80                uip_ds6_get_link_local
                0x000000000000edf0                uip_ds6_get_global
                0x000000000000ee60                uip_ds6_maddr_add
                0x000000000000eec0                uip_ds6_addr_add
                0x000000000000efb0                uip_ds6_maddr_rm
                0x000000000000efc0                uip_ds6_maddr_lookup
                0x000000000000f080                uip_ds6_addr_rm
                0x000000000000f0a0                uip_ds6_periodic
                0x000000000000f120                uip_ds6_aaddr_add
                0x000000000000f180                uip_ds6_aaddr_rm
                0x000000000000f190                uip_ds6_aaddr_lookup
                0x000000000000f1f0                uip_ds6_select_src
                0x000000000000f340                uip_ds6_set_addr_iid
                0x000000000000f350                uip_ds6_set_lladdr_from_iid
                0x000000000000f360                get_match_length
                0x000000000000f3c0                uip_ds6_compute_reachable_time
                0x000000000000f400                uip_ds6_init
 *fill*         0x000000000000f582        0xe 
 .text          0x000000000000f590      0x322 build/native/contiki-ng-native.a(uip-ds6-route.o)
                0x000000000000f590                uip_ds6_route_init
                0x000000000000f5c0                uip_ds6_route_nexthop
                0x000000000000f5d0                uip_ds6_route_head
                0x000000000000f5e0                uip_ds6_route_next
                0x000000000000f5f0                uip_ds6_route_is_nexthop
                0x000000000000f600                uip_ds6_route_num_routes
                0x000000000000f610                uip_ds6_route_lookup
                0x000000000000f620                uip_ds6_route_add
                0x000000000000f630                uip_ds6_route_rm
                0x000000000000f640                uip_ds6_route_rm_by_nexthop
                0x000000000000f650                uip_ds6_defrt_head
                0x000000000000f660                uip_ds6_defrt_rm
                0x000000000000f6c0                uip_ds6_defrt_lookup
                0x000000000000f730                uip_ds6_defrt_add
                0x000000000000f7e0                uip_ds6_defrt_choose
                0x000000000000f840                uip_ds6_defrt_periodic
 *fill*         0x000000000000f8b2        0xe 
 .text          0x000000000000f8c0      0x474 build/native/contiki-ng-native.a(psock.o)
                0x000000000000f8c0                psock_send
                0x000000000000f9b0                psock_generator_send
                0x000000000000fa50                psock_datalen
                0x000000000000fa60                psock_newdata
                0x000000000000fa90                psock_readto
                0x000000000000fb90                psock_readbuf_len
                0x000000000000fd10                psock_init
 *fill*         0x000000000000fd34        0xc 
 .text          0x000000000000fd40      0x8c5 build/native/contiki-ng-native.a(tcpip.o)
                0x000000000000fd70                tcpip_output
                0x000000000000fdb0                tcp_connect
                0x000000000000fe00                tcp_unlisten
                0x000000000000fe50                tcp_listen
                0x000000000000fea0                tcp_attach
                0x000000000000fec0                udp_attach
                0x000000000000fee0                udp_new
                0x000000000000ff10                udp_broadcast_new
                0x000000000000ff90                tcpip_input
                0x000000000000ffd0                tcpip_ipv6_output
                0x0000000000010530                tcpip_poll_udp
                0x0000000000010550                tcpip_poll_tcp
                0x0000000000010570                tcpip_uipcall
 *fill*         0x0000000000010605        0xb 
 .text          0x0000000000010610     0x1beb build/native/contiki-ng-native.a(uip6.o)
                0x0000000000010820                uip_add32
                0x00000000000108e0                uip_chksum
                0x0000000000010900                uip_icmp6chksum
                0x0000000000010910                uip_tcpchksum
                0x0000000000010920                uip_udpchksum
                0x0000000000010930                uip_init
                0x0000000000010a10                uip_connect
                0x0000000000010b10                uip_remove_ext_hdr
                0x0000000000010bd0                uip_udp_new
                0x0000000000010ca0                uip_unlisten
                0x0000000000010ce0                uip_listen
                0x0000000000010d20                uip_process
                0x0000000000012140                uip_htons
                0x0000000000012150                uip_htonl
                0x0000000000012170                uip_send
 *fill*         0x00000000000121fb        0x5 
 .text          0x0000000000012200      0x355 build/native/contiki-ng-native.a(uip-ds6-nbr.o)
                0x0000000000012230                uip_ds6_nbr_rm
                0x0000000000012250                uip_ds6_neighbors_init
                0x0000000000012280                uip_ds6_nbr_add
                0x00000000000122d0                uip_ds6_nbr_update_ll
                0x00000000000123a0                uip_ds6_nbr_get_ipaddr
                0x00000000000123b0                uip_ds6_nbr_get_ll
                0x00000000000123d0                uip_ds6_nbr_num
                0x0000000000012430                uip_ds6_nbr_head
                0x0000000000012440                uip_ds6_nbr_next
                0x0000000000012460                uip_ds6_nbr_lookup
                0x00000000000124e0                uip_ds6_nbr_ll_lookup
                0x0000000000012500                uip_ds6_nbr_ipaddr_from_lladdr
                0x0000000000012520                uip_ds6_nbr_lladdr_from_ipaddr
                0x0000000000012550                uip_ds6_link_callback
 *fill*         0x0000000000012555        0xb 
 .text          0x0000000000012560      0x420 build/native/contiki-ng-native.a(uip-nd6.o)
                0x0000000000012970                uip_nd6_init
 .text          0x0000000000012980      0x2a2 build/native/contiki-ng-native.a(simple-udp.o)
                0x0000000000012a90                simple_udp_send
                0x0000000000012ad0                simple_udp_sendto
                0x0000000000012b10                simple_udp_sendto_port
                0x0000000000012b50                simple_udp_register
 *fill*         0x0000000000012c22        0xe 
 .text          0x0000000000012c30     0x230b build/native/contiki-ng-native.a(sicslowpan.o)
                0x0000000000012c30                sicslowpan_init
                0x0000000000014f10                netstack_sniffer_add
                0x0000000000014f20                netstack_sniffer_remove
                0x0000000000014f30                sicslowpan_get_last_rssi
 *fill*         0x0000000000014f3b        0x5 
 .text          0x0000000000014f40      0x51f build/native/contiki-ng-native.a(uiplib.o)
                0x0000000000014f40                uiplib_ip6addrconv
                0x0000000000015140                uiplib_ip4addrconv
                0x00000000000151e0                uiplib_ipaddr_snprint
                0x0000000000015400                uiplib_ipaddr_print
 *fill*         0x000000000001545f        0x1 
 .text          0x0000000000015460      0x49c build/native/contiki-ng-native.a(rpl.o)
                0x0000000000015460                rpl_has_joined
                0x0000000000015480                rpl_is_reachable
                0x00000000000154b0                rpl_get_leaf_only
                0x00000000000155f0                rpl_link_callback
                0x0000000000015650                rpl_lollipop_greater_than
                0x00000000000156a0                rpl_get_global_address
                0x0000000000015770                rpl_reset_prefix
                0x00000000000157d0                rpl_set_prefix_from_addr
                0x00000000000158b0                rpl_set_prefix
                0x00000000000158f0                rpl_set_leaf_only
 *fill*         0x00000000000158fc        0x4 
 .text          0x0000000000015900     0x119b build/native/contiki-ng-native.a(rpl-icmp6.o)
                0x0000000000015900                resend_pdao
                0x0000000000016150                rpl_icmp6_update_nbr_table
                0x00000000000161a0                rpl_icmp6_dis_output
                0x00000000000161f0                rpl_icmp6_dio_output
                0x0000000000016610                rpl_icmp6_pdao_ack_output
                0x00000000000166d0                push
                0x0000000000016710                rpl_icmp6_pdr_output
                0x0000000000016780                rpl_icmp6_pdao_output
                0x0000000000016820                pdao_set
                0x0000000000016830                pdao_check
                0x0000000000016850                rpl_icmp6_dao_output
                0x00000000000169d0                rpl_icmp6_dao_ack_output
                0x0000000000016a30                rpl_icmp6_init
 *fill*         0x0000000000016a9b        0x5 
 .text          0x0000000000016aa0      0x224 build/native/contiki-ng-native.a(rpl-dag-root.o)
                0x0000000000016b20                rpl_dag_root_print_links
                0x0000000000016bc0                rpl_dag_root_set_prefix
                0x0000000000016bf0                rpl_dag_root_start
                0x0000000000016ca0                rpl_dag_root_is_root
 *fill*         0x0000000000016cc4        0xc 
 .text          0x0000000000016cd0      0x65d build/native/contiki-ng-native.a(tun-bridge.o)
                0x0000000000016ce0                sigcleanup
                0x0000000000016da0                ssystem
                0x0000000000016ec0                cleanup
                0x0000000000016f00                ifconf
                0x0000000000016f50                devopen
                0x0000000000016fc0                tun_alloc
                0x00000000000170b0                tun_init
                0x0000000000017190                tun_input
 *fill*         0x000000000001732d        0x3 
 .text          0x0000000000017330      0xd8d build/native/contiki-ng-native.a(slip-dev.o)
                0x0000000000017450                is_sensible_string
                0x00000000000174a0                slip_packet_input
                0x00000000000174e0                serial_input
                0x0000000000017900                slip_empty
                0x0000000000017920                slip_flushbuf
                0x0000000000017b00                write_to_slip
                0x0000000000017c20                slip_init
 *fill*         0x00000000000180bd        0x3 
 .text          0x00000000000180c0      0x560 build/native/contiki-ng-native.a(slip-config.o)
                0x00000000000180c0                slip_config_handle_arguments
 .text          0x0000000000018620      0x25a build/native/contiki-ng-native.a(border-router-m)
                0x0000000000018800                init_sec
                0x0000000000018810                packet_sent
 *fill*         0x000000000001887a        0x6 
 .text          0x0000000000018880      0x5a1 build/native/contiki-ng-native.a(border-router-c)
                0x0000000000018ab0                border_router_cmd_handler
                0x0000000000018dd0                border_router_cmd_output
 *fill*         0x0000000000018e21        0xf 
 .text          0x0000000000018e30       0x69 build/native/contiki-ng-native.a(cmd.o)
                0x0000000000018e30                cmd_input
                0x0000000000018e90                cmd_send
 *fill*         0x0000000000018e99        0x7 
 .text          0x0000000000018ea0      0x108 build/native/contiki-ng-native.a(packetutils.o)
                0x0000000000018ea0                packetutils_serialize_atts
                0x0000000000018f30                packetutils_deserialize_atts
 *fill*         0x0000000000018fa8        0x8 
 .text          0x0000000000018fb0      0x349 build/native/contiki-ng-native.a(shell.o)
                0x0000000000018fb0                shell_output_6addr
                0x0000000000019030                shell_output_lladdr
                0x0000000000019160                shell_input
                0x00000000000192f0                shell_init
 *fill*         0x00000000000192f9        0x7 
 .text          0x0000000000019300     0x19c3 build/native/contiki-ng-native.a(shell-commands.)
                0x000000000001aba0                shell_commands_init
                0x000000000001abe0                shell_command_set_register
                0x000000000001ac00                shell_command_set_deregister
                0x000000000001ac50                shell_command_lookup
 *fill*         0x000000000001acc3        0xd 
 .text          0x000000000001acd0       0xd2 build/native/contiki-ng-native.a(serial-shell.o)
                0x000000000001ad90                serial_shell_init
 *fill*         0x000000000001ada2        0xe 
 .text          0x000000000001adb0      0x4b1 build/native/contiki-ng-native.a(platform.o)
                0x000000000001ae20                select_set_callback
                0x000000000001aec0                native_uart_set_input
                0x000000000001aed0                platform_process_args
                0x000000000001aef0                platform_init_stage_one
                0x000000000001af10                platform_init_stage_two
                0x000000000001af80                platform_init_stage_three
                0x000000000001b090                platform_main_loop
                0x000000000001b210                log_message
                0x000000000001b240                uip_log
 *fill*         0x000000000001b261        0xf 
 .text          0x000000000001b270       0xd5 build/native/contiki-ng-native.a(clock.o)
                0x000000000001b270                clock_time
                0x000000000001b2e0                clock_seconds
                0x000000000001b330                clock_delay
                0x000000000001b340                clock_init
 *fill*         0x000000000001b345        0xb 
 .text          0x000000000001b350       0xc4 build/native/contiki-ng-native.a(rtimer-arch.o)
                0x000000000001b370                rtimer_arch_init
                0x000000000001b390                rtimer_arch_schedule
 *fill*         0x000000000001b414        0xc 
 .text          0x000000000001b420       0x54 build/native/contiki-ng-native.a(watchdog.o)
                0x000000000001b420                watchdog_init
                0x000000000001b430                watchdog_start
                0x000000000001b440                watchdog_periodic
                0x000000000001b450                watchdog_stop
                0x000000000001b460                watchdog_reboot
 *fill*         0x000000000001b474        0xc 
 .text          0x000000000001b480      0x552 build/native/contiki-ng-native.a(httpd-simple.o)
                0x000000000001b830                httpd_appcall
                0x000000000001b9b0                httpd_init
 *fill*         0x000000000001b9d2        0xe 
 .text          0x000000000001b9e0       0xf2 build/native/contiki-ng-native.a(rpl-border-rout)
                0x000000000001b9e0                print_local_addresses
                0x000000000001ba90                set_prefix_64
                0x000000000001bac0                rpl_border_router_init
 *fill*         0x000000000001bad2        0xe 
 .text          0x000000000001bae0       0xd2 build/native/contiki-ng-native.a(stimer.o)
                0x000000000001bae0                stimer_set
                0x000000000001bb00                stimer_reset
                0x000000000001bb30                stimer_restart
                0x000000000001bb50                stimer_expired
                0x000000000001bb80                stimer_remaining
                0x000000000001bba0                stimer_elapsed
 *fill*         0x000000000001bbb2        0xe 
 .text          0x000000000001bbc0      0x147 build/native/contiki-ng-native.a(memb.o)
                0x000000000001bbc0                memb_init
                0x000000000001bbf0                memb_alloc
                0x000000000001bc40                memb_free
                0x000000000001bc90                memb_inmemb
                0x000000000001bcc0                memb_numfree
 *fill*         0x000000000001bd07        0x9 
 .text          0x000000000001bd10       0x22 build/native/contiki-ng-native.a(random.o)
                0x000000000001bd10                random_init
                0x000000000001bd20                random_rand
 *fill*         0x000000000001bd32        0xe 
 .text          0x000000000001bd40      0x378 build/native/contiki-ng-native.a(button-hal.o)
                0x000000000001be90                button_hal_get_by_id
                0x000000000001bed0                button_hal_get_by_index
                0x000000000001bf00                button_hal_get_state
                0x000000000001bfe0                button_hal_init
 *fill*         0x000000000001c0b8        0x8 
 .text          0x000000000001c0c0      0x1e2 build/native/contiki-ng-native.a(serial-line.o)
                0x000000000001c1f0                serial_line_input_byte
                0x000000000001c270                serial_line_init
 *fill*         0x000000000001c2a2        0xe 
 .text          0x000000000001c2b0       0x87 build/native/contiki-ng-native.a(leds.o)
                0x000000000001c2b0                leds_init
                0x000000000001c2c0                leds_single_on
                0x000000000001c2d0                leds_single_off
                0x000000000001c2e0                leds_single_toggle
                0x000000000001c2f0                leds_on
                0x000000000001c300                leds_off
                0x000000000001c310                leds_toggle
                0x000000000001c320                leds_set
                0x000000000001c330                leds_get
 *fill*         0x000000000001c337        0x9 
 .text          0x000000000001c340       0xf7 build/native/contiki-ng-native.a(nullradio.o)
 *fill*         0x000000000001c437        0x9 
 .text          0x000000000001c440      0x118 build/native/contiki-ng-native.a(gpio-hal.o)
                0x000000000001c440                gpio_hal_register_handler
                0x000000000001c460                gpio_hal_event_handler
                0x000000000001c4b0                gpio_hal_init
                0x000000000001c4d0                gpio_hal_arch_port_toggle_pin
                0x000000000001c4f0                gpio_hal_arch_port_toggle_pins
                0x000000000001c510                gpio_hal_arch_no_port_toggle_pin
                0x000000000001c540                gpio_hal_arch_no_port_toggle_pins
 *fill*         0x000000000001c558        0x8 
 .text          0x000000000001c560      0x70b build/native/contiki-ng-native.a(nbr-table.o)
                0x000000000001c5e0                nbr_table_register
                0x000000000001c650                nbr_table_is_registered
                0x000000000001c680                nbr_table_next
                0x000000000001c730                nbr_table_head
                0x000000000001c7a0                nbr_table_add_lladdr
                0x000000000001cab0                nbr_table_get_from_lladdr
                0x000000000001cb10                nbr_table_remove
                0x000000000001cb90                nbr_table_lock
                0x000000000001cbe0                nbr_table_unlock
                0x000000000001cc30                nbr_table_get_lladdr
 *fill*         0x000000000001cc6b        0x5 
 .text          0x000000000001cc70      0x3e4 build/native/contiki-ng-native.a(link-stats.o)
                0x000000000001ccc0                link_stats_from_lladdr
                0x000000000001cce0                link_stats_get_lladdr
                0x000000000001cd00                link_stats_is_fresh
                0x000000000001cd40                guess_etx_from_rssi
                0x000000000001cda0                link_stats_packet_sent
                0x000000000001cf00                link_stats_input_callback
                0x000000000001cfd0                link_stats_reset
                0x000000000001d020                link_stats_init
 *fill*         0x000000000001d054        0xc 
 .text          0x000000000001d060       0x19 build/native/contiki-ng-native.a(mac.o)
                0x000000000001d060                mac_call_sent_callback
 *fill*         0x000000000001d079        0x7 
 .text          0x000000000001d080      0x3e1 build/native/contiki-ng-native.a(framer-802154.o)
                0x000000000001d440                framer_802154_setup_params
 *fill*         0x000000000001d461        0xf 
 .text          0x000000000001d470      0x98e build/native/contiki-ng-native.a(frame802154.o)
                0x000000000001d470                frame802154_get_pan_id
                0x000000000001d480                frame802154_set_pan_id
                0x000000000001d490                frame802154_has_panid
                0x000000000001d6f0                frame802154_check_dest_panid
                0x000000000001d770                frame802154_is_broadcast_addr
                0x000000000001d7c0                frame802154_extract_linkaddr
                0x000000000001d900                frame802154_hdrlen
                0x000000000001d970                frame802154_create_fcf
                0x000000000001d9f0                frame802154_create
                0x000000000001db20                frame802154_parse_fcf
                0x000000000001db90                frame802154_parse
 *fill*         0x000000000001ddfe        0x2 
 .text          0x000000000001de00      0x3c6 build/native/contiki-ng-native.a(uipbuf.o)
                0x000000000001de00                uipbuf_clear
                0x000000000001de40                uipbuf_add_ext_hdr
                0x000000000001de90                uipbuf_set_len
                0x000000000001deb0                uipbuf_set_len_field
                0x000000000001dec0                uipbuf_get_len_field
                0x000000000001dee0                uipbuf_get_next_header
                0x000000000001dfa0                uipbuf_get_last_header
                0x000000000001e010                uipbuf_search_header
                0x000000000001e0c0                uipbuf_get_attr
                0x000000000001e0e0                uipbuf_set_attr
                0x000000000001e110                uipbuf_set_default_attr
                0x000000000001e140                uipbuf_clear_attr
                0x000000000001e160                uipbuf_set_attr_flag
                0x000000000001e170                uipbuf_clr_attr_flag
                0x000000000001e180                uipbuf_is_attr_flag
                0x000000000001e1a0                uipbuf_init
 *fill*         0x000000000001e1c6        0xa 
 .text          0x000000000001e1d0      0x4f2 build/native/contiki-ng-native.a(uip-icmp6.o)
                0x000000000001e320                uip_icmp6_input
                0x000000000001e390                uip_icmp6_register_input_handler
                0x000000000001e3b0                uip_icmp6_error_output
                0x000000000001e580                uip_icmp6_send
                0x000000000001e640                uip_icmp6_echo_reply_callback_add
                0x000000000001e670                uip_icmp6_echo_reply_callback_rm
                0x000000000001e690                uip_icmp6_init
 *fill*         0x000000000001e6c2        0xe 
 .text          0x000000000001e6d0      0x124 build/native/contiki-ng-native.a(uip-packetqueue)
                0x000000000001e6f0                uip_packetqueue_new
                0x000000000001e700                uip_packetqueue_alloc
                0x000000000001e760                uip_packetqueue_free
                0x000000000001e7a0                uip_packetqueue_buf
                0x000000000001e7c0                uip_packetqueue_buflen
                0x000000000001e7e0                uip_packetqueue_set_buflen
 *fill*         0x000000000001e7f4        0xc 
 .text          0x000000000001e800       0xd7 build/native/contiki-ng-native.a(uip-udp-packet.)
                0x000000000001e800                uip_udp_packet_send
                0x000000000001e870                uip_udp_packet_sendto
 *fill*         0x000000000001e8d7        0x9 
 .text          0x000000000001e8e0      0x12d build/native/contiki-ng-native.a(rpl-nbr-policy.)
                0x000000000001e980                rpl_nbr_policy_find_removable
 *fill*         0x000000000001ea0d        0x3 
 .text          0x000000000001ea10      0x937 build/native/contiki-ng-native.a(rpl-neighbor.o)
                0x000000000001ea70                rpl_neighbor_count
                0x000000000001ead0                rpl_neighbor_get_from_lladdr
                0x000000000001eaf0                rpl_neighbor_is_acceptable_parent
                0x000000000001eb20                rpl_neighbor_get_link_metric
                0x000000000001eb50                rpl_neighbor_rank_via_nbr
                0x000000000001eb80                rpl_neighbor_get_lladdr
                0x000000000001eba0                rpl_neighbor_get_ipaddr
                0x000000000001ebd0                rpl_neighbor_get_link_stats
                0x000000000001ed00                rpl_neighbor_snprint
                0x000000000001f050                rpl_neighbor_print_list
                0x000000000001f0f0                rpl_neighbor_is_fresh
                0x000000000001f110                rpl_neighbor_is_reachable
                0x000000000001f170                rpl_neighbor_is_parent
                0x000000000001f190                rpl_neighbor_set_preferred_parent
                0x000000000001f210                rpl_neighbor_remove_all
                0x000000000001f260                rpl_neighbor_get_from_ipaddr
                0x000000000001f290                rpl_neighbor_select_best
                0x000000000001f330                rpl_neighbor_init
 *fill*         0x000000000001f347        0x9 
 .text          0x000000000001f350      0xca9 build/native/contiki-ng-native.a(rpl-dag.o)
                0x000000000001f750                rpl_dag_state_to_str
                0x000000000001f7a0                rpl_dag_get_root_ipaddr
                0x000000000001f7d0                rpl_dag_leave
                0x000000000001f850                rpl_dag_poison_and_leave
                0x000000000001f870                rpl_dag_periodic
                0x000000000001f8f0                rpl_is_addr_in_our_dag
                0x000000000001f940                rpl_get_default_instance
                0x000000000001f960                rpl_get_any_dag
                0x000000000001f980                rpl_refresh_routes
                0x000000000001f9b0                rpl_global_repair
                0x000000000001f9e0                rpl_local_repair
                0x000000000001fa00                rpl_dag_ready_to_advertise
                0x000000000001fa40                rpl_dag_update_state
                0x000000000001fa60                rpl_process_dio
                0x000000000001fd00                rpl_process_dis
                0x000000000001fd50                rpl_process_dao
                0x000000000001fdd0                rpl_process_dao_ack
                0x000000000001fe70                rpl_process_hbh
                0x000000000001fec0                rpl_dag_init_root
                0x000000000001ffe0                rpl_dag_init
 *fill*         0x000000000001fff9        0x7 
 .text          0x0000000000020000      0x967 build/native/contiki-ng-native.a(rpl-timers.o)
                0x00000000000202c0                rpl_timers_schedule_periodic_dis
                0x00000000000203f0                rpl_timers_dio_reset
                0x0000000000020450                rpl_timers_schedule_unicast_dio
                0x0000000000020480                rpl_timers_schedule_dao
                0x00000000000204f0                rpl_timers_schedule_dao_ack
                0x0000000000020530                rpl_timers_notify_dao_ack
                0x00000000000205b0                get_probing_delay
                0x00000000000205d0                get_probing_target
                0x0000000000020790                rpl_schedule_probing
                0x00000000000207b0                rpl_schedule_probing_now
                0x0000000000020800                rpl_timers_unschedule_leaving
                0x0000000000020840                rpl_timers_schedule_leaving
                0x0000000000020890                rpl_timers_init
                0x00000000000208c0                rpl_timers_stop_dag_timers
                0x0000000000020920                rpl_timers_unschedule_state_update
                0x0000000000020940                rpl_timers_schedule_state_update
 *fill*         0x0000000000020967        0x9 
 .text          0x0000000000020970      0xb74 build/native/contiki-ng-native.a(rpl-ext-header.)
                0x00000000000209e0                rpl_ext_header_srh_get_next_hop
                0x0000000000020ac0                rpl_ext_header_srh_update
                0x0000000000020d30                rpl_ext_header_hbh_update
                0x0000000000020df0                rpl_ext_header_remove
                0x0000000000020f70                rpl_ext_header_update
 *fill*         0x00000000000214e4        0xc 
 .text          0x00000000000214f0      0x2b5 build/native/contiki-ng-native.a(rpl-mrhof.o)
 *fill*         0x00000000000217a5        0xb 
 .text          0x00000000000217b0      0x2f0 build/native/contiki-ng-native.a(border-router-n)
                0x0000000000021a10                border_router_set_mac
                0x0000000000021a60                border_router_print_stat
 .text          0x0000000000021aa0        0x0 build/native/contiki-ng-native.a(buttons.o)
 .text          0x0000000000021aa0       0x50 build/native/contiki-ng-native.a(int-master.o)
                0x0000000000021aa0                int_master_enable
                0x0000000000021ab0                int_master_read_and_disable
                0x0000000000021ad0                int_master_status_set
                0x0000000000021ae0                int_master_is_enabled
 .text          0x0000000000021af0      0x1d2 build/native/contiki-ng-native.a(gpio-hal-arch.o)
                0x0000000000021af0                gpio_hal_arch_init
                0x0000000000021b00                gpio_hal_arch_no_port_interrupt_enable
                0x0000000000021b10                gpio_hal_arch_no_port_interrupt_disable
                0x0000000000021b20                gpio_hal_arch_no_port_pin_cfg_set
                0x0000000000021b40                gpio_hal_arch_no_port_pin_cfg_get
                0x0000000000021b60                gpio_hal_arch_no_port_pin_set_input
                0x0000000000021b70                gpio_hal_arch_no_port_pin_set_output
                0x0000000000021b80                gpio_hal_arch_no_port_set_pin
                0x0000000000021ba0                gpio_hal_arch_no_port_clear_pin
                0x0000000000021bc0                gpio_hal_arch_no_port_read_pin
                0x0000000000021be0                gpio_hal_arch_no_port_write_pin
                0x0000000000021c00                gpio_hal_arch_no_port_set_pins
                0x0000000000021c30                gpio_hal_arch_no_port_clear_pins
                0x0000000000021c60                gpio_hal_arch_no_port_read_pins
                0x0000000000021c90                gpio_hal_arch_no_port_write_pins
 *fill*         0x0000000000021cc2        0xe 
 .text          0x0000000000021cd0       0xc5 build/native/contiki-ng-native.a(ringbuf.o)
                0x0000000000021cd0                ringbuf_init
                0x0000000000021cf0                ringbuf_put
                0x0000000000021d30                ringbuf_get
                0x0000000000021d70                ringbuf_size
                0x0000000000021d80                ringbuf_elements
 *fill*         0x0000000000021d95        0xb 
 .text          0x0000000000021da0       0x75 /usr/lib/x86_64-linux-gnu/libc_nonshared.a(elf-init.oS)
                0x0000000000021da0                __libc_csu_init
                0x0000000000021e10                __libc_csu_fini
 *fill*         0x0000000000021e15        0xb 
 .text          0x0000000000021e20       0x12 /usr/lib/x86_64-linux-gnu/libc_nonshared.a(atexit.oS)
                0x0000000000021e20                atexit
 .text          0x0000000000021e32        0x0 /usr/lib/gcc/x86_64-linux-gnu/9/crtendS.o
 .text          0x0000000000021e32        0x0 /usr/lib/gcc/x86_64-linux-gnu/9/../../../x86_64-linux-gnu/crtn.o
 *(.gnu.warning)

.fini           0x0000000000021e34        0xd
 *(SORT_NONE(.fini))
 .fini          0x0000000000021e34        0x8 /usr/lib/gcc/x86_64-linux-gnu/9/../../../x86_64-linux-gnu/crti.o
                0x0000000000021e34                _fini
 .fini          0x0000000000021e3c        0x5 /usr/lib/gcc/x86_64-linux-gnu/9/../../../x86_64-linux-gnu/crtn.o
                [!provide]                        PROVIDE (__etext = .)
                [!provide]                        PROVIDE (_etext = .)
                [!provide]                        PROVIDE (etext = .)
                0x0000000000022000                . = ALIGN (CONSTANT (MAXPAGESIZE))
                0x0000000000022000                . = SEGMENT_START ("rodata-segment", (ALIGN (CONSTANT (MAXPAGESIZE)) + (. & (CONSTANT (MAXPAGESIZE) - 0x1))))

.rodata         0x0000000000022000     0x1a40
 *(.rodata .rodata.* .gnu.linkonce.r.*)
 .rodata.cst4   0x0000000000022000        0x4 /usr/lib/gcc/x86_64-linux-gnu/9/../../../x86_64-linux-gnu/Scrt1.o
                0x0000000000022000                _IO_stdin_used
 .rodata.str1.1
                0x0000000000022004       0x34 border-router.o
 .rodata.str1.8
                0x0000000000022038       0x21 border-router.o
 .rodata.str1.1
                0x0000000000022059       0xc5 build/native/contiki-ng-native.a(webserver.o)
                                         0xcc (size before relaxing)
 .rodata.str1.1
                0x000000000002211e       0x66 build/native/contiki-ng-native.a(contiki-main.o)
                                         0x7a (size before relaxing)
 *fill*         0x0000000000022184        0x4 
 .rodata.str1.8
                0x0000000000022188       0x7c build/native/contiki-ng-native.a(contiki-main.o)
 .rodata.str1.1
                0x0000000000022204        0xf build/native/contiki-ng-native.a(ctimer.o)
 .rodata.str1.1
                0x0000000000022213       0xa0 build/native/contiki-ng-native.a(log.o)
                                         0xac (size before relaxing)
 *fill*         0x00000000000222b3        0x1 
 .rodata        0x00000000000222b4       0x14 build/native/contiki-ng-native.a(log.o)
 .rodata.str1.1
                0x00000000000222c8        0xc build/native/contiki-ng-native.a(etimer.o)
 *fill*         0x00000000000222d4        0x4 
 .rodata        0x00000000000222d8        0x8 build/native/contiki-ng-native.a(linkaddr.o)
                0x00000000000222d8                linkaddr_null
 .rodata.str1.1
                0x00000000000222e0       0x44 build/native/contiki-ng-native.a(uip-sr.o)
 .rodata.str1.1
                0x0000000000022324        0xd build/native/contiki-ng-native.a(tcpip.o)
 *fill*         0x0000000000022331        0x3 
 .rodata        0x0000000000022334       0x84 build/native/contiki-ng-native.a(uip6.o)
 .rodata.str1.1
                0x00000000000223b8       0x13 build/native/contiki-ng-native.a(simple-udp.o)
 .rodata        0x00000000000223cb       0x16 build/native/contiki-ng-native.a(sicslowpan.o)
                0x00000000000223d3                llprefix
                0x00000000000223d5                unc_mxconf
                0x00000000000223d9                unc_ctxconf
                0x00000000000223dd                unc_llconf
 .rodata.str1.1
                0x00000000000223e1        0xb build/native/contiki-ng-native.a(sicslowpan.o)
 .rodata.str1.1
                0x00000000000223ec       0x25 build/native/contiki-ng-native.a(uiplib.o)
                                         0x2d (size before relaxing)
 .rodata.str1.1
                0x0000000000022411        0x9 build/native/contiki-ng-native.a(rpl.o)
 .rodata.str1.1
                0x000000000002241a       0x55 build/native/contiki-ng-native.a(rpl-icmp6.o)
                                         0x63 (size before relaxing)
 .rodata.str1.1
                0x000000000002246f       0x9b build/native/contiki-ng-native.a(tun-bridge.o)
                                         0x9f (size before relaxing)
 *fill*         0x000000000002250a        0x6 
 .rodata.str1.8
                0x0000000000022510       0x6f build/native/contiki-ng-native.a(tun-bridge.o)
 .rodata.str1.1
                0x000000000002257f      0x135 build/native/contiki-ng-native.a(slip-dev.o)
                                        0x137 (size before relaxing)
 *fill*         0x00000000000226b4        0x4 
 .rodata.str1.8
                0x00000000000226b8       0xd5 build/native/contiki-ng-native.a(slip-dev.o)
 .rodata.str1.1
                0x000000000002278d       0x5d build/native/contiki-ng-native.a(slip-config.o)
 *fill*         0x00000000000227ea        0x6 
 .rodata.str1.8
                0x00000000000227f0      0x4de build/native/contiki-ng-native.a(slip-config.o)
 *fill*         0x0000000000022cce        0x2 
 .rodata        0x0000000000022cd0       0xd4 build/native/contiki-ng-native.a(slip-config.o)
 .rodata.str1.1
                0x0000000000022da4        0x7 build/native/contiki-ng-native.a(border-router-m)
 .rodata.str1.1
                0x0000000000022dab       0x7d build/native/contiki-ng-native.a(border-router-c)
                                         0x80 (size before relaxing)
 .rodata.str1.1
                0x0000000000022e28        0x8 build/native/contiki-ng-native.a(shell.o)
 *fill*         0x0000000000022e28        0x8 
 .rodata.cst16  0x0000000000022e30       0x30 build/native/contiki-ng-native.a(shell.o)
 .rodata.str1.1
                0x0000000000022e60      0x2c0 build/native/contiki-ng-native.a(shell-commands.)
                                        0x2d4 (size before relaxing)
 .rodata.str1.8
                0x0000000000023120      0x3e4 build/native/contiki-ng-native.a(shell-commands.)
 .rodata        0x0000000000023504       0x14 build/native/contiki-ng-native.a(shell-commands.)
 *fill*         0x0000000000023518        0x8 
 .rodata.cst16  0x0000000000023520      0x180 build/native/contiki-ng-native.a(shell-commands.)
 .rodata.str1.1
                0x00000000000236a0       0x15 build/native/contiki-ng-native.a(serial-shell.o)
                                         0x18 (size before relaxing)
 .rodata.str1.1
                0x00000000000236b5       0x2f build/native/contiki-ng-native.a(platform.o)
                                         0x47 (size before relaxing)
 *fill*         0x00000000000236e4        0x4 
 .rodata.str1.8
                0x00000000000236e8       0x59 build/native/contiki-ng-native.a(httpd-simple.o)
 *fill*         0x0000000000023741       0x1f 
 .rodata        0x0000000000023760       0xfc build/native/contiki-ng-native.a(httpd-simple.o)
                0x0000000000023760                http_index_html
                0x000000000002376c                http_get
                0x0000000000023780                http_header_404
                0x00000000000237e0                http_header_200
                0x0000000000023840                http_content_type_html
 .rodata.str1.1
                0x000000000002385c       0x1a build/native/contiki-ng-native.a(rpl-border-rout)
                                         0x31 (size before relaxing)
 .rodata.str1.1
                0x0000000000023876       0x13 build/native/contiki-ng-native.a(button-hal.o)
 .rodata.str1.1
                0x0000000000023889        0xe build/native/contiki-ng-native.a(serial-line.o)
 *fill*         0x0000000000023897        0x1 
 .rodata.str1.8
                0x0000000000023898       0x22 build/native/contiki-ng-native.a(rpl-neighbor.o)
 .rodata.str1.1
                0x00000000000238ba       0x3d build/native/contiki-ng-native.a(rpl-neighbor.o)
                                         0x3f (size before relaxing)
 .rodata.str1.1
                0x00000000000238f7       0xa6 build/native/contiki-ng-native.a(rpl-dag.o)
                                         0xb0 (size before relaxing)
 .rodata.str1.1
                0x000000000002399d        0xc build/native/contiki-ng-native.a(rpl-timers.o)
 .rodata.str1.1
                0x00000000000239a9       0x73 build/native/contiki-ng-native.a(border-router-n)
                                         0x8a (size before relaxing)
 *fill*         0x0000000000023a1c        0x4 
 .rodata.str1.8
                0x0000000000023a20       0x1f build/native/contiki-ng-native.a(border-router-n)
 .rodata        0x0000000000023a3f        0x1 build/native/contiki-ng-native.a(buttons.o)
                0x0000000000023a3f                button_hal_button_count

.rodata1
 *(.rodata1)

.eh_frame_hdr   0x0000000000023a40     0x1444
 *(.eh_frame_hdr)
 .eh_frame_hdr  0x0000000000023a40     0x1444 /usr/lib/gcc/x86_64-linux-gnu/9/../../../x86_64-linux-gnu/Scrt1.o
                0x0000000000023a40                __GNU_EH_FRAME_HDR
 *(.eh_frame_entry .eh_frame_entry.*)

.eh_frame       0x0000000000024e88     0x5350
 *(.eh_frame)
 .eh_frame      0x0000000000024e88       0x30 /usr/lib/gcc/x86_64-linux-gnu/9/../../../x86_64-linux-gnu/Scrt1.o
                                         0x2c (size before relaxing)
 *fill*         0x0000000000024eb8        0x0 
 .eh_frame      0x0000000000024eb8       0x28 /usr/lib/gcc/x86_64-linux-gnu/9/../../../x86_64-linux-gnu/Scrt1.o
                                         0x40 (size before relaxing)
 .eh_frame      0x0000000000024ee0       0x18 /usr/lib/gcc/x86_64-linux-gnu/9/../../../x86_64-linux-gnu/Scrt1.o
                                         0x30 (size before relaxing)
 .eh_frame      0x0000000000024ef8       0x18 /usr/lib/gcc/x86_64-linux-gnu/9/../../../x86_64-linux-gnu/Scrt1.o
                                         0x30 (size before relaxing)
 .eh_frame      0x0000000000024f10       0x20 border-router.o
                                         0x38 (size before relaxing)
 .eh_frame      0x0000000000024f30      0x118 build/native/contiki-ng-native.a(webserver.o)
                                        0x130 (size before relaxing)
 .eh_frame      0x0000000000025048       0x20 build/native/contiki-ng-native.a(contiki-main.o)
                                         0x38 (size before relaxing)
 .eh_frame      0x0000000000025068       0x38 build/native/contiki-ng-native.a(autostart.o)
                                         0x50 (size before relaxing)
 .eh_frame      0x00000000000250a0      0x130 build/native/contiki-ng-native.a(ctimer.o)
                                        0x148 (size before relaxing)
 .eh_frame      0x00000000000251d0      0x158 build/native/contiki-ng-native.a(log.o)
                                        0x170 (size before relaxing)
 .eh_frame      0x0000000000025328       0x40 build/native/contiki-ng-native.a(energest.o)
                                         0x58 (size before relaxing)
 .eh_frame      0x0000000000025368      0x1b0 build/native/contiki-ng-native.a(etimer.o)
                                        0x1c8 (size before relaxing)
 .eh_frame      0x0000000000025518       0x18 build/native/contiki-ng-native.a(node-id.o)
                                         0x30 (size before relaxing)
 .eh_frame      0x0000000000025530       0x50 build/native/contiki-ng-native.a(rtimer.o)
                                         0x68 (size before relaxing)
 .eh_frame      0x0000000000025580      0x198 build/native/contiki-ng-native.a(process.o)
                                        0x1b0 (size before relaxing)
 .eh_frame      0x0000000000025718       0x90 build/native/contiki-ng-native.a(timer.o)
                                         0xa8 (size before relaxing)
 .eh_frame      0x00000000000257a8      0x108 build/native/contiki-ng-native.a(list.o)
                                        0x120 (size before relaxing)
 .eh_frame      0x00000000000258b0      0x138 build/native/contiki-ng-native.a(queuebuf.o)
                                        0x150 (size before relaxing)
 .eh_frame      0x00000000000259e8      0x1c0 build/native/contiki-ng-native.a(packetbuf.o)
                                        0x1d8 (size before relaxing)
 .eh_frame      0x0000000000025ba8       0x78 build/native/contiki-ng-native.a(netstack.o)
                                         0x90 (size before relaxing)
 .eh_frame      0x0000000000025c20       0x40 build/native/contiki-ng-native.a(linkaddr.o)
                                         0x58 (size before relaxing)
 .eh_frame      0x0000000000025c60      0x210 build/native/contiki-ng-native.a(uip-sr.o)
                                        0x228 (size before relaxing)
 .eh_frame      0x0000000000025e70      0x3c0 build/native/contiki-ng-native.a(uip-ds6.o)
                                        0x3d8 (size before relaxing)
 .eh_frame      0x0000000000026230      0x1c0 build/native/contiki-ng-native.a(uip-ds6-route.o)
                                        0x1d8 (size before relaxing)
 .eh_frame      0x00000000000263f0       0xe0 build/native/contiki-ng-native.a(psock.o)
                                         0xf8 (size before relaxing)
 .eh_frame      0x00000000000264d0      0x210 build/native/contiki-ng-native.a(tcpip.o)
                                        0x228 (size before relaxing)
 .eh_frame      0x00000000000266e0      0x230 build/native/contiki-ng-native.a(uip6.o)
                                        0x248 (size before relaxing)
 .eh_frame      0x0000000000026910      0x1c0 build/native/contiki-ng-native.a(uip-ds6-nbr.o)
                                        0x1d8 (size before relaxing)
 .eh_frame      0x0000000000026ad0       0x48 build/native/contiki-ng-native.a(uip-nd6.o)
                                         0x60 (size before relaxing)
 .eh_frame      0x0000000000026b18       0xf0 build/native/contiki-ng-native.a(simple-udp.o)
                                        0x108 (size before relaxing)
 .eh_frame      0x0000000000026c08      0x288 build/native/contiki-ng-native.a(sicslowpan.o)
                                        0x2a0 (size before relaxing)
 .eh_frame      0x0000000000026e90       0xc8 build/native/contiki-ng-native.a(uiplib.o)
                                         0xe0 (size before relaxing)
 .eh_frame      0x0000000000026f58      0x1b0 build/native/contiki-ng-native.a(rpl.o)
                                        0x1c8 (size before relaxing)
 .eh_frame      0x0000000000027108      0x320 build/native/contiki-ng-native.a(rpl-icmp6.o)
                                        0x338 (size before relaxing)
 .eh_frame      0x0000000000027428       0xa8 build/native/contiki-ng-native.a(rpl-dag-root.o)
                                         0xc0 (size before relaxing)
 .eh_frame      0x00000000000274d0      0x198 build/native/contiki-ng-native.a(tun-bridge.o)
                                        0x1b0 (size before relaxing)
 .eh_frame      0x0000000000027668      0x1d0 build/native/contiki-ng-native.a(slip-dev.o)
                                        0x1e8 (size before relaxing)
 .eh_frame      0x0000000000027838       0x50 build/native/contiki-ng-native.a(slip-config.o)
                                         0x68 (size before relaxing)
 .eh_frame      0x0000000000027888      0x108 build/native/contiki-ng-native.a(border-router-m)
                                        0x120 (size before relaxing)
 .eh_frame      0x0000000000027990       0xc0 build/native/contiki-ng-native.a(border-router-c)
                                         0xd8 (size before relaxing)
 .eh_frame      0x0000000000027a50       0x50 build/native/contiki-ng-native.a(cmd.o)
                                         0x68 (size before relaxing)
 .eh_frame      0x0000000000027aa0       0x80 build/native/contiki-ng-native.a(packetutils.o)
                                         0x98 (size before relaxing)
 .eh_frame      0x0000000000027b20       0xc8 build/native/contiki-ng-native.a(shell.o)
                                         0xe0 (size before relaxing)
 .eh_frame      0x0000000000027be8      0x460 build/native/contiki-ng-native.a(shell-commands.)
                                        0x478 (size before relaxing)
 .eh_frame      0x0000000000028048       0x50 build/native/contiki-ng-native.a(serial-shell.o)
                                         0x68 (size before relaxing)
 .eh_frame      0x0000000000028098      0x128 build/native/contiki-ng-native.a(platform.o)
                                        0x140 (size before relaxing)
 .eh_frame      0x00000000000281c0       0x60 build/native/contiki-ng-native.a(clock.o)
                                         0x78 (size before relaxing)
 .eh_frame      0x0000000000028220       0x50 build/native/contiki-ng-native.a(rtimer-arch.o)
                                         0x68 (size before relaxing)
 .eh_frame      0x0000000000028270       0x70 build/native/contiki-ng-native.a(watchdog.o)
                                         0x88 (size before relaxing)
 .eh_frame      0x00000000000282e0      0x108 build/native/contiki-ng-native.a(httpd-simple.o)
                                        0x120 (size before relaxing)
 .eh_frame      0x00000000000283e8       0x58 build/native/contiki-ng-native.a(rpl-border-rout)
                                         0x70 (size before relaxing)
 .eh_frame      0x0000000000028440       0xa8 build/native/contiki-ng-native.a(stimer.o)
                                         0xc0 (size before relaxing)
 .eh_frame      0x00000000000284e8       0x70 build/native/contiki-ng-native.a(memb.o)
                                         0x88 (size before relaxing)
 .eh_frame      0x0000000000028558       0x30 build/native/contiki-ng-native.a(random.o)
                                         0x48 (size before relaxing)
 .eh_frame      0x0000000000028588      0x138 build/native/contiki-ng-native.a(button-hal.o)
                                        0x150 (size before relaxing)
 .eh_frame      0x00000000000286c0       0x80 build/native/contiki-ng-native.a(serial-line.o)
                                         0x98 (size before relaxing)
 .eh_frame      0x0000000000028740       0xb8 build/native/contiki-ng-native.a(leds.o)
                                         0xd0 (size before relaxing)
 .eh_frame      0x00000000000287f8      0x118 build/native/contiki-ng-native.a(nullradio.o)
                                        0x130 (size before relaxing)
 .eh_frame      0x0000000000028910       0xc8 build/native/contiki-ng-native.a(gpio-hal.o)
                                         0xe0 (size before relaxing)
 .eh_frame      0x00000000000289d8      0x190 build/native/contiki-ng-native.a(nbr-table.o)
                                        0x1a8 (size before relaxing)
 .eh_frame      0x0000000000028b68      0x128 build/native/contiki-ng-native.a(link-stats.o)
                                        0x140 (size before relaxing)
 .eh_frame      0x0000000000028c90       0x18 build/native/contiki-ng-native.a(mac.o)
                                         0x30 (size before relaxing)
 .eh_frame      0x0000000000028ca8       0xd8 build/native/contiki-ng-native.a(framer-802154.o)
                                         0xf0 (size before relaxing)
 .eh_frame      0x0000000000028d80      0x170 build/native/contiki-ng-native.a(frame802154.o)
                                        0x188 (size before relaxing)
 .eh_frame      0x0000000000028ef0      0x150 build/native/contiki-ng-native.a(uipbuf.o)
                                        0x168 (size before relaxing)
 .eh_frame      0x0000000000029040      0x178 build/native/contiki-ng-native.a(uip-icmp6.o)
                                        0x190 (size before relaxing)
 .eh_frame      0x00000000000291b8       0xb8 build/native/contiki-ng-native.a(uip-packetqueue)
                                         0xd0 (size before relaxing)
 .eh_frame      0x0000000000029270       0x48 build/native/contiki-ng-native.a(uip-udp-packet.)
                                         0x60 (size before relaxing)
 .eh_frame      0x00000000000292b8       0x60 build/native/contiki-ng-native.a(rpl-nbr-policy.)
                                         0x78 (size before relaxing)
 .eh_frame      0x0000000000029318      0x290 build/native/contiki-ng-native.a(rpl-neighbor.o)
                                        0x2a8 (size before relaxing)
 .eh_frame      0x00000000000295a8      0x360 build/native/contiki-ng-native.a(rpl-dag.o)
                                        0x378 (size before relaxing)
 .eh_frame      0x0000000000029908      0x340 build/native/contiki-ng-native.a(rpl-timers.o)
                                        0x358 (size before relaxing)
 .eh_frame      0x0000000000029c48      0x148 build/native/contiki-ng-native.a(rpl-ext-header.)
                                        0x160 (size before relaxing)
 .eh_frame      0x0000000000029d90      0x188 build/native/contiki-ng-native.a(rpl-mrhof.o)
                                        0x1a0 (size before relaxing)
 .eh_frame      0x0000000000029f18       0x60 build/native/contiki-ng-native.a(border-router-n)
                                         0x78 (size before relaxing)
 .eh_frame      0x0000000000029f78       0x50 build/native/contiki-ng-native.a(int-master.o)
                                         0x68 (size before relaxing)
 .eh_frame      0x0000000000029fc8      0x130 build/native/contiki-ng-native.a(gpio-hal-arch.o)
                                        0x148 (size before relaxing)
 .eh_frame      0x000000000002a0f8       0x68 build/native/contiki-ng-native.a(ringbuf.o)
                                         0x80 (size before relaxing)
 .eh_frame      0x000000000002a160       0x60 /usr/lib/x86_64-linux-gnu/libc_nonshared.a(elf-init.oS)
                                         0x78 (size before relaxing)
 .eh_frame      0x000000000002a1c0       0x14 /usr/lib/x86_64-linux-gnu/libc_nonshared.a(atexit.oS)
                                         0x30 (size before relaxing)
 .eh_frame      0x000000000002a1d4        0x4 /usr/lib/gcc/x86_64-linux-gnu/9/crtendS.o
 *(.eh_frame.*)

.gcc_except_table
 *(.gcc_except_table .gcc_except_table.*)

.gnu_extab
 *(.gnu_extab*)

.exception_ranges
 *(.exception_ranges*)
                0x000000000002b7d0                . = DATA_SEGMENT_ALIGN (CONSTANT (MAXPAGESIZE), CONSTANT (COMMONPAGESIZE))

.eh_frame
 *(.eh_frame)
 *(.eh_frame.*)

.gnu_extab
 *(.gnu_extab)

.gcc_except_table
 *(.gcc_except_table .gcc_except_table.*)

.exception_ranges
 *(.exception_ranges*)

.tdata          0x000000000002b7d0        0x0
                [!provide]                        PROVIDE (__tdata_start = .)
 *(.tdata .tdata.* .gnu.linkonce.td.*)

.tbss
 *(.tbss .tbss.* .gnu.linkonce.tb.*)
 *(.tcommon)

.preinit_array  0x000000000002b7d0        0x0
                [!provide]                        PROVIDE (__preinit_array_start = .)
 *(.preinit_array)
                [!provide]                        PROVIDE (__preinit_array_end = .)

.init_array     0x000000000002b7d0        0x8
                0x000000000002b7d0                PROVIDE (__init_array_start = .)
 *(SORT_BY_INIT_PRIORITY(.init_array.*) SORT_BY_INIT_PRIORITY(.ctors.*))
 *(.init_array EXCLUDE_FILE(*crtend?.o *crtend.o *crtbegin?.o *crtbegin.o) .ctors)
 .init_array    0x000000000002b7d0        0x8 /usr/lib/gcc/x86_64-linux-gnu/9/crtbeginS.o
                0x000000000002b7d8                PROVIDE (__init_array_end = .)

.fini_array     0x000000000002b7d8        0x8
                [!provide]                        PROVIDE (__fini_array_start = .)
 *(SORT_BY_INIT_PRIORITY(.fini_array.*) SORT_BY_INIT_PRIORITY(.dtors.*))
 *(.fini_array EXCLUDE_FILE(*crtend?.o *crtend.o *crtbegin?.o *crtbegin.o) .dtors)
 .fini_array    0x000000000002b7d8        0x8 /usr/lib/gcc/x86_64-linux-gnu/9/crtbeginS.o
                [!provide]                        PROVIDE (__fini_array_end = .)

.ctors
 *crtbegin.o(.ctors)
 *crtbegin?.o(.ctors)
 *(EXCLUDE_FILE(*crtend?.o *crtend.o) .ctors)
 *(SORT_BY_NAME(.ctors.*))
 *(.ctors)

.dtors
 *crtbegin.o(.dtors)
 *crtbegin?.o(.dtors)
 *(EXCLUDE_FILE(*crtend?.o *crtend.o) .dtors)
 *(SORT_BY_NAME(.dtors.*))
 *(.dtors)

.jcr
 *(.jcr)

.data.rel.ro    0x000000000002b7e0      0x3c0
 *(.data.rel.ro.local* .gnu.linkonce.d.rel.ro.local.*)
 .data.rel.ro.local
                0x000000000002b7e0       0x10 border-router.o
                0x000000000002b7e0                autostart_processes
 *fill*         0x000000000002b7f0       0x10 
 .data.rel.ro.local
                0x000000000002b800       0x20 build/native/contiki-ng-native.a(sicslowpan.o)
                0x000000000002b800                sicslowpan_driver
 .data.rel.ro.local
                0x000000000002b820       0x20 build/native/contiki-ng-native.a(tun-bridge.o)
                0x000000000002b820                rpl_interface
 .data.rel.ro.local
                0x000000000002b840       0x30 build/native/contiki-ng-native.a(slip-dev.o)
 *fill*         0x000000000002b870       0x10 
 .data.rel.ro.local
                0x000000000002b880       0x38 build/native/contiki-ng-native.a(border-router-m)
                0x000000000002b880                border_router_mac_driver
 *fill*         0x000000000002b8b8        0x8 
 .data.rel.ro.local
                0x000000000002b8c0      0x168 build/native/contiki-ng-native.a(shell-commands.)
                0x000000000002b8c0                builtin_shell_commands
 *fill*         0x000000000002ba28        0x8 
 .data.rel.ro.local
                0x000000000002ba30       0x10 build/native/contiki-ng-native.a(platform.o)
 .data.rel.ro.local
                0x000000000002ba40       0x70 build/native/contiki-ng-native.a(nullradio.o)
                0x000000000002ba40                nullradio_driver
 .data.rel.ro.local
                0x000000000002bab0       0x18 build/native/contiki-ng-native.a(framer-802154.o)
                0x000000000002bab0                framer_802154
 *(.data.rel.ro .data.rel.ro.* .gnu.linkonce.d.rel.ro.*)
 .data.rel.ro   0x000000000002bac8        0x0 /usr/lib/gcc/x86_64-linux-gnu/9/../../../x86_64-linux-gnu/Scrt1.o
 *fill*         0x000000000002bac8       0x18 
 .data.rel.ro   0x000000000002bae0       0xa8 build/native/contiki-ng-native.a(rpl.o)
                0x000000000002bae0                rpl_lite_driver
 *fill*         0x000000000002bb88        0x8 
 .data.rel.ro   0x000000000002bb90       0x10 build/native/contiki-ng-native.a(border-router-n)
                0x000000000002bb90                cmd_handlers

.dynamic        0x000000000002bba0      0x1f0
 *(.dynamic)
 .dynamic       0x000000000002bba0      0x1f0 /usr/lib/gcc/x86_64-linux-gnu/9/../../../x86_64-linux-gnu/Scrt1.o
                0x000000000002bba0                _DYNAMIC

.got            0x000000000002bd90      0x258
 *(.got.plt)
 .got.plt       0x000000000002bd90      0x230 /usr/lib/gcc/x86_64-linux-gnu/9/../../../x86_64-linux-gnu/Scrt1.o
                0x000000000002bd90                _GLOBAL_OFFSET_TABLE_
 *(.igot.plt)
 *(.got)
 .got           0x000000000002bfc0       0x28 /usr/lib/gcc/x86_64-linux-gnu/9/../../../x86_64-linux-gnu/Scrt1.o
 *(.igot)
                0x000000000002c000                . = DATA_SEGMENT_RELRO_END (., 0x0)

.data           0x000000000002c000      0x620
 *(.data .data.* .gnu.linkonce.d.*)
 .data          0x000000000002c000        0x4 /usr/lib/gcc/x86_64-linux-gnu/9/../../../x86_64-linux-gnu/Scrt1.o
                0x000000000002c000                data_start
                0x000000000002c000                __data_start
 .data          0x000000000002c004        0x0 /usr/lib/gcc/x86_64-linux-gnu/9/../../../x86_64-linux-gnu/crti.o
 .data          0x000000000002c004        0x0 /usr/lib/gcc/x86_64-linux-gnu/9/crtbeginS.o
 *fill*         0x000000000002c004        0x4 
 .data.rel.local
                0x000000000002c008        0x8 /usr/lib/gcc/x86_64-linux-gnu/9/crtbeginS.o
                0x000000000002c008                __dso_handle
 .data          0x000000000002c010        0x0 border-router.o
 *fill*         0x000000000002c010       0x10 
 .data.rel.local
                0x000000000002c020       0x20 border-router.o
                0x000000000002c020                contiki_ng_br
 .data          0x000000000002c040        0x0 build/native/contiki-ng-native.a(webserver.o)
 .data.rel.local
                0x000000000002c040       0x40 build/native/contiki-ng-native.a(webserver.o)
                0x000000000002c040                controller
                0x000000000002c060                webserver_nogui_process
 .data          0x000000000002c080        0x0 build/native/contiki-ng-native.a(contiki-main.o)
 .data          0x000000000002c080        0x0 build/native/contiki-ng-native.a(autostart.o)
 .data          0x000000000002c080        0x0 build/native/contiki-ng-native.a(ctimer.o)
 .data.rel.local
                0x000000000002c080       0x20 build/native/contiki-ng-native.a(ctimer.o)
                0x000000000002c080                ctimer_process
 .data          0x000000000002c0a0        0x4 build/native/contiki-ng-native.a(log.o)
                0x000000000002c0a0                curr_log_level_main
 *fill*         0x000000000002c0a4       0x1c 
 .data.rel.local
                0x000000000002c0c0      0x138 build/native/contiki-ng-native.a(log.o)
                0x000000000002c0c0                all_modules
 .data          0x000000000002c1f8        0x0 build/native/contiki-ng-native.a(energest.o)
 .data          0x000000000002c1f8        0x0 build/native/contiki-ng-native.a(etimer.o)
 *fill*         0x000000000002c1f8        0x8 
 .data.rel.local
                0x000000000002c200       0x20 build/native/contiki-ng-native.a(etimer.o)
                0x000000000002c200                etimer_process
 .data          0x000000000002c220        0x0 build/native/contiki-ng-native.a(node-id.o)
 .data          0x000000000002c220        0x0 build/native/contiki-ng-native.a(rtimer.o)
 .data          0x000000000002c220        0x0 build/native/contiki-ng-native.a(process.o)
 .data          0x000000000002c220        0x0 build/native/contiki-ng-native.a(timer.o)
 .data          0x000000000002c220        0x0 build/native/contiki-ng-native.a(list.o)
 .data          0x000000000002c220        0x0 build/native/contiki-ng-native.a(queuebuf.o)
 .data.rel.local
                0x000000000002c220       0x38 build/native/contiki-ng-native.a(queuebuf.o)
 .data          0x000000000002c258        0x0 build/native/contiki-ng-native.a(packetbuf.o)
 .data          0x000000000002c258        0x0 build/native/contiki-ng-native.a(netstack.o)
 .data          0x000000000002c258        0x0 build/native/contiki-ng-native.a(linkaddr.o)
 .data          0x000000000002c258        0x0 build/native/contiki-ng-native.a(uip-sr.o)
 *fill*         0x000000000002c258        0x8 
 .data.rel.local
                0x000000000002c260       0x18 build/native/contiki-ng-native.a(uip-sr.o)
 .data          0x000000000002c278        0x0 build/native/contiki-ng-native.a(uip-ds6.o)
 .data          0x000000000002c278        0x0 build/native/contiki-ng-native.a(uip-ds6-route.o)
 *fill*         0x000000000002c278        0x8 
 .data.rel.local
                0x000000000002c280       0x18 build/native/contiki-ng-native.a(uip-ds6-route.o)
 .data          0x000000000002c298        0x0 build/native/contiki-ng-native.a(psock.o)
 .data          0x000000000002c298        0x0 build/native/contiki-ng-native.a(tcpip.o)
 *fill*         0x000000000002c298        0x8 
 .data.rel.local
                0x000000000002c2a0       0x20 build/native/contiki-ng-native.a(tcpip.o)
                0x000000000002c2a0                tcpip_process
 .data          0x000000000002c2c0        0x0 build/native/contiki-ng-native.a(uip6.o)
 .data          0x000000000002c2c0        0x0 build/native/contiki-ng-native.a(uip-ds6-nbr.o)
 .data.rel.local
                0x000000000002c2c0       0x18 build/native/contiki-ng-native.a(uip-ds6-nbr.o)
 .data          0x000000000002c2d8        0x0 build/native/contiki-ng-native.a(uip-nd6.o)
 *fill*         0x000000000002c2d8        0x8 
 .data.rel.local
                0x000000000002c2e0       0x18 build/native/contiki-ng-native.a(uip-nd6.o)
 .data          0x000000000002c2f8        0x0 build/native/contiki-ng-native.a(simple-udp.o)
 *fill*         0x000000000002c2f8        0x8 
 .data.rel.local
                0x000000000002c300       0x20 build/native/contiki-ng-native.a(simple-udp.o)
                0x000000000002c300                simple_udp_process
 .data          0x000000000002c320        0x0 build/native/contiki-ng-native.a(sicslowpan.o)
 .data          0x000000000002c320        0x0 build/native/contiki-ng-native.a(uiplib.o)
 .data          0x000000000002c320        0x0 build/native/contiki-ng-native.a(rpl.o)
 .data          0x000000000002c320        0x0 build/native/contiki-ng-native.a(rpl-icmp6.o)
 .data.rel.local
                0x000000000002c320       0xd8 build/native/contiki-ng-native.a(rpl-icmp6.o)
 .data          0x000000000002c3f8        0x0 build/native/contiki-ng-native.a(rpl-dag-root.o)
 .data          0x000000000002c3f8        0x0 build/native/contiki-ng-native.a(tun-bridge.o)
 .data          0x000000000002c3f8        0x0 build/native/contiki-ng-native.a(slip-dev.o)
 .data          0x000000000002c3f8        0x4 build/native/contiki-ng-native.a(slip-config.o)
                0x000000000002c3f8                slip_config_b_rate
 .data          0x000000000002c3fc        0x0 build/native/contiki-ng-native.a(border-router-m)
 .data          0x000000000002c3fc        0x0 build/native/contiki-ng-native.a(border-router-c)
 *fill*         0x000000000002c3fc        0x4 
 .data.rel.local
                0x000000000002c400       0x20 build/native/contiki-ng-native.a(border-router-c)
                0x000000000002c400                border_router_cmd_process
 .data          0x000000000002c420        0x0 build/native/contiki-ng-native.a(cmd.o)
 .data          0x000000000002c420        0x0 build/native/contiki-ng-native.a(packetutils.o)
 .data          0x000000000002c420        0x0 build/native/contiki-ng-native.a(shell.o)
 .data          0x000000000002c420        0x0 build/native/contiki-ng-native.a(shell-commands.)
 .data.rel.local
                0x000000000002c420       0x10 build/native/contiki-ng-native.a(shell-commands.)
 .data          0x000000000002c430        0x0 build/native/contiki-ng-native.a(serial-shell.o)
 *fill*         0x000000000002c430       0x10 
 .data.rel.local
                0x000000000002c440       0x20 build/native/contiki-ng-native.a(serial-shell.o)
                0x000000000002c440                serial_shell_process
 .data          0x000000000002c460        0x0 build/native/contiki-ng-native.a(platform.o)
 .data          0x000000000002c460        0x0 build/native/contiki-ng-native.a(clock.o)
 .data          0x000000000002c460        0x0 build/native/contiki-ng-native.a(rtimer-arch.o)
 .data          0x000000000002c460        0x0 build/native/contiki-ng-native.a(watchdog.o)
 .data          0x000000000002c460        0x0 build/native/contiki-ng-native.a(httpd-simple.o)
 .data.rel.local
                0x000000000002c460       0x18 build/native/contiki-ng-native.a(httpd-simple.o)
 .data          0x000000000002c478        0x0 build/native/contiki-ng-native.a(rpl-border-rout)
 .data          0x000000000002c478        0x0 build/native/contiki-ng-native.a(stimer.o)
 .data          0x000000000002c478        0x0 build/native/contiki-ng-native.a(memb.o)
 .data          0x000000000002c478        0x0 build/native/contiki-ng-native.a(random.o)
 .data          0x000000000002c478        0x0 build/native/contiki-ng-native.a(button-hal.o)
 *fill*         0x000000000002c478        0x8 
 .data.rel.local
                0x000000000002c480       0x20 build/native/contiki-ng-native.a(button-hal.o)
                0x000000000002c480                button_hal_process
 .data          0x000000000002c4a0        0x0 build/native/contiki-ng-native.a(serial-line.o)
 .data.rel.local
                0x000000000002c4a0       0x20 build/native/contiki-ng-native.a(serial-line.o)
                0x000000000002c4a0                serial_line_process
 .data          0x000000000002c4c0        0x0 build/native/contiki-ng-native.a(leds.o)
 .data          0x000000000002c4c0        0x0 build/native/contiki-ng-native.a(nullradio.o)
 .data          0x000000000002c4c0        0x0 build/native/contiki-ng-native.a(gpio-hal.o)
 .data          0x000000000002c4c0        0x0 build/native/contiki-ng-native.a(nbr-table.o)
 .data.rel.local
                0x000000000002c4c0       0x18 build/native/contiki-ng-native.a(nbr-table.o)
 .data          0x000000000002c4d8        0x0 build/native/contiki-ng-native.a(link-stats.o)
 *fill*         0x000000000002c4d8        0x8 
 .data.rel.local
                0x000000000002c4e0       0x18 build/native/contiki-ng-native.a(link-stats.o)
 .data          0x000000000002c4f8        0x0 build/native/contiki-ng-native.a(mac.o)
 .data          0x000000000002c4f8        0x0 build/native/contiki-ng-native.a(framer-802154.o)
 .data          0x000000000002c4f8        0x2 build/native/contiki-ng-native.a(frame802154.o)
 .data          0x000000000002c4fa        0x0 build/native/contiki-ng-native.a(uipbuf.o)
 .data          0x000000000002c4fa        0x0 build/native/contiki-ng-native.a(uip-icmp6.o)
 *fill*         0x000000000002c4fa        0x6 
 .data.rel.local
                0x000000000002c500       0x38 build/native/contiki-ng-native.a(uip-icmp6.o)
 .data          0x000000000002c538        0x0 build/native/contiki-ng-native.a(uip-packetqueue)
 *fill*         0x000000000002c538        0x8 
 .data.rel.local
                0x000000000002c540       0x18 build/native/contiki-ng-native.a(uip-packetqueue)
 .data          0x000000000002c558        0x0 build/native/contiki-ng-native.a(uip-udp-packet.)
 .data          0x000000000002c558        0x0 build/native/contiki-ng-native.a(rpl-nbr-policy.)
 .data          0x000000000002c558        0x0 build/native/contiki-ng-native.a(rpl-neighbor.o)
 *fill*         0x000000000002c558        0x8 
 .data.rel.local
                0x000000000002c560       0x28 build/native/contiki-ng-native.a(rpl-neighbor.o)
                0x000000000002c560                rpl_neighbors
 .data          0x000000000002c588        0x0 build/native/contiki-ng-native.a(rpl-dag.o)
 .data          0x000000000002c588        0x0 build/native/contiki-ng-native.a(rpl-timers.o)
 .data          0x000000000002c588        0x0 build/native/contiki-ng-native.a(rpl-ext-header.)
 .data          0x000000000002c588        0x0 build/native/contiki-ng-native.a(rpl-mrhof.o)
 *fill*         0x000000000002c588       0x18 
 .data.rel.local
                0x000000000002c5a0       0x48 build/native/contiki-ng-native.a(rpl-mrhof.o)