Archive member included to satisfy reference by file (symbol)

build/native/contiki-ng-native.a(webserver.o)
                              border-router.o (controller)
build/native/contiki-ng-native.a(contiki-main.o)
                              /usr/lib/gcc/x86_64-linux-gnu/9/../../../x86_64-linux-gnu/Scrt1.o (main)
build/native/contiki-ng-native.a(autostart.o)
                              build/native/contiki-ng-native.a(contiki-main.o) (autostart_start)
build/native/contiki-ng-native.a(ctimer.o)
                              build/native/contiki-ng-native.a(contiki-main.o) (ctimer_init)
build/native/contiki-ng-native.a(log.o)
                              build/native/contiki-ng-native.a(webserver.o) (log_6addr)
build/native/contiki-ng-native.a(energest.o)
                              build/native/contiki-ng-native.a(contiki-main.o) (energest_init)
build/native/contiki-ng-native.a(etimer.o)
                              build/native/contiki-ng-native.a(contiki-main.o) (etimer_process)
build/native/contiki-ng-native.a(node-id.o)
                              build/native/contiki-ng-native.a(contiki-main.o) (node_id_init)
build/native/contiki-ng-native.a(rtimer.o)
                              build/native/contiki-ng-native.a(contiki-main.o) (rtimer_init)
build/native/contiki-ng-native.a(process.o)
                              build/native/contiki-ng-native.a(ctimer.o) (process_current)
build/native/contiki-ng-native.a(timer.o)
                              build/native/contiki-ng-native.a(etimer.o) (timer_set)
build/native/contiki-ng-native.a(list.o)
                              build/native/contiki-ng-native.a(ctimer.o) (list_init)
build/native/contiki-ng-native.a(queuebuf.o)
                              build/native/contiki-ng-native.a(contiki-main.o) (queuebuf_init)
build/native/contiki-ng-native.a(packetbuf.o)
                              build/native/contiki-ng-native.a(queuebuf.o) (packetbuf_copyto)
build/native/contiki-ng-native.a(netstack.o)
                              build/native/contiki-ng-native.a(contiki-main.o) (netstack_init)
build/native/contiki-ng-native.a(linkaddr.o)
                              build/native/contiki-ng-native.a(packetbuf.o) (linkaddr_copy)
build/native/contiki-ng-native.a(uip-sr.o)
                              build/native/contiki-ng-native.a(webserver.o) (uip_sr_num_nodes)
build/native/contiki-ng-native.a(uip-ds6.o)
                              build/native/contiki-ng-native.a(contiki-main.o) (uip_ds6_get_link_local)
build/native/contiki-ng-native.a(uip-ds6-route.o)
                              build/native/contiki-ng-native.a(uip-ds6.o) (uip_ds6_route_init)
build/native/contiki-ng-native.a(psock.o)
                              build/native/contiki-ng-native.a(webserver.o) (psock_send)
build/native/contiki-ng-native.a(tcpip.o)
                              build/native/contiki-ng-native.a(contiki-main.o) (tcpip_process)
build/native/contiki-ng-native.a(uip6.o)
                              build/native/contiki-ng-native.a(tcpip.o) (uip_aligned_buf)
build/native/contiki-ng-native.a(uip-ds6-nbr.o)
                              build/native/contiki-ng-native.a(uip-ds6.o) (uip_ds6_neighbors_init)
build/native/contiki-ng-native.a(uip-nd6.o)
                              build/native/contiki-ng-native.a(uip6.o) (uip_nd6_init)
build/native/contiki-ng-native.a(sicslowpan.o)
                              build/native/contiki-ng-native.a(contiki-main.o) (sicslowpan_driver)
build/native/contiki-ng-native.a(uiplib.o)
                              build/native/contiki-ng-native.a(webserver.o) (uiplib_ip6addrconv)
build/native/contiki-ng-native.a(rpl.o)
                              build/native/contiki-ng-native.a(webserver.o) (rpl_lite_driver)
build/native/contiki-ng-native.a(rpl-icmp6.o)
                              build/native/contiki-ng-native.a(webserver.o) (rpl_icmp6_pdao_output)
build/native/contiki-ng-native.a(rpl-dag-root.o)
                              build/native/contiki-ng-native.a(rpl.o) (rpl_dag_root_set_prefix)
build/native/contiki-ng-native.a(tun-bridge.o)
                              build/native/contiki-ng-native.a(tcpip.o) (rpl_interface)
build/native/contiki-ng-native.a(slip-dev.o)
                              build/native/contiki-ng-native.a(tun-bridge.o) (slip_init)
build/native/contiki-ng-native.a(slip-config.o)
                              build/native/contiki-ng-native.a(slip-dev.o) (slip_config_verbose)
build/native/contiki-ng-native.a(border-router-m)
                              build/native/contiki-ng-native.a(contiki-main.o) (border_router_mac_driver)
build/native/contiki-ng-native.a(border-router-c)
                              build/native/contiki-ng-native.a(slip-dev.o) (command_context)
build/native/contiki-ng-native.a(cmd.o)
                              build/native/contiki-ng-native.a(slip-dev.o) (cmd_input)
build/native/contiki-ng-native.a(packetutils.o)
[...]
Memory Configuration

Name             Origin             Length             Attributes
*default*        0x0000000000000000 0xffffffffffffffff

Linker script and memory map

LOAD /usr/lib/gcc/x86_64-linux-gnu/9/../../../x86_64-linux-gnu/Scrt1.o
LOAD /usr/lib/gcc/x86_64-linux-gnu/9/../../../x86_64-linux-gnu/crti.o
LOAD /usr/lib/gcc/x86_64-linux-gnu/9/crtbeginS.o
LOAD border-router.o
LOAD build/native/contiki-ng-native.a
LOAD /usr/lib/gcc/x86_64-linux-gnu/9/../../../x86_64-linux-gnu/librt.so
LOAD /usr/lib/gcc/x86_64-linux-gnu/9/libgcc.a
LOAD /usr/lib/gcc/x86_64-linux-gnu/9/libgcc_s.so
START GROUP
LOAD /lib/x86_64-linux-gnu/libgcc_s.so.1
LOAD /usr/lib/gcc/x86_64-linux-gnu/9/libgcc.a
END GROUP
LOAD /usr/lib/gcc/x86_64-linux-gnu/9/../../../x86_64-linux-gnu/libc.so
START GROUP
LOAD /lib/x86_64-linux-gnu/libc.so.6
LOAD /usr/lib/x86_64-linux-gnu/libc_nonshared.a
LOAD /lib/x86_64-linux-gnu/ld-linux-x86-64.so.2
END GROUP
LOAD /usr/lib/gcc/x86_64-linux-gnu/9/libgcc.a
LOAD /usr/lib/gcc/x86_64-linux-gnu/9/libgcc_s.so
START GROUP
LOAD /lib/x86_64-linux-gnu/libgcc_s.so.1
LOAD /usr/lib/gcc/x86_64-linux-gnu/9/libgcc.a
END GROUP
LOAD /usr/lib/gcc/x86_64-linux-gnu/9/crtendS.o
LOAD /usr/lib/gcc/x86_64-linux-gnu/9/../../../x86_64-linux-gnu/crtn.o
                [!provide]                        PROVIDE (__executable_start = SEGMENT_START ("text-segment", 0x0))
                0x0000000000000318                . = (SEGMENT_START ("text-segment", 0x0) + SIZEOF_HEADERS)

.interp         0x0000000000000318       0x1c
 *(.interp)
 .interp        0x0000000000000318       0x1c /usr/lib/gcc/x86_64-linux-gnu/9/../../../x86_64-linux-gnu/Scrt1.o

.note.gnu.property
                0x0000000000000338       0x20
 .note.gnu.property
                0x0000000000000338       0x20 /usr/lib/gcc/x86_64-linux-gnu/9/../../../x86_64-linux-gnu/Scrt1.o

.note.gnu.build-id
                0x0000000000000358       0x24
 *(.note.gnu.build-id)
 .note.gnu.build-id
                0x0000000000000358       0x24 /usr/lib/gcc/x86_64-linux-gnu/9/../../../x86_64-linux-gnu/Scrt1.o

.note.ABI-tag   0x000000000000037c       0x20
 .note.ABI-tag  0x000000000000037c       0x20 /usr/lib/gcc/x86_64-linux-gnu/9/../../../x86_64-linux-gnu/Scrt1.o

.hash
 *(.hash)

.gnu.hash       0x00000000000003a0     0x13a0
 *(.gnu.hash)
 .gnu.hash      0x00000000000003a0     0x13a0 /usr/lib/gcc/x86_64-linux-gnu/9/../../../x86_64-linux-gnu/Scrt1.o

.dynsym         0x0000000000001740     0x3f48
 *(.dynsym)
 .dynsym        0x0000000000001740     0x3f48 /usr/lib/gcc/x86_64-linux-gnu/9/../../../x86_64-linux-gnu/Scrt1.o

.dynstr         0x0000000000005688     0x2d97
 *(.dynstr)
 .dynstr        0x0000000000005688     0x2d97 /usr/lib/gcc/x86_64-linux-gnu/9/../../../x86_64-linux-gnu/Scrt1.o

.gnu.version    0x0000000000008420      0x546
 *(.gnu.version)
 .gnu.version   0x0000000000008420      0x546 /usr/lib/gcc/x86_64-linux-gnu/9/../../../x86_64-linux-gnu/Scrt1.o

.gnu.version_d  0x0000000000008968        0x0
 *(.gnu.version_d)
 .gnu.version_d
                0x0000000000008968        0x0 /usr/lib/gcc/x86_64-linux-gnu/9/../../../x86_64-linux-gnu/Scrt1.o

.gnu.version_r  0x0000000000008968       0x80
 *(.gnu.version_r)
 .gnu.version_r
                0x0000000000008968       0x80 /usr/lib/gcc/x86_64-linux-gnu/9/../../../x86_64-linux-gnu/Scrt1.o

.rela.dyn       0x00000000000089e8     0x1278
 *(.rela.init)
 *(.rela.text .rela.text.* .rela.gnu.linkonce.t.*)
 .rela.text     0x00000000000089e8        0x0 /usr/lib/gcc/x86_64-linux-gnu/9/../../../x86_64-linux-gnu/Scrt1.o
 .rela.text.startup
                0x00000000000089e8        0x0 /usr/lib/gcc/x86_64-linux-gnu/9/../../../x86_64-linux-gnu/Scrt1.o
 *(.rela.fini)
 *(.rela.rodata .rela.rodata.* .rela.gnu.linkonce.r.*)
 *(.rela.data .rela.data.* .rela.gnu.linkonce.d.*)
 .rela.data.rel.ro
                0x00000000000089e8      0x210 /usr/lib/gcc/x86_64-linux-gnu/9/../../../x86_64-linux-gnu/Scrt1.o
 .rela.data.rel.local
                0x0000000000008bf8      0x7b0 /usr/lib/gcc/x86_64-linux-gnu/9/../../../x86_64-linux-gnu/Scrt1.o
 .rela.data.rel.ro.local
                0x00000000000093a8      0x7b0 /usr/lib/gcc/x86_64-linux-gnu/9/../../../x86_64-linux-gnu/Scrt1.o
 *(.rela.tdata .rela.tdata.* .rela.gnu.linkonce.td.*)
 *(.rela.tbss .rela.tbss.* .rela.gnu.linkonce.tb.*)
 *(.rela.ctors)
 *(.rela.dtors)
 *(.rela.got)
 .rela.got      0x0000000000009b58       0x78 /usr/lib/gcc/x86_64-linux-gnu/9/../../../x86_64-linux-gnu/Scrt1.o
 *(.rela.bss .rela.bss.* .rela.gnu.linkonce.b.*)
 .rela.bss      0x0000000000009bd0       0x60 /usr/lib/gcc/x86_64-linux-gnu/9/../../../x86_64-linux-gnu/Scrt1.o
 *(.rela.ldata .rela.ldata.* .rela.gnu.linkonce.l.*)
 *(.rela.lbss .rela.lbss.* .rela.gnu.linkonce.lb.*)
 *(.rela.lrodata .rela.lrodata.* .rela.gnu.linkonce.lr.*)
 *(.rela.ifunc)
 .rela.ifunc    0x0000000000009c30        0x0 /usr/lib/gcc/x86_64-linux-gnu/9/../../../x86_64-linux-gnu/Scrt1.o
 .rela.fini_array
                0x0000000000009c30       0x18 /usr/lib/gcc/x86_64-linux-gnu/9/../../../x86_64-linux-gnu/Scrt1.o
 .rela.init_array
                0x0000000000009c48       0x18 /usr/lib/gcc/x86_64-linux-gnu/9/../../../x86_64-linux-gnu/Scrt1.o

.rela.plt       0x0000000000009c60      0x648
 *(.rela.plt)
 .rela.plt      0x0000000000009c60      0x648 /usr/lib/gcc/x86_64-linux-gnu/9/../../../x86_64-linux-gnu/Scrt1.o
 *(.rela.iplt)
                0x000000000000b000                . = ALIGN (CONSTANT (MAXPAGESIZE))

.init           0x000000000000b000       0x1b
 *(SORT_NONE(.init))
 .init          0x000000000000b000       0x16 /usr/lib/gcc/x86_64-linux-gnu/9/../../../x86_64-linux-gnu/crti.o
                0x000000000000b000                _init
 .init          0x000000000000b016        0x5 /usr/lib/gcc/x86_64-linux-gnu/9/../../../x86_64-linux-gnu/crtn.o

.plt            0x000000000000b020      0x440
 *(.plt)
 .plt           0x000000000000b020      0x440 /usr/lib/gcc/x86_64-linux-gnu/9/../../../x86_64-linux-gnu/Scrt1.o
 *(.iplt)

.plt.got        0x000000000000b460       0x10
 *(.plt.got)
 .plt.got       0x000000000000b460       0x10 /usr/lib/gcc/x86_64-linux-gnu/9/../../../x86_64-linux-gnu/Scrt1.o
                0x000000000000b460                __cxa_finalize@@GLIBC_2.2.5

.plt.sec        0x000000000000b470      0x430
 *(.plt.sec)
 .plt.sec       0x000000000000b470      0x430 /usr/lib/gcc/x86_64-linux-gnu/9/../../../x86_64-linux-gnu/Scrt1.o
                0x000000000000b470                inet_ntop@@GLIBC_2.2.5
                0x000000000000b480                __snprintf_chk@@GLIBC_2.3.4
                0x000000000000b490                putchar@@GLIBC_2.2.5
                0x000000000000b4a0                __errno_location@@GLIBC_2.2.5
                0x000000000000b4b0                strncpy@@GLIBC_2.2.5
                0x000000000000b4c0                strcpy@@GLIBC_2.2.5
                0x000000000000b4d0                __isoc99_fscanf@@GLIBC_2.7
                0x000000000000b4e0                puts@@GLIBC_2.2.5
                0x000000000000b4f0                fread@@GLIBC_2.2.5
                0x000000000000b500                fcntl@@GLIBC_2.2.5
                0x000000000000b510                clock_gettime@@GLIBC_2.17
                0x000000000000b520                write@@GLIBC_2.2.5
                0x000000000000b530                __open_2@@GLIBC_2.7
                0x000000000000b540                fclose@@GLIBC_2.2.5
                0x000000000000b550                cfsetospeed@@GLIBC_2.2.5
                0x000000000000b560                strlen@@GLIBC_2.2.5
                0x000000000000b570                __stack_chk_fail@@GLIBC_2.4
                0x000000000000b580                system@@GLIBC_2.2.5
                0x000000000000b590                tcflush@@GLIBC_2.2.5
                0x000000000000b5a0                strchr@@GLIBC_2.2.5
                0x000000000000b5b0                __fdelt_chk@@GLIBC_2.15
                0x000000000000b5c0                snprintf@@GLIBC_2.2.5
                0x000000000000b5d0                gai_strerror@@GLIBC_2.2.5
                0x000000000000b5e0                gettimeofday@@GLIBC_2.2.5
                0x000000000000b5f0                memset@@GLIBC_2.2.5
                0x000000000000b600                ioctl@@GLIBC_2.2.5
                0x000000000000b610                close@@GLIBC_2.2.5
                0x000000000000b620                read@@GLIBC_2.2.5
                0x000000000000b630                srand@@GLIBC_2.2.5
                0x000000000000b640                memcmp@@GLIBC_2.2.5
                0x000000000000b650                strcmp@@GLIBC_2.2.5
                0x000000000000b660                signal@@GLIBC_2.2.5
                0x000000000000b670                __memmove_chk@@GLIBC_2.3.4
                0x000000000000b680                __memcpy_chk@@GLIBC_2.3.4
                0x000000000000b690                strtol@@GLIBC_2.2.5
                0x000000000000b6a0                clearerr@@GLIBC_2.2.5
                0x000000000000b6b0                memcpy@@GLIBC_2.14
                0x000000000000b6c0                select@@GLIBC_2.2.5
                0x000000000000b6d0                err@@GLIBC_2.2.5
                0x000000000000b6e0                malloc@@GLIBC_2.2.5
                0x000000000000b6f0                fflush@@GLIBC_2.2.5
                0x000000000000b700                ungetc@@GLIBC_2.2.5
                0x000000000000b710                __vsnprintf_chk@@GLIBC_2.3.4
                0x000000000000b720                fdopen@@GLIBC_2.2.5
                0x000000000000b730                setitimer@@GLIBC_2.2.5
                0x000000000000b740                cfmakeraw@@GLIBC_2.2.5
                0x000000000000b750                __printf_chk@@GLIBC_2.3.4
                0x000000000000b760                setvbuf@@GLIBC_2.2.5
                0x000000000000b770                memmove@@GLIBC_2.2.5
                0x000000000000b780                tcgetattr@@GLIBC_2.2.5
                0x000000000000b790                tcsetattr@@GLIBC_2.2.5
                0x000000000000b7a0                open@@GLIBC_2.2.5
                0x000000000000b7b0                fopen@@GLIBC_2.2.5
                0x000000000000b7c0                cfsetispeed@@GLIBC_2.2.5
                0x000000000000b7d0                perror@@GLIBC_2.2.5
                0x000000000000b7e0                getopt@@GLIBC_2.2.5
                0x000000000000b7f0                __cxa_atexit@@GLIBC_2.2.5
                0x000000000000b800                exit@@GLIBC_2.2.5
                0x000000000000b810                connect@@GLIBC_2.2.5
                0x000000000000b820                fwrite@@GLIBC_2.2.5
                0x000000000000b830                __fprintf_chk@@GLIBC_2.3.4
                0x000000000000b840                __strncat_chk@@GLIBC_2.3.4
                0x000000000000b850                getaddrinfo@@GLIBC_2.2.5
                0x000000000000b860                rand@@GLIBC_2.2.5
                0x000000000000b870                usleep@@GLIBC_2.2.5
                0x000000000000b880                freeaddrinfo@@GLIBC_2.2.5
                0x000000000000b890                socket@@GLIBC_2.2.5

.text           0x000000000000b8a0    0x16aa2
 *(.text.unlikely .text.*_unlikely .text.unlikely.*)
 *(.text.exit .text.exit.*)
 *(.text.startup .text.startup.*)
 .text.startup  0x000000000000b8a0      0x36c build/native/contiki-ng-native.a(contiki-main.o)
                0x000000000000b8a0                main
 *(.text.hot .text.hot.*)
 *(SORT_BY_NAME(.text.sorted.*))
 *(.text .stub .text.* .gnu.linkonce.t.*)
 *fill*         0x000000000000bc0c        0x4 
 .text          0x000000000000bc10       0x2f /usr/lib/gcc/x86_64-linux-gnu/9/../../../x86_64-linux-gnu/Scrt1.o
                0x000000000000bc10                _start
 .text          0x000000000000bc3f        0x0 /usr/lib/gcc/x86_64-linux-gnu/9/../../../x86_64-linux-gnu/crti.o
 *fill*         0x000000000000bc3f        0x1 
 .text          0x000000000000bc40       0xb9 /usr/lib/gcc/x86_64-linux-gnu/9/crtbeginS.o
 *fill*         0x000000000000bcf9        0x7 
 .text          0x000000000000bd00       0x75 border-router.o
 *fill*         0x000000000000bd75        0xb 
 .text          0x000000000000bd80      0x728 build/native/contiki-ng-native.a(webserver.o)
                0x000000000000c480                httpd_simple_get_script
 .text          0x000000000000c4a8        0x0 build/native/contiki-ng-native.a(contiki-main.o)
 *fill*         0x000000000000c4a8        0x8 
 .text          0x000000000000c4b0       0x71 build/native/contiki-ng-native.a(autostart.o)
                0x000000000000c4b0                autostart_start
                0x000000000000c4f0                autostart_exit
 *fill*         0x000000000000c521        0xf 
 .text          0x000000000000c530      0x32c build/native/contiki-ng-native.a(ctimer.o)
                0x000000000000c630                ctimer_init
                0x000000000000c660                ctimer_set_with_process
                0x000000000000c6d0                ctimer_set
                0x000000000000c6e0                ctimer_reset
                0x000000000000c740                ctimer_restart
                0x000000000000c7a0                ctimer_stop
                0x000000000000c800                ctimer_expired
 *fill*         0x000000000000c85c        0x4 
 .text          0x000000000000c860      0x3c0 build/native/contiki-ng-native.a(log.o)
                0x000000000000c860                log_6addr
                0x000000000000c8c0                log_6addr_compact_snprint
                0x000000000000c930                log_6addr_compact
                0x000000000000c990                log_lladdr
                0x000000000000ca40                log_lladdr_compact
                0x000000000000caa0                log_set_level
                0x000000000000cb30                log_get_level
                0x000000000000cbb0                log_level_to_str
 .text          0x000000000000cc20       0x27 build/native/contiki-ng-native.a(energest.o)
                0x000000000000cc20                energest_init
                0x000000000000cc30                energest_flush
                0x000000000000cc40                energest_get_total_time
 *fill*         0x000000000000cc47        0x9 
 .text          0x000000000000cc50      0x44d build/native/contiki-ng-native.a(etimer.o)
                0x000000000000cee0                etimer_request_poll
                0x000000000000cef0                etimer_set
                0x000000000000cf10                etimer_reset_with_new_interval
                0x000000000000cf40                etimer_reset
                0x000000000000cf60                etimer_restart
                0x000000000000cf80                etimer_adjust
                0x000000000000cfb0                etimer_expired
                0x000000000000cfc0                etimer_expiration_time
                0x000000000000cfd0                etimer_start_time
                0x000000000000cfe0                etimer_pending
                0x000000000000d000                etimer_next_expiration_time
                0x000000000000d020                etimer_stop
 *fill*         0x000000000000d09d        0x3 
 .text          0x000000000000d0a0       0x1f build/native/contiki-ng-native.a(node-id.o)
                0x000000000000d0a0                node_id_init
 *fill*         0x000000000000d0bf        0x1 
 .text          0x000000000000d0c0       0xa9 build/native/contiki-ng-native.a(rtimer.o)
                0x000000000000d0c0                rtimer_init
                0x000000000000d0d0                rtimer_set
                0x000000000000d120                rtimer_run_next
 *fill*         0x000000000000d169        0x7 
 .text          0x000000000000d170      0x47e build/native/contiki-ng-native.a(process.o)
                0x000000000000d350                process_alloc_event
                0x000000000000d370                process_start
                0x000000000000d3e0                process_exit
                0x000000000000d3f0                process_init
                0x000000000000d420                process_run
                0x000000000000d510                process_nevents
                0x000000000000d530                process_post
                0x000000000000d580                process_post_synch
                0x000000000000d5b0                process_poll
                0x000000000000d5e0                process_is_running
 *fill*         0x000000000000d5ee        0x2 
 .text          0x000000000000d5f0       0xa9 build/native/contiki-ng-native.a(timer.o)
                0x000000000000d5f0                timer_set
                0x000000000000d610                timer_reset
                0x000000000000d640                timer_restart
                0x000000000000d660                timer_expired
                0x000000000000d680                timer_remaining
 *fill*         0x000000000000d699        0x7 
 .text          0x000000000000d6a0      0x349 build/native/contiki-ng-native.a(list.o)
                0x000000000000d6a0                list_init
                0x000000000000d6b0                list_head
                0x000000000000d6c0                list_copy
                0x000000000000d6d0                list_tail
                0x000000000000d700                list_add
                0x000000000000d780                list_push
                0x000000000000d7e0                list_chop
                0x000000000000d840                list_pop
                0x000000000000d860                list_remove
                0x000000000000d8b0                list_length
                0x000000000000d8d0                list_insert
                0x000000000000d990                list_item_next
                0x000000000000d9b0                list_contains
 *fill*         0x000000000000d9e9        0x7 
 .text          0x000000000000d9f0      0x225 build/native/contiki-ng-native.a(queuebuf.o)
                0x000000000000d9f0                queuebuf_init
                0x000000000000da20                queuebuf_numfree
                0x000000000000da30                queuebuf_new_from_packetbuf
                0x000000000000dab0                queuebuf_update_attr_from_packetbuf
                0x000000000000dad0                queuebuf_update_from_packetbuf
                0x000000000000db00                queuebuf_free
                0x000000000000db40                queuebuf_to_packetbuf
                0x000000000000db90                queuebuf_dataptr
                0x000000000000dbc0                queuebuf_datalen
                0x000000000000dbd0                queuebuf_addr
                0x000000000000dbf0                queuebuf_attr
                0x000000000000dc10                queuebuf_debug_print
 *fill*         0x000000000000dc15        0xb 
 .text          0x000000000000dc20      0x477 build/native/contiki-ng-native.a(packetbuf.o)
                0x000000000000dc20                packetbuf_copyto
                0x000000000000dd10                packetbuf_hdralloc
                0x000000000000dd90                packetbuf_hdrreduce
                0x000000000000ddc0                packetbuf_set_datalen
                0x000000000000ddd0                packetbuf_dataptr
                0x000000000000ddf0                packetbuf_hdrptr
                0x000000000000de00                packetbuf_datalen
                0x000000000000de10                packetbuf_hdrlen
                0x000000000000de30                packetbuf_totlen
                0x000000000000de50                packetbuf_remaininglen
                0x000000000000de80                packetbuf_attr_clear
                0x000000000000dee0                packetbuf_clear
                0x000000000000df00                packetbuf_copyfrom
                0x000000000000df70                packetbuf_attr_copyto
                0x000000000000dfb0                packetbuf_attr_copyfrom
                0x000000000000dff0                packetbuf_set_attr
                0x000000000000e010                packetbuf_attr
                0x000000000000e030                packetbuf_set_addr
                0x000000000000e060                packetbuf_addr
                0x000000000000e080                packetbuf_holds_broadcast
 *fill*         0x000000000000e097        0x9 
 .text          0x000000000000e0a0       0xee build/native/contiki-ng-native.a(netstack.o)
                0x000000000000e0a0                netstack_process_ip_callback
                0x000000000000e120                netstack_ip_packet_processor_add
                0x000000000000e150                uip_ds6_ip_packet_processor_rm
                0x000000000000e170                netstack_init
 *fill*         0x000000000000e18e        0x2 
 .text          0x000000000000e190       0x3f build/native/contiki-ng-native.a(linkaddr.o)
                0x000000000000e190                linkaddr_copy
                0x000000000000e1a0                linkaddr_cmp
                0x000000000000e1c0                linkaddr_set_node_addr
 *fill*         0x000000000000e1cf        0x1 
 .text          0x000000000000e1d0      0x5d9 build/native/contiki-ng-native.a(uip-sr.o)
                0x000000000000e230                uip_sr_num_nodes
                0x000000000000e240                uip_sr_get_node
                0x000000000000e2c0                uip_sr_is_addr_reachable
                0x000000000000e370                uip_sr_expire_parent
                0x000000000000e3c0                uip_sr_update_node
                0x000000000000e4d0                uip_sr_init
                0x000000000000e500                uip_sr_node_head
                0x000000000000e510                uip_sr_node_next
                0x000000000000e520                uip_sr_periodic
                0x000000000000e5f0                uip_sr_free_all
                0x000000000000e660                uip_sr_link_snprint
 *fill*         0x000000000000e7a9        0x7 
 .text          0x000000000000e7b0      0xb12 build/native/contiki-ng-native.a(uip-ds6.o)
                0x000000000000e870                uip_ds6_default_prefix
                0x000000000000e880                uip_ds6_set_default_prefix
                0x000000000000e890                uip_ds6_list_loop
                0x000000000000e8d0                uip_ds6_prefix_add
                0x000000000000e980                uip_ds6_prefix_rm
                0x000000000000e990                uip_ds6_prefix_lookup
                0x000000000000e9f0                uip_ds6_is_addr_onlink
                0x000000000000ea60                uip_ds6_addr_lookup
                0x000000000000eac0                uip_ds6_get_link_local
                0x000000000000eb30                uip_ds6_get_global
                0x000000000000eba0                uip_ds6_maddr_add
                0x000000000000ec00                uip_ds6_addr_add
                0x000000000000ecf0                uip_ds6_maddr_rm
                0x000000000000ed00                uip_ds6_maddr_lookup
                0x000000000000edc0                uip_ds6_addr_rm
                0x000000000000ede0                uip_ds6_periodic
                0x000000000000ee60                uip_ds6_aaddr_add
                0x000000000000eec0                uip_ds6_aaddr_rm
                0x000000000000eed0                uip_ds6_aaddr_lookup
                0x000000000000ef30                uip_ds6_select_src
                0x000000000000f080                uip_ds6_set_addr_iid
                0x000000000000f090                uip_ds6_set_lladdr_from_iid
                0x000000000000f0a0                get_match_length
                0x000000000000f100                uip_ds6_compute_reachable_time
                0x000000000000f140                uip_ds6_init
 *fill*         0x000000000000f2c2        0xe 
 .text          0x000000000000f2d0      0x322 build/native/contiki-ng-native.a(uip-ds6-route.o)
                0x000000000000f2d0                uip_ds6_route_init
                0x000000000000f300                uip_ds6_route_nexthop
                0x000000000000f310                uip_ds6_route_head
                0x000000000000f320                uip_ds6_route_next
                0x000000000000f330                uip_ds6_route_is_nexthop
                0x000000000000f340                uip_ds6_route_num_routes
                0x000000000000f350                uip_ds6_route_lookup
                0x000000000000f360                uip_ds6_route_add
                0x000000000000f370                uip_ds6_route_rm
                0x000000000000f380                uip_ds6_route_rm_by_nexthop
                0x000000000000f390                uip_ds6_defrt_head
                0x000000000000f3a0                uip_ds6_defrt_rm
                0x000000000000f400                uip_ds6_defrt_lookup
                0x000000000000f470                uip_ds6_defrt_add
                0x000000000000f520                uip_ds6_defrt_choose
                0x000000000000f580                uip_ds6_defrt_periodic
 *fill*         0x000000000000f5f2        0xe 
 .text          0x000000000000f600      0x474 build/native/contiki-ng-native.a(psock.o)
                0x000000000000f600                psock_send
                0x000000000000f6f0                psock_generator_send
                0x000000000000f790                psock_datalen
                0x000000000000f7a0                psock_newdata
                0x000000000000f7d0                psock_readto
                0x000000000000f8d0                psock_readbuf_len
                0x000000000000fa50                psock_init
 *fill*         0x000000000000fa74        0xc 
 .text          0x000000000000fa80      0xca5 build/native/contiki-ng-native.a(tcpip.o)
                0x000000000000fab0                tcpip_output
                0x000000000000faf0                tcp_connect
                0x000000000000fb40                tcp_unlisten
                0x000000000000fb90                tcp_listen
                0x000000000000fbe0                tcp_attach
                0x000000000000fc00                udp_attach
                0x000000000000fc20                udp_new
                0x000000000000fc50                udp_broadcast_new
                0x000000000000fcd0                tcpip_input
                0x000000000000fd10                tcpip_ipv6_output
                0x0000000000010650                tcpip_poll_udp
                0x0000000000010670                tcpip_poll_tcp
                0x0000000000010690                tcpip_uipcall
 *fill*         0x0000000000010725        0xb 
 .text          0x0000000000010730     0x1beb build/native/contiki-ng-native.a(uip6.o)
                0x0000000000010940                uip_add32
                0x0000000000010a00                uip_chksum
                0x0000000000010a20                uip_icmp6chksum
                0x0000000000010a30                uip_tcpchksum
                0x0000000000010a40                uip_udpchksum
                0x0000000000010a50                uip_init
                0x0000000000010b30                uip_connect
                0x0000000000010c30                uip_remove_ext_hdr
                0x0000000000010cf0                uip_udp_new
                0x0000000000010dc0                uip_unlisten
                0x0000000000010e00                uip_listen
                0x0000000000010e40                uip_process
                0x0000000000012260                uip_htons
                0x0000000000012270                uip_htonl
                0x0000000000012290                uip_send
 *fill*         0x000000000001231b        0x5 
 .text          0x0000000000012320      0x355 build/native/contiki-ng-native.a(uip-ds6-nbr.o)
                0x0000000000012350                uip_ds6_nbr_rm
                0x0000000000012370                uip_ds6_neighbors_init
                0x00000000000123a0                uip_ds6_nbr_add
                0x00000000000123f0                uip_ds6_nbr_update_ll
                0x00000000000124c0                uip_ds6_nbr_get_ipaddr
                0x00000000000124d0                uip_ds6_nbr_get_ll
                0x00000000000124f0                uip_ds6_nbr_num
                0x0000000000012550                uip_ds6_nbr_head
                0x0000000000012560                uip_ds6_nbr_next
                0x0000000000012580                uip_ds6_nbr_lookup
                0x0000000000012600                uip_ds6_nbr_ll_lookup
                0x0000000000012620                uip_ds6_nbr_ipaddr_from_lladdr
                0x0000000000012640                uip_ds6_nbr_lladdr_from_ipaddr
                0x0000000000012670                uip_ds6_link_callback
 *fill*         0x0000000000012675        0xb 
 .text          0x0000000000012680      0x420 build/native/contiki-ng-native.a(uip-nd6.o)
                0x0000000000012a90                uip_nd6_init
 .text          0x0000000000012aa0     0x230b build/native/contiki-ng-native.a(sicslowpan.o)
                0x0000000000012aa0                sicslowpan_init
                0x0000000000014d80                netstack_sniffer_add
                0x0000000000014d90                netstack_sniffer_remove
                0x0000000000014da0                sicslowpan_get_last_rssi
 *fill*         0x0000000000014dab        0x5 
 .text          0x0000000000014db0      0x51f build/native/contiki-ng-native.a(uiplib.o)
                0x0000000000014db0                uiplib_ip6addrconv
                0x0000000000014fb0                uiplib_ip4addrconv
                0x0000000000015050                uiplib_ipaddr_snprint
                0x0000000000015270                uiplib_ipaddr_print
 *fill*         0x00000000000152cf        0x1 
 .text          0x00000000000152d0      0x49c build/native/contiki-ng-native.a(rpl.o)
                0x00000000000152d0                rpl_has_joined
                0x00000000000152f0                rpl_is_reachable
                0x0000000000015320                rpl_get_leaf_only
                0x0000000000015460                rpl_link_callback
                0x00000000000154c0                rpl_lollipop_greater_than
                0x0000000000015510                rpl_get_global_address
                0x00000000000155e0                rpl_reset_prefix
                0x0000000000015640                rpl_set_prefix_from_addr
                0x0000000000015720                rpl_set_prefix
                0x0000000000015760                rpl_set_leaf_only
 *fill*         0x000000000001576c        0x4 
 .text          0x0000000000015770     0x1918 build/native/contiki-ng-native.a(rpl-icmp6.o)
                0x0000000000016520                rpl_icmp6_update_nbr_table
                0x0000000000016600                rpl_icmp6_dis_output
                0x0000000000016690                rpl_icmp6_dio_output
                0x0000000000016be0                rpl_icmp6_pdao_output
                0x0000000000016c70                pdao_set
                0x0000000000016c80                pdao_check
                0x0000000000016ca0                rpl_icmp6_dao_output
                0x0000000000016f80                rpl_icmp6_dao_ack_output
                0x0000000000017040                rpl_icmp6_init
 *fill*         0x0000000000017088        0x8 
 .text          0x0000000000017090      0x224 build/native/contiki-ng-native.a(rpl-dag-root.o)
                0x0000000000017110                rpl_dag_root_print_links
                0x00000000000171b0                rpl_dag_root_set_prefix
                0x00000000000171e0                rpl_dag_root_start
                0x0000000000017290                rpl_dag_root_is_root
 *fill*         0x00000000000172b4        0xc 
 .text          0x00000000000172c0      0x65d build/native/contiki-ng-native.a(tun-bridge.o)
                0x00000000000172d0                sigcleanup
                0x0000000000017390                ssystem
                0x00000000000174b0                cleanup
                0x00000000000174f0                ifconf
                0x0000000000017540                devopen
                0x00000000000175b0                tun_alloc
                0x00000000000176a0                tun_init
                0x0000000000017780                tun_input
 *fill*         0x000000000001791d        0x3 
 .text          0x0000000000017920      0xd8d build/native/contiki-ng-native.a(slip-dev.o)
                0x0000000000017a40                is_sensible_string
                0x0000000000017a90                slip_packet_input
                0x0000000000017ad0                serial_input
                0x0000000000017ef0                slip_empty
                0x0000000000017f10                slip_flushbuf
                0x00000000000180f0                write_to_slip
                0x0000000000018210                slip_init
 *fill*         0x00000000000186ad        0x3 
 .text          0x00000000000186b0      0x560 build/native/contiki-ng-native.a(slip-config.o)
                0x00000000000186b0                slip_config_handle_arguments
 .text          0x0000000000018c10      0x25a build/native/contiki-ng-native.a(border-router-m)
                0x0000000000018df0                init_sec
                0x0000000000018e00                packet_sent
 *fill*         0x0000000000018e6a        0x6 
 .text          0x0000000000018e70      0x5a1 build/native/contiki-ng-native.a(border-router-c)
                0x00000000000190a0                border_router_cmd_handler
                0x00000000000193c0                border_router_cmd_output
 *fill*         0x0000000000019411        0xf 
 .text          0x0000000000019420       0x69 build/native/contiki-ng-native.a(cmd.o)
                0x0000000000019420                cmd_input
                0x0000000000019480                cmd_send
 *fill*         0x0000000000019489        0x7 
 .text          0x0000000000019490      0x108 build/native/contiki-ng-native.a(packetutils.o)
                0x0000000000019490                packetutils_serialize_atts
                0x0000000000019520                packetutils_deserialize_atts
 *fill*         0x0000000000019598        0x8 
 .text          0x00000000000195a0      0x349 build/native/contiki-ng-native.a(shell.o)
                0x00000000000195a0                shell_output_6addr
                0x0000000000019620                shell_output_lladdr
                0x0000000000019750                shell_input
                0x00000000000198e0                shell_init
 *fill*         0x00000000000198e9        0x7 
 .text          0x00000000000198f0     0x19c3 build/native/contiki-ng-native.a(shell-commands.)
                0x000000000001b190                shell_commands_init
                0x000000000001b1d0                shell_command_set_register
                0x000000000001b1f0                shell_command_set_deregister
                0x000000000001b240                shell_command_lookup
 *fill*         0x000000000001b2b3        0xd 
 .text          0x000000000001b2c0       0xd2 build/native/contiki-ng-native.a(serial-shell.o)
                0x000000000001b380                serial_shell_init
 *fill*         0x000000000001b392        0xe 
 .text          0x000000000001b3a0      0x4b1 build/native/contiki-ng-native.a(platform.o)
                0x000000000001b410                select_set_callback
                0x000000000001b4b0                native_uart_set_input
                0x000000000001b4c0                platform_process_args
                0x000000000001b4e0                platform_init_stage_one
                0x000000000001b500                platform_init_stage_two
                0x000000000001b570                platform_init_stage_three
                0x000000000001b680                platform_main_loop
                0x000000000001b800                log_message
                0x000000000001b830                uip_log
 *fill*         0x000000000001b851        0xf 
 .text          0x000000000001b860       0xd5 build/native/contiki-ng-native.a(clock.o)
                0x000000000001b860                clock_time
                0x000000000001b8d0                clock_seconds
                0x000000000001b920                clock_delay
                0x000000000001b930                clock_init
 *fill*         0x000000000001b935        0xb 
 .text          0x000000000001b940       0xc4 build/native/contiki-ng-native.a(rtimer-arch.o)
                0x000000000001b960                rtimer_arch_init
                0x000000000001b980                rtimer_arch_schedule
 *fill*         0x000000000001ba04        0xc 
 .text          0x000000000001ba10       0x54 build/native/contiki-ng-native.a(watchdog.o)
                0x000000000001ba10                watchdog_init
                0x000000000001ba20                watchdog_start
                0x000000000001ba30                watchdog_periodic
                0x000000000001ba40                watchdog_stop
                0x000000000001ba50                watchdog_reboot
 *fill*         0x000000000001ba64        0xc 
 .text          0x000000000001ba70      0x552 build/native/contiki-ng-native.a(httpd-simple.o)
                0x000000000001be20                httpd_appcall
                0x000000000001bfa0                httpd_init
 *fill*         0x000000000001bfc2        0xe 
 .text          0x000000000001bfd0       0xf2 build/native/contiki-ng-native.a(rpl-border-rout)
                0x000000000001bfd0                print_local_addresses
                0x000000000001c080                set_prefix_64
                0x000000000001c0b0                rpl_border_router_init
 *fill*         0x000000000001c0c2        0xe 
 .text          0x000000000001c0d0       0xd2 build/native/contiki-ng-native.a(stimer.o)
                0x000000000001c0d0                stimer_set
                0x000000000001c0f0                stimer_reset
                0x000000000001c120                stimer_restart
                0x000000000001c140                stimer_expired
                0x000000000001c170                stimer_remaining
                0x000000000001c190                stimer_elapsed
 *fill*         0x000000000001c1a2        0xe 
 .text          0x000000000001c1b0      0x147 build/native/contiki-ng-native.a(memb.o)
                0x000000000001c1b0                memb_init
                0x000000000001c1e0                memb_alloc
                0x000000000001c230                memb_free
                0x000000000001c280                memb_inmemb
                0x000000000001c2b0                memb_numfree
 *fill*         0x000000000001c2f7        0x9 
 .text          0x000000000001c300       0x22 build/native/contiki-ng-native.a(random.o)
                0x000000000001c300                random_init
                0x000000000001c310                random_rand
 *fill*         0x000000000001c322        0xe 
 .text          0x000000000001c330      0x378 build/native/contiki-ng-native.a(button-hal.o)
                0x000000000001c480                button_hal_get_by_id
                0x000000000001c4c0                button_hal_get_by_index
                0x000000000001c4f0                button_hal_get_state
                0x000000000001c5d0                button_hal_init
 *fill*         0x000000000001c6a8        0x8 
 .text          0x000000000001c6b0      0x1e2 build/native/contiki-ng-native.a(serial-line.o)
                0x000000000001c7e0                serial_line_input_byte
                0x000000000001c860                serial_line_init
 *fill*         0x000000000001c892        0xe 
 .text          0x000000000001c8a0       0x87 build/native/contiki-ng-native.a(leds.o)
                0x000000000001c8a0                leds_init
                0x000000000001c8b0                leds_single_on
                0x000000000001c8c0                leds_single_off
                0x000000000001c8d0                leds_single_toggle
                0x000000000001c8e0                leds_on
                0x000000000001c8f0                leds_off
                0x000000000001c900                leds_toggle
                0x000000000001c910                leds_set
                0x000000000001c920                leds_get
 *fill*         0x000000000001c927        0x9 
 .text          0x000000000001c930       0xf7 build/native/contiki-ng-native.a(nullradio.o)
 *fill*         0x000000000001ca27        0x9 
 .text          0x000000000001ca30      0x118 build/native/contiki-ng-native.a(gpio-hal.o)
                0x000000000001ca30                gpio_hal_register_handler
                0x000000000001ca50                gpio_hal_event_handler
                0x000000000001caa0                gpio_hal_init
                0x000000000001cac0                gpio_hal_arch_port_toggle_pin
                0x000000000001cae0                gpio_hal_arch_port_toggle_pins
                0x000000000001cb00                gpio_hal_arch_no_port_toggle_pin
                0x000000000001cb30                gpio_hal_arch_no_port_toggle_pins
 *fill*         0x000000000001cb48        0x8 
 .text          0x000000000001cb50      0x70b build/native/contiki-ng-native.a(nbr-table.o)
                0x000000000001cbd0                nbr_table_register
                0x000000000001cc40                nbr_table_is_registered
                0x000000000001cc70                nbr_table_next
                0x000000000001cd20                nbr_table_head
                0x000000000001cd90                nbr_table_add_lladdr
                0x000000000001d0a0                nbr_table_get_from_lladdr
                0x000000000001d100                nbr_table_remove
                0x000000000001d180                nbr_table_lock
                0x000000000001d1d0                nbr_table_unlock
                0x000000000001d220                nbr_table_get_lladdr
 *fill*         0x000000000001d25b        0x5 
 .text          0x000000000001d260      0x3e4 build/native/contiki-ng-native.a(link-stats.o)
                0x000000000001d2b0                link_stats_from_lladdr
                0x000000000001d2d0                link_stats_get_lladdr
                0x000000000001d2f0                link_stats_is_fresh
                0x000000000001d330                guess_etx_from_rssi
                0x000000000001d390                link_stats_packet_sent
                0x000000000001d4f0                link_stats_input_callback
                0x000000000001d5c0                link_stats_reset
                0x000000000001d610                link_stats_init
 *fill*         0x000000000001d644        0xc 
 .text          0x000000000001d650       0x19 build/native/contiki-ng-native.a(mac.o)
                0x000000000001d650                mac_call_sent_callback
 *fill*         0x000000000001d669        0x7 
 .text          0x000000000001d670      0x3e1 build/native/contiki-ng-native.a(framer-802154.o)
                0x000000000001da30                framer_802154_setup_params
 *fill*         0x000000000001da51        0xf 
 .text          0x000000000001da60      0x98e build/native/contiki-ng-native.a(frame802154.o)
                0x000000000001da60                frame802154_get_pan_id
                0x000000000001da70                frame802154_set_pan_id
                0x000000000001da80                frame802154_has_panid
                0x000000000001dce0                frame802154_check_dest_panid
                0x000000000001dd60                frame802154_is_broadcast_addr
                0x000000000001ddb0                frame802154_extract_linkaddr
                0x000000000001def0                frame802154_hdrlen
                0x000000000001df60                frame802154_create_fcf
                0x000000000001dfe0                frame802154_create
                0x000000000001e110                frame802154_parse_fcf
                0x000000000001e180                frame802154_parse
 *fill*         0x000000000001e3ee        0x2 
 .text          0x000000000001e3f0      0x3c6 build/native/contiki-ng-native.a(uipbuf.o)
                0x000000000001e3f0                uipbuf_clear
                0x000000000001e430                uipbuf_add_ext_hdr
                0x000000000001e480                uipbuf_set_len
                0x000000000001e4a0                uipbuf_set_len_field
                0x000000000001e4b0                uipbuf_get_len_field
                0x000000000001e4d0                uipbuf_get_next_header
                0x000000000001e590                uipbuf_get_last_header
                0x000000000001e600                uipbuf_search_header
                0x000000000001e6b0                uipbuf_get_attr
                0x000000000001e6d0                uipbuf_set_attr
                0x000000000001e700                uipbuf_set_default_attr
                0x000000000001e730                uipbuf_clear_attr
                0x000000000001e750                uipbuf_set_attr_flag
                0x000000000001e760                uipbuf_clr_attr_flag
                0x000000000001e770                uipbuf_is_attr_flag
                0x000000000001e790                uipbuf_init
 *fill*         0x000000000001e7b6        0xa 
 .text          0x000000000001e7c0      0x4f2 build/native/contiki-ng-native.a(uip-icmp6.o)
                0x000000000001e910                uip_icmp6_input
                0x000000000001e980                uip_icmp6_register_input_handler
                0x000000000001e9a0                uip_icmp6_error_output
                0x000000000001eb70                uip_icmp6_send
                0x000000000001ec30                uip_icmp6_echo_reply_callback_add
                0x000000000001ec60                uip_icmp6_echo_reply_callback_rm
                0x000000000001ec80                uip_icmp6_init
 *fill*         0x000000000001ecb2        0xe 
 .text          0x000000000001ecc0      0x124 build/native/contiki-ng-native.a(uip-packetqueue)
                0x000000000001ece0                uip_packetqueue_new
                0x000000000001ecf0                uip_packetqueue_alloc
                0x000000000001ed50                uip_packetqueue_free
                0x000000000001ed90                uip_packetqueue_buf
                0x000000000001edb0                uip_packetqueue_buflen
                0x000000000001edd0                uip_packetqueue_set_buflen
 *fill*         0x000000000001ede4        0xc 
 .text          0x000000000001edf0      0x12d build/native/contiki-ng-native.a(rpl-nbr-policy.)
                0x000000000001ee90                rpl_nbr_policy_find_removable
 *fill*         0x000000000001ef1d        0x3 
 .text          0x000000000001ef20      0x937 build/native/contiki-ng-native.a(rpl-neighbor.o)
                0x000000000001ef80                rpl_neighbor_count
                0x000000000001efe0                rpl_neighbor_get_from_lladdr
                0x000000000001f000                rpl_neighbor_is_acceptable_parent
                0x000000000001f030                rpl_neighbor_get_link_metric
                0x000000000001f060                rpl_neighbor_rank_via_nbr
                0x000000000001f090                rpl_neighbor_get_lladdr
                0x000000000001f0b0                rpl_neighbor_get_ipaddr
                0x000000000001f0e0                rpl_neighbor_get_link_stats
                0x000000000001f210                rpl_neighbor_snprint
                0x000000000001f560                rpl_neighbor_print_list
                0x000000000001f600                rpl_neighbor_is_fresh
                0x000000000001f620                rpl_neighbor_is_reachable
                0x000000000001f680                rpl_neighbor_is_parent
                0x000000000001f6a0                rpl_neighbor_set_preferred_parent
                0x000000000001f720                rpl_neighbor_remove_all
                0x000000000001f770                rpl_neighbor_get_from_ipaddr
                0x000000000001f7a0                rpl_neighbor_select_best
                0x000000000001f840                rpl_neighbor_init
 *fill*         0x000000000001f857        0x9 
 .text          0x000000000001f860      0xca9 build/native/contiki-ng-native.a(rpl-dag.o)
                0x000000000001fc60                rpl_dag_state_to_str
                0x000000000001fcb0                rpl_dag_get_root_ipaddr
                0x000000000001fce0                rpl_dag_leave
                0x000000000001fd60                rpl_dag_poison_and_leave
                0x000000000001fd80                rpl_dag_periodic
                0x000000000001fe00                rpl_is_addr_in_our_dag
                0x000000000001fe50                rpl_get_default_instance
                0x000000000001fe70                rpl_get_any_dag
                0x000000000001fe90                rpl_refresh_routes
                0x000000000001fec0                rpl_global_repair
                0x000000000001fef0                rpl_local_repair
                0x000000000001ff10                rpl_dag_ready_to_advertise
                0x000000000001ff50                rpl_dag_update_state
                0x000000000001ff70                rpl_process_dio
                0x0000000000020210                rpl_process_dis
                0x0000000000020260                rpl_process_dao
                0x00000000000202e0                rpl_process_dao_ack
                0x0000000000020380                rpl_process_hbh
                0x00000000000203d0                rpl_dag_init_root
                0x00000000000204f0                rpl_dag_init
 *fill*         0x0000000000020509        0x7 
 .text          0x0000000000020510      0x967 build/native/contiki-ng-native.a(rpl-timers.o)
                0x00000000000207d0                rpl_timers_schedule_periodic_dis
                0x0000000000020900                rpl_timers_dio_reset
                0x0000000000020960                rpl_timers_schedule_unicast_dio
                0x0000000000020990                rpl_timers_schedule_dao
                0x0000000000020a00                rpl_timers_schedule_dao_ack
                0x0000000000020a40                rpl_timers_notify_dao_ack
                0x0000000000020ac0                get_probing_delay
                0x0000000000020ae0                get_probing_target
                0x0000000000020ca0                rpl_schedule_probing
                0x0000000000020cc0                rpl_schedule_probing_now
                0x0000000000020d10                rpl_timers_unschedule_leaving
                0x0000000000020d50                rpl_timers_schedule_leaving
                0x0000000000020da0                rpl_timers_init
                0x0000000000020dd0                rpl_timers_stop_dag_timers
                0x0000000000020e30                rpl_timers_unschedule_state_update
                0x0000000000020e50                rpl_timers_schedule_state_update
 *fill*         0x0000000000020e77        0x9 
 .text          0x0000000000020e80      0xb74 build/native/contiki-ng-native.a(rpl-ext-header.)
                0x0000000000020ef0                rpl_ext_header_srh_get_next_hop
                0x0000000000020fd0                rpl_ext_header_srh_update
                0x0000000000021240                rpl_ext_header_hbh_update
                0x0000000000021300                rpl_ext_header_remove
                0x0000000000021480                rpl_ext_header_update
 *fill*         0x00000000000219f4        0xc 
 .text          0x0000000000021a00      0x2b5 build/native/contiki-ng-native.a(rpl-mrhof.o)
 *fill*         0x0000000000021cb5        0xb 
 .text          0x0000000000021cc0      0x2f0 build/native/contiki-ng-native.a(border-router-n)
                0x0000000000021f20                border_router_set_mac
                0x0000000000021f70                border_router_print_stat
 .text          0x0000000000021fb0        0x0 build/native/contiki-ng-native.a(buttons.o)
 .text          0x0000000000021fb0       0x50 build/native/contiki-ng-native.a(int-master.o)
                0x0000000000021fb0                int_master_enable
                0x0000000000021fc0                int_master_read_and_disable
                0x0000000000021fe0                int_master_status_set
                0x0000000000021ff0                int_master_is_enabled
 .text          0x0000000000022000      0x1d2 build/native/contiki-ng-native.a(gpio-hal-arch.o)
                0x0000000000022000                gpio_hal_arch_init
                0x0000000000022010                gpio_hal_arch_no_port_interrupt_enable
                0x0000000000022020                gpio_hal_arch_no_port_interrupt_disable
                0x0000000000022030                gpio_hal_arch_no_port_pin_cfg_set
                0x0000000000022050                gpio_hal_arch_no_port_pin_cfg_get
                0x0000000000022070                gpio_hal_arch_no_port_pin_set_input
                0x0000000000022080                gpio_hal_arch_no_port_pin_set_output
                0x0000000000022090                gpio_hal_arch_no_port_set_pin
                0x00000000000220b0                gpio_hal_arch_no_port_clear_pin
                0x00000000000220d0                gpio_hal_arch_no_port_read_pin
                0x00000000000220f0                gpio_hal_arch_no_port_write_pin
                0x0000000000022110                gpio_hal_arch_no_port_set_pins
                0x0000000000022140                gpio_hal_arch_no_port_clear_pins
                0x0000000000022170                gpio_hal_arch_no_port_read_pins
                0x00000000000221a0                gpio_hal_arch_no_port_write_pins
 *fill*         0x00000000000221d2        0xe 
 .text          0x00000000000221e0       0xc5 build/native/contiki-ng-native.a(ringbuf.o)
                0x00000000000221e0                ringbuf_init
                0x0000000000022200                ringbuf_put
                0x0000000000022240                ringbuf_get
                0x0000000000022280                ringbuf_size
                0x0000000000022290                ringbuf_elements
 *fill*         0x00000000000222a5        0xb 
 .text          0x00000000000222b0       0x75 /usr/lib/x86_64-linux-gnu/libc_nonshared.a(elf-init.oS)
                0x00000000000222b0                __libc_csu_init
                0x0000000000022320                __libc_csu_fini
 *fill*         0x0000000000022325        0xb 
 .text          0x0000000000022330       0x12 /usr/lib/x86_64-linux-gnu/libc_nonshared.a(atexit.oS)
                0x0000000000022330                atexit
 .text          0x0000000000022342        0x0 /usr/lib/gcc/x86_64-linux-gnu/9/crtendS.o
 .text          0x0000000000022342        0x0 /usr/lib/gcc/x86_64-linux-gnu/9/../../../x86_64-linux-gnu/crtn.o
 *(.gnu.warning)

.fini           0x0000000000022344        0xd
 *(SORT_NONE(.fini))
 .fini          0x0000000000022344        0x8 /usr/lib/gcc/x86_64-linux-gnu/9/../../../x86_64-linux-gnu/crti.o
                0x0000000000022344                _fini
 .fini          0x000000000002234c        0x5 /usr/lib/gcc/x86_64-linux-gnu/9/../../../x86_64-linux-gnu/crtn.o
                [!provide]                        PROVIDE (__etext = .)
                [!provide]                        PROVIDE (_etext = .)
                [!provide]                        PROVIDE (etext = .)
                0x0000000000023000                . = ALIGN (CONSTANT (MAXPAGESIZE))
                0x0000000000023000                . = SEGMENT_START ("rodata-segment", (ALIGN (CONSTANT (MAXPAGESIZE)) + (. & (CONSTANT (MAXPAGESIZE) - 0x1))))

.rodata         0x0000000000023000     0x21d8
 *(.rodata .rodata.* .gnu.linkonce.r.*)
 .rodata.cst4   0x0000000000023000        0x4 /usr/lib/gcc/x86_64-linux-gnu/9/../../../x86_64-linux-gnu/Scrt1.o
                0x0000000000023000                _IO_stdin_used
 .rodata.str1.1
                0x0000000000023004       0x34 border-router.o
 .rodata.str1.8
                0x0000000000023038       0x21 border-router.o
 .rodata.str1.1
                0x0000000000023059       0x89 build/native/contiki-ng-native.a(webserver.o)
                                         0xab (size before relaxing)
 .rodata.str1.1
                0x00000000000230e2       0x66 build/native/contiki-ng-native.a(contiki-main.o)
                                         0x7a (size before relaxing)
 .rodata.str1.8
                0x0000000000023148       0x7c build/native/contiki-ng-native.a(contiki-main.o)
 .rodata.str1.1
                0x00000000000231c4        0xf build/native/contiki-ng-native.a(ctimer.o)
 .rodata.str1.1
                0x00000000000231d3       0xa0 build/native/contiki-ng-native.a(log.o)
                                         0xac (size before relaxing)
 *fill*         0x0000000000023273        0x1 
 .rodata        0x0000000000023274       0x14 build/native/contiki-ng-native.a(log.o)
 .rodata.str1.1
                0x0000000000023288        0xc build/native/contiki-ng-native.a(etimer.o)
 *fill*         0x0000000000023294        0x4 
 .rodata        0x0000000000023298        0x8 build/native/contiki-ng-native.a(linkaddr.o)
                0x0000000000023298                linkaddr_null
 .rodata.str1.1
                0x00000000000232a0       0x44 build/native/contiki-ng-native.a(uip-sr.o)
 .rodata.str1.1
                0x00000000000232e4       0xa4 build/native/contiki-ng-native.a(tcpip.o)
                                         0xbd (size before relaxing)
 .rodata.str1.8
                0x0000000000023388      0x1d4 build/native/contiki-ng-native.a(tcpip.o)
 .rodata        0x000000000002355c       0x84 build/native/contiki-ng-native.a(uip6.o)
 .rodata        0x00000000000235e0       0x16 build/native/contiki-ng-native.a(sicslowpan.o)
                0x00000000000235e8                llprefix
                0x00000000000235ea                unc_mxconf
                0x00000000000235ee                unc_ctxconf
                0x00000000000235f2                unc_llconf
 .rodata.str1.1
                0x00000000000235f6        0xb build/native/contiki-ng-native.a(sicslowpan.o)
 .rodata.str1.1
                0x0000000000023601       0x25 build/native/contiki-ng-native.a(uiplib.o)
                                         0x2d (size before relaxing)
 .rodata.str1.1
                0x0000000000023626        0x9 build/native/contiki-ng-native.a(rpl.o)
 .rodata.str1.1
                0x000000000002362f      0x172 build/native/contiki-ng-native.a(rpl-icmp6.o)
                                        0x1b0 (size before relaxing)
 *fill*         0x00000000000237a1        0x7 
 .rodata.str1.8
                0x00000000000237a8      0x474 build/native/contiki-ng-native.a(rpl-icmp6.o)
 .rodata.str1.1
                0x0000000000023c1c       0x9b build/native/contiki-ng-native.a(tun-bridge.o)
                                         0x9f (size before relaxing)
 *fill*         0x0000000000023cb7        0x1 
 .rodata.str1.8
                0x0000000000023cb8       0x6f build/native/contiki-ng-native.a(tun-bridge.o)
 .rodata.str1.1
                0x0000000000023d27      0x135 build/native/contiki-ng-native.a(slip-dev.o)
                                        0x137 (size before relaxing)
 *fill*         0x0000000000023e5c        0x4 
 .rodata.str1.8
                0x0000000000023e60       0xd5 build/native/contiki-ng-native.a(slip-dev.o)
 .rodata.str1.1
                0x0000000000023f35       0x5d build/native/contiki-ng-native.a(slip-config.o)
 *fill*         0x0000000000023f92        0x6 
 .rodata.str1.8
                0x0000000000023f98      0x4de build/native/contiki-ng-native.a(slip-config.o)
 *fill*         0x0000000000024476        0x2 
 .rodata        0x0000000000024478       0xd4 build/native/contiki-ng-native.a(slip-config.o)
 .rodata.str1.1
                0x000000000002454c        0x7 build/native/contiki-ng-native.a(border-router-m)
 .rodata.str1.1
                0x0000000000024553       0x7d build/native/contiki-ng-native.a(border-router-c)
                                         0x80 (size before relaxing)
 .rodata.str1.1
                0x00000000000245d0        0x8 build/native/contiki-ng-native.a(shell.o)
 .rodata.cst16  0x00000000000245d0       0x30 build/native/contiki-ng-native.a(shell.o)
 .rodata.str1.1
                0x0000000000024600      0x2c0 build/native/contiki-ng-native.a(shell-commands.)
                                        0x2d4 (size before relaxing)
 .rodata.str1.8
                0x00000000000248c0      0x3e4 build/native/contiki-ng-native.a(shell-commands.)
 .rodata        0x0000000000024ca4       0x14 build/native/contiki-ng-native.a(shell-commands.)
 *fill*         0x0000000000024cb8        0x8 
 .rodata.cst16  0x0000000000024cc0      0x180 build/native/contiki-ng-native.a(shell-commands.)
 .rodata.str1.1
                0x0000000000024e40       0x15 build/native/contiki-ng-native.a(serial-shell.o)
                                         0x18 (size before relaxing)
 .rodata.str1.1
                0x0000000000024e55       0x2f build/native/contiki-ng-native.a(platform.o)
                                         0x47 (size before relaxing)
 *fill*         0x0000000000024e84        0x4 
 .rodata.str1.8
                0x0000000000024e88       0x59 build/native/contiki-ng-native.a(httpd-simple.o)
 *fill*         0x0000000000024ee1       0x1f 
 .rodata        0x0000000000024f00       0xfc build/native/contiki-ng-native.a(httpd-simple.o)
                0x0000000000024f00                http_index_html
                0x0000000000024f0c                http_get
                0x0000000000024f20                http_header_404
                0x0000000000024f80                http_header_200
                0x0000000000024fe0                http_content_type_html
 .rodata.str1.1
                0x0000000000024ffc       0x1a build/native/contiki-ng-native.a(rpl-border-rout)
                                         0x31 (size before relaxing)
 .rodata.str1.1
                0x0000000000025016       0x13 build/native/contiki-ng-native.a(button-hal.o)
 .rodata.str1.1
                0x0000000000025029        0xe build/native/contiki-ng-native.a(serial-line.o)
 *fill*         0x0000000000025037        0x1 
 .rodata.str1.8
                0x0000000000025038       0x22 build/native/contiki-ng-native.a(rpl-neighbor.o)
 .rodata.str1.1
                0x000000000002505a       0x3d build/native/contiki-ng-native.a(rpl-neighbor.o)
                                         0x3f (size before relaxing)
 .rodata.str1.1
                0x0000000000025097       0xa6 build/native/contiki-ng-native.a(rpl-dag.o)
                                         0xb0 (size before relaxing)
 .rodata.str1.1
                0x000000000002513d        0xc build/native/contiki-ng-native.a(rpl-timers.o)
 .rodata.str1.1
                0x0000000000025149       0x6f build/native/contiki-ng-native.a(border-router-n)
                                         0x8a (size before relaxing)
 .rodata.str1.8
                0x00000000000251b8       0x1f build/native/contiki-ng-native.a(border-router-n)
 .rodata        0x00000000000251d7        0x1 build/native/contiki-ng-native.a(buttons.o)
                0x00000000000251d7                button_hal_button_count

.rodata1
 *(.rodata1)

.eh_frame_hdr   0x00000000000251d8     0x13dc
 *(.eh_frame_hdr)
 .eh_frame_hdr  0x00000000000251d8     0x13dc /usr/lib/gcc/x86_64-linux-gnu/9/../../../x86_64-linux-gnu/Scrt1.o
                0x00000000000251d8                __GNU_EH_FRAME_HDR
 *(.eh_frame_entry .eh_frame_entry.*)

.eh_frame       0x00000000000265b8     0x51c8
 *(.eh_frame)
 .eh_frame      0x00000000000265b8       0x30 /usr/lib/gcc/x86_64-linux-gnu/9/../../../x86_64-linux-gnu/Scrt1.o
                                         0x2c (size before relaxing)
 *fill*         0x00000000000265e8        0x0 
 .eh_frame      0x00000000000265e8       0x28 /usr/lib/gcc/x86_64-linux-gnu/9/../../../x86_64-linux-gnu/Scrt1.o
                                         0x40 (size before relaxing)
 .eh_frame      0x0000000000026610       0x18 /usr/lib/gcc/x86_64-linux-gnu/9/../../../x86_64-linux-gnu/Scrt1.o
                                         0x30 (size before relaxing)
 .eh_frame      0x0000000000026628       0x18 /usr/lib/gcc/x86_64-linux-gnu/9/../../../x86_64-linux-gnu/Scrt1.o
                                         0x30 (size before relaxing)
 .eh_frame      0x0000000000026640       0x20 border-router.o
                                         0x38 (size before relaxing)
 .eh_frame      0x0000000000026660       0xf0 build/native/contiki-ng-native.a(webserver.o)
                                        0x108 (size before relaxing)
 .eh_frame      0x0000000000026750       0x20 build/native/contiki-ng-native.a(contiki-main.o)
                                         0x38 (size before relaxing)
 .eh_frame      0x0000000000026770       0x38 build/native/contiki-ng-native.a(autostart.o)
                                         0x50 (size before relaxing)
 .eh_frame      0x00000000000267a8      0x130 build/native/contiki-ng-native.a(ctimer.o)
                                        0x148 (size before relaxing)
 .eh_frame      0x00000000000268d8      0x158 build/native/contiki-ng-native.a(log.o)
                                        0x170 (size before relaxing)
 .eh_frame      0x0000000000026a30       0x40 build/native/contiki-ng-native.a(energest.o)
                                         0x58 (size before relaxing)
 .eh_frame      0x0000000000026a70      0x1b0 build/native/contiki-ng-native.a(etimer.o)
                                        0x1c8 (size before relaxing)
 .eh_frame      0x0000000000026c20       0x18 build/native/contiki-ng-native.a(node-id.o)
                                         0x30 (size before relaxing)
 .eh_frame      0x0000000000026c38       0x50 build/native/contiki-ng-native.a(rtimer.o)
                                         0x68 (size before relaxing)
 .eh_frame      0x0000000000026c88      0x198 build/native/contiki-ng-native.a(process.o)
                                        0x1b0 (size before relaxing)
 .eh_frame      0x0000000000026e20       0x90 build/native/contiki-ng-native.a(timer.o)
                                         0xa8 (size before relaxing)
 .eh_frame      0x0000000000026eb0      0x108 build/native/contiki-ng-native.a(list.o)
                                        0x120 (size before relaxing)
 .eh_frame      0x0000000000026fb8      0x138 build/native/contiki-ng-native.a(queuebuf.o)
                                        0x150 (size before relaxing)
 .eh_frame      0x00000000000270f0      0x1c0 build/native/contiki-ng-native.a(packetbuf.o)
                                        0x1d8 (size before relaxing)
 .eh_frame      0x00000000000272b0       0x78 build/native/contiki-ng-native.a(netstack.o)
                                         0x90 (size before relaxing)
 .eh_frame      0x0000000000027328       0x40 build/native/contiki-ng-native.a(linkaddr.o)
                                         0x58 (size before relaxing)
 .eh_frame      0x0000000000027368      0x210 build/native/contiki-ng-native.a(uip-sr.o)
                                        0x228 (size before relaxing)
 .eh_frame      0x0000000000027578      0x3c0 build/native/contiki-ng-native.a(uip-ds6.o)
                                        0x3d8 (size before relaxing)
 .eh_frame      0x0000000000027938      0x1c0 build/native/contiki-ng-native.a(uip-ds6-route.o)
                                        0x1d8 (size before relaxing)
 .eh_frame      0x0000000000027af8       0xe0 build/native/contiki-ng-native.a(psock.o)
                                         0xf8 (size before relaxing)
 .eh_frame      0x0000000000027bd8      0x218 build/native/contiki-ng-native.a(tcpip.o)
                                        0x230 (size before relaxing)
 .eh_frame      0x0000000000027df0      0x230 build/native/contiki-ng-native.a(uip6.o)
                                        0x248 (size before relaxing)
 .eh_frame      0x0000000000028020      0x1c0 build/native/contiki-ng-native.a(uip-ds6-nbr.o)
                                        0x1d8 (size before relaxing)
 .eh_frame      0x00000000000281e0       0x48 build/native/contiki-ng-native.a(uip-nd6.o)
                                         0x60 (size before relaxing)
 .eh_frame      0x0000000000028228      0x288 build/native/contiki-ng-native.a(sicslowpan.o)
                                        0x2a0 (size before relaxing)
 .eh_frame      0x00000000000284b0       0xc8 build/native/contiki-ng-native.a(uiplib.o)
                                         0xe0 (size before relaxing)
 .eh_frame      0x0000000000028578      0x1b0 build/native/contiki-ng-native.a(rpl.o)
                                        0x1c8 (size before relaxing)
 .eh_frame      0x0000000000028728      0x2f0 build/native/contiki-ng-native.a(rpl-icmp6.o)
                                        0x308 (size before relaxing)
 .eh_frame      0x0000000000028a18       0xa8 build/native/contiki-ng-native.a(rpl-dag-root.o)
                                         0xc0 (size before relaxing)
 .eh_frame      0x0000000000028ac0      0x198 build/native/contiki-ng-native.a(tun-bridge.o)
                                        0x1b0 (size before relaxing)
 .eh_frame      0x0000000000028c58      0x1d0 build/native/contiki-ng-native.a(slip-dev.o)
                                        0x1e8 (size before relaxing)
 .eh_frame      0x0000000000028e28       0x50 build/native/contiki-ng-native.a(slip-config.o)
                                         0x68 (size before relaxing)
 .eh_frame      0x0000000000028e78      0x108 build/native/contiki-ng-native.a(border-router-m)
                                        0x120 (size before relaxing)
 .eh_frame      0x0000000000028f80       0xc0 build/native/contiki-ng-native.a(border-router-c)
                                         0xd8 (size before relaxing)
 .eh_frame      0x0000000000029040       0x50 build/native/contiki-ng-native.a(cmd.o)
                                         0x68 (size before relaxing)
 .eh_frame      0x0000000000029090       0x80 build/native/contiki-ng-native.a(packetutils.o)
                                         0x98 (size before relaxing)
 .eh_frame      0x0000000000029110       0xc8 build/native/contiki-ng-native.a(shell.o)
                                         0xe0 (size before relaxing)
 .eh_frame      0x00000000000291d8      0x460 build/native/contiki-ng-native.a(shell-commands.)
                                        0x478 (size before relaxing)
 .eh_frame      0x0000000000029638       0x50 build/native/contiki-ng-native.a(serial-shell.o)
                                         0x68 (size before relaxing)
 .eh_frame      0x0000000000029688      0x128 build/native/contiki-ng-native.a(platform.o)
                                        0x140 (size before relaxing)
 .eh_frame      0x00000000000297b0       0x60 build/native/contiki-ng-native.a(clock.o)
                                         0x78 (size before relaxing)
 .eh_frame      0x0000000000029810       0x50 build/native/contiki-ng-native.a(rtimer-arch.o)
                                         0x68 (size before relaxing)
 .eh_frame      0x0000000000029860       0x70 build/native/contiki-ng-native.a(watchdog.o)
                                         0x88 (size before relaxing)
 .eh_frame      0x00000000000298d0      0x108 build/native/contiki-ng-native.a(httpd-simple.o)
                                        0x120 (size before relaxing)
 .eh_frame      0x00000000000299d8       0x58 build/native/contiki-ng-native.a(rpl-border-rout)
                                         0x70 (size before relaxing)
 .eh_frame      0x0000000000029a30       0xa8 build/native/contiki-ng-native.a(stimer.o)
                                         0xc0 (size before relaxing)
 .eh_frame      0x0000000000029ad8       0x70 build/native/contiki-ng-native.a(memb.o)
                                         0x88 (size before relaxing)
 .eh_frame      0x0000000000029b48       0x30 build/native/contiki-ng-native.a(random.o)
                                         0x48 (size before relaxing)
 .eh_frame      0x0000000000029b78      0x138 build/native/contiki-ng-native.a(button-hal.o)
                                        0x150 (size before relaxing)
 .eh_frame      0x0000000000029cb0       0x80 build/native/contiki-ng-native.a(serial-line.o)
                                         0x98 (size before relaxing)
 .eh_frame      0x0000000000029d30       0xb8 build/native/contiki-ng-native.a(leds.o)
                                         0xd0 (size before relaxing)
 .eh_frame      0x0000000000029de8      0x118 build/native/contiki-ng-native.a(nullradio.o)
                                        0x130 (size before relaxing)
 .eh_frame      0x0000000000029f00       0xc8 build/native/contiki-ng-native.a(gpio-hal.o)
                                         0xe0 (size before relaxing)
 .eh_frame      0x0000000000029fc8      0x190 build/native/contiki-ng-native.a(nbr-table.o)
                                        0x1a8 (size before relaxing)
 .eh_frame      0x000000000002a158      0x128 build/native/contiki-ng-native.a(link-stats.o)
                                        0x140 (size before relaxing)
 .eh_frame      0x000000000002a280       0x18 build/native/contiki-ng-native.a(mac.o)
                                         0x30 (size before relaxing)
 .eh_frame      0x000000000002a298       0xd8 build/native/contiki-ng-native.a(framer-802154.o)
                                         0xf0 (size before relaxing)
 .eh_frame      0x000000000002a370      0x170 build/native/contiki-ng-native.a(frame802154.o)
                                        0x188 (size before relaxing)
 .eh_frame      0x000000000002a4e0      0x150 build/native/contiki-ng-native.a(uipbuf.o)
                                        0x168 (size before relaxing)
 .eh_frame      0x000000000002a630      0x178 build/native/contiki-ng-native.a(uip-icmp6.o)
                                        0x190 (size before relaxing)
 .eh_frame      0x000000000002a7a8       0xb8 build/native/contiki-ng-native.a(uip-packetqueue)
                                         0xd0 (size before relaxing)
 .eh_frame      0x000000000002a860       0x60 build/native/contiki-ng-native.a(rpl-nbr-policy.)
                                         0x78 (size before relaxing)
 .eh_frame      0x000000000002a8c0      0x290 build/native/contiki-ng-native.a(rpl-neighbor.o)
                                        0x2a8 (size before relaxing)
 .eh_frame      0x000000000002ab50      0x360 build/native/contiki-ng-native.a(rpl-dag.o)
                                        0x378 (size before relaxing)
 .eh_frame      0x000000000002aeb0      0x340 build/native/contiki-ng-native.a(rpl-timers.o)
                                        0x358 (size before relaxing)
 .eh_frame      0x000000000002b1f0      0x148 build/native/contiki-ng-native.a(rpl-ext-header.)
                                        0x160 (size before relaxing)
 .eh_frame      0x000000000002b338      0x188 build/native/contiki-ng-native.a(rpl-mrhof.o)
                                        0x1a0 (size before relaxing)
 .eh_frame      0x000000000002b4c0       0x60 build/native/contiki-ng-native.a(border-router-n)
                                         0x78 (size before relaxing)
 .eh_frame      0x000000000002b520       0x50 build/native/contiki-ng-native.a(int-master.o)
                                         0x68 (size before relaxing)
 .eh_frame      0x000000000002b570      0x130 build/native/contiki-ng-native.a(gpio-hal-arch.o)
                                        0x148 (size before relaxing)
 .eh_frame      0x000000000002b6a0       0x68 build/native/contiki-ng-native.a(ringbuf.o)
                                         0x80 (size before relaxing)
 .eh_frame      0x000000000002b708       0x60 /usr/lib/x86_64-linux-gnu/libc_nonshared.a(elf-init.oS)
                                         0x78 (size before relaxing)
 .eh_frame      0x000000000002b768       0x14 /usr/lib/x86_64-linux-gnu/libc_nonshared.a(atexit.oS)
                                         0x30 (size before relaxing)
 .eh_frame      0x000000000002b77c        0x4 /usr/lib/gcc/x86_64-linux-gnu/9/crtendS.o
 *(.eh_frame.*)

.gcc_except_table
 *(.gcc_except_table .gcc_except_table.*)

.gnu_extab
 *(.gnu_extab*)

.exception_ranges
 *(.exception_ranges*)
                0x000000000002c7d0                . = DATA_SEGMENT_ALIGN (CONSTANT (MAXPAGESIZE), CONSTANT (COMMONPAGESIZE))

.eh_frame
 *(.eh_frame)
 *(.eh_frame.*)

.gnu_extab
 *(.gnu_extab)

.gcc_except_table
 *(.gcc_except_table .gcc_except_table.*)

.exception_ranges
 *(.exception_ranges*)

.tdata          0x000000000002c7d0        0x0
                [!provide]                        PROVIDE (__tdata_start = .)
 *(.tdata .tdata.* .gnu.linkonce.td.*)

.tbss
 *(.tbss .tbss.* .gnu.linkonce.tb.*)
 *(.tcommon)

.preinit_array  0x000000000002c7d0        0x0
                [!provide]                        PROVIDE (__preinit_array_start = .)
 *(.preinit_array)
                [!provide]                        PROVIDE (__preinit_array_end = .)

.init_array     0x000000000002c7d0        0x8
                0x000000000002c7d0                PROVIDE (__init_array_start = .)
 *(SORT_BY_INIT_PRIORITY(.init_array.*) SORT_BY_INIT_PRIORITY(.ctors.*))
 *(.init_array EXCLUDE_FILE(*crtend?.o *crtend.o *crtbegin?.o *crtbegin.o) .ctors)
 .init_array    0x000000000002c7d0        0x8 /usr/lib/gcc/x86_64-linux-gnu/9/crtbeginS.o
                0x000000000002c7d8                PROVIDE (__init_array_end = .)

.fini_array     0x000000000002c7d8        0x8
                [!provide]                        PROVIDE (__fini_array_start = .)
 *(SORT_BY_INIT_PRIORITY(.fini_array.*) SORT_BY_INIT_PRIORITY(.dtors.*))
 *(.fini_array EXCLUDE_FILE(*crtend?.o *crtend.o *crtbegin?.o *crtbegin.o) .dtors)
 .fini_array    0x000000000002c7d8        0x8 /usr/lib/gcc/x86_64-linux-gnu/9/crtbeginS.o
                [!provide]                        PROVIDE (__fini_array_end = .)

.ctors
 *crtbegin.o(.ctors)
 *crtbegin?.o(.ctors)
 *(EXCLUDE_FILE(*crtend?.o *crtend.o) .ctors)
 *(SORT_BY_NAME(.ctors.*))
 *(.ctors)

.dtors
 *crtbegin.o(.dtors)
 *crtbegin?.o(.dtors)
 *(EXCLUDE_FILE(*crtend?.o *crtend.o) .dtors)
 *(SORT_BY_NAME(.dtors.*))
 *(.dtors)

.jcr
 *(.jcr)

.data.rel.ro    0x000000000002c7e0      0x3c0
 *(.data.rel.ro.local* .gnu.linkonce.d.rel.ro.local.*)
 .data.rel.ro.local
                0x000000000002c7e0       0x10 border-router.o
                0x000000000002c7e0                autostart_processes
 *fill*         0x000000000002c7f0       0x10 
 .data.rel.ro.local
                0x000000000002c800       0x20 build/native/contiki-ng-native.a(sicslowpan.o)
                0x000000000002c800                sicslowpan_driver
 .data.rel.ro.local
                0x000000000002c820       0x20 build/native/contiki-ng-native.a(tun-bridge.o)
                0x000000000002c820                rpl_interface
 .data.rel.ro.local
                0x000000000002c840       0x30 build/native/contiki-ng-native.a(slip-dev.o)
 *fill*         0x000000000002c870       0x10 
 .data.rel.ro.local
                0x000000000002c880       0x38 build/native/contiki-ng-native.a(border-router-m)
                0x000000000002c880                border_router_mac_driver
 *fill*         0x000000000002c8b8        0x8 
 .data.rel.ro.local
                0x000000000002c8c0      0x168 build/native/contiki-ng-native.a(shell-commands.)
                0x000000000002c8c0                builtin_shell_commands
 *fill*         0x000000000002ca28        0x8 
 .data.rel.ro.local
                0x000000000002ca30       0x10 build/native/contiki-ng-native.a(platform.o)
 .data.rel.ro.local
                0x000000000002ca40       0x70 build/native/contiki-ng-native.a(nullradio.o)
                0x000000000002ca40                nullradio_driver
 .data.rel.ro.local
                0x000000000002cab0       0x18 build/native/contiki-ng-native.a(framer-802154.o)
                0x000000000002cab0                framer_802154
 *(.data.rel.ro .data.rel.ro.* .gnu.linkonce.d.rel.ro.*)
 .data.rel.ro   0x000000000002cac8        0x0 /usr/lib/gcc/x86_64-linux-gnu/9/../../../x86_64-linux-gnu/Scrt1.o
 *fill*         0x000000000002cac8       0x18 
 .data.rel.ro   0x000000000002cae0       0xa8 build/native/contiki-ng-native.a(rpl.o)
                0x000000000002cae0                rpl_lite_driver
 *fill*         0x000000000002cb88        0x8 
 .data.rel.ro   0x000000000002cb90       0x10 build/native/contiki-ng-native.a(border-router-n)
                0x000000000002cb90                cmd_handlers

.dynamic        0x000000000002cba0      0x1f0
 *(.dynamic)
 .dynamic       0x000000000002cba0      0x1f0 /usr/lib/gcc/x86_64-linux-gnu/9/../../../x86_64-linux-gnu/Scrt1.o
                0x000000000002cba0                _DYNAMIC

.got            0x000000000002cd90      0x258
 *(.got.plt)
 .got.plt       0x000000000002cd90      0x230 /usr/lib/gcc/x86_64-linux-gnu/9/../../../x86_64-linux-gnu/Scrt1.o
                0x000000000002cd90                _GLOBAL_OFFSET_TABLE_
 *(.igot.plt)
 *(.got)
 .got           0x000000000002cfc0       0x28 /usr/lib/gcc/x86_64-linux-gnu/9/../../../x86_64-linux-gnu/Scrt1.o
 *(.igot)
                0x000000000002d000                . = DATA_SEGMENT_RELRO_END (., 0x0)

.data           0x000000000002d000      0x5c0
 *(.data .data.* .gnu.linkonce.d.*)
 .data          0x000000000002d000        0x4 /usr/lib/gcc/x86_64-linux-gnu/9/../../../x86_64-linux-gnu/Scrt1.o
                0x000000000002d000                data_start
                0x000000000002d000                __data_start
 .data          0x000000000002d004        0x0 /usr/lib/gcc/x86_64-linux-gnu/9/../../../x86_64-linux-gnu/crti.o
 .data          0x000000000002d004        0x0 /usr/lib/gcc/x86_64-linux-gnu/9/crtbeginS.o
 *fill*         0x000000000002d004        0x4 
 .data.rel.local
                0x000000000002d008        0x8 /usr/lib/gcc/x86_64-linux-gnu/9/crtbeginS.o
                0x000000000002d008                __dso_handle
 .data          0x000000000002d010        0x0 border-router.o
 *fill*         0x000000000002d010       0x10 
 .data.rel.local
                0x000000000002d020       0x20 border-router.o
                0x000000000002d020                contiki_ng_br
 .data          0x000000000002d040        0x0 build/native/contiki-ng-native.a(webserver.o)
 .data.rel.local
                0x000000000002d040       0x40 build/native/contiki-ng-native.a(webserver.o)
                0x000000000002d040                controller
                0x000000000002d060                webserver_nogui_process
 .data          0x000000000002d080        0x0 build/native/contiki-ng-native.a(contiki-main.o)
 .data          0x000000000002d080        0x0 build/native/contiki-ng-native.a(autostart.o)
 .data          0x000000000002d080        0x0 build/native/contiki-ng-native.a(ctimer.o)
 .data.rel.local
                0x000000000002d080       0x20 build/native/contiki-ng-native.a(ctimer.o)
                0x000000000002d080                ctimer_process
 .data          0x000000000002d0a0        0x4 build/native/contiki-ng-native.a(log.o)
                0x000000000002d0a0                curr_log_level_main
 *fill*         0x000000000002d0a4       0x1c 
 .data.rel.local
                0x000000000002d0c0      0x138 build/native/contiki-ng-native.a(log.o)
                0x000000000002d0c0                all_modules
 .data          0x000000000002d1f8        0x0 build/native/contiki-ng-native.a(energest.o)
 .data          0x000000000002d1f8        0x0 build/native/contiki-ng-native.a(etimer.o)
 *fill*         0x000000000002d1f8        0x8 
 .data.rel.local
                0x000000000002d200       0x20 build/native/contiki-ng-native.a(etimer.o)
                0x000000000002d200                etimer_process
 .data          0x000000000002d220        0x0 build/native/contiki-ng-native.a(node-id.o)
 .data          0x000000000002d220        0x0 build/native/contiki-ng-native.a(rtimer.o)
 .data          0x000000000002d220        0x0 build/native/contiki-ng-native.a(process.o)
 .data          0x000000000002d220        0x0 build/native/contiki-ng-native.a(timer.o)
 .data          0x000000000002d220        0x0 build/native/contiki-ng-native.a(list.o)
 .data          0x000000000002d220        0x0 build/native/contiki-ng-native.a(queuebuf.o)
 .data.rel.local
                0x000000000002d220       0x38 build/native/contiki-ng-native.a(queuebuf.o)
 .data          0x000000000002d258        0x0 build/native/contiki-ng-native.a(packetbuf.o)
 .data          0x000000000002d258        0x0 build/native/contiki-ng-native.a(netstack.o)
 .data          0x000000000002d258        0x0 build/native/contiki-ng-native.a(linkaddr.o)
 .data          0x000000000002d258        0x0 build/native/contiki-ng-native.a(uip-sr.o)
 *fill*         0x000000000002d258        0x8 
 .data.rel.local
                0x000000000002d260       0x18 build/native/contiki-ng-native.a(uip-sr.o)
 .data          0x000000000002d278        0x0 build/native/contiki-ng-native.a(uip-ds6.o)
 .data          0x000000000002d278        0x0 build/native/contiki-ng-native.a(uip-ds6-route.o)
 *fill*         0x000000000002d278        0x8 
 .data.rel.local
                0x000000000002d280       0x18 build/native/contiki-ng-native.a(uip-ds6-route.o)
 .data          0x000000000002d298        0x0 build/native/contiki-ng-native.a(psock.o)
 .data          0x000000000002d298        0x0 build/native/contiki-ng-native.a(tcpip.o)
 *fill*         0x000000000002d298        0x8 
 .data.rel.local
                0x000000000002d2a0       0x20 build/native/contiki-ng-native.a(tcpip.o)
                0x000000000002d2a0                tcpip_process
 .data          0x000000000002d2c0        0x0 build/native/contiki-ng-native.a(uip6.o)
 .data          0x000000000002d2c0        0x0 build/native/contiki-ng-native.a(uip-ds6-nbr.o)
 .data.rel.local
                0x000000000002d2c0       0x18 build/native/contiki-ng-native.a(uip-ds6-nbr.o)
 .data          0x000000000002d2d8        0x0 build/native/contiki-ng-native.a(uip-nd6.o)
 *fill*         0x000000000002d2d8        0x8 
 .data.rel.local
                0x000000000002d2e0       0x18 build/native/contiki-ng-native.a(uip-nd6.o)
 .data          0x000000000002d2f8        0x0 build/native/contiki-ng-native.a(sicslowpan.o)
 .data          0x000000000002d2f8        0x0 build/native/contiki-ng-native.a(uiplib.o)
 .data          0x000000000002d2f8        0x0 build/native/contiki-ng-native.a(rpl.o)
 .data          0x000000000002d2f8        0x0 build/native/contiki-ng-native.a(rpl-icmp6.o)
 *fill*         0x000000000002d2f8        0x8 
 .data.rel.local
                0x000000000002d300       0x98 build/native/contiki-ng-native.a(rpl-icmp6.o)
 .data          0x000000000002d398        0x0 build/native/contiki-ng-native.a(rpl-dag-root.o)
 .data          0x000000000002d398        0x0 build/native/contiki-ng-native.a(tun-bridge.o)
 .data          0x000000000002d398        0x0 build/native/contiki-ng-native.a(slip-dev.o)
 .data          0x000000000002d398        0x4 build/native/contiki-ng-native.a(slip-config.o)
                0x000000000002d398                slip_config_b_rate
 .data          0x000000000002d39c        0x0 build/native/contiki-ng-native.a(border-router-m)
 .data          0x000000000002d39c        0x0 build/native/contiki-ng-native.a(border-router-c)
 *fill*         0x000000000002d39c        0x4 
 .data.rel.local
                0x000000000002d3a0       0x20 build/native/contiki-ng-native.a(border-router-c)
                0x000000000002d3a0                border_router_cmd_process
 .data          0x000000000002d3c0        0x0 build/native/contiki-ng-native.a(cmd.o)
 .data          0x000000000002d3c0        0x0 build/native/contiki-ng-native.a(packetutils.o)
 .data          0x000000000002d3c0        0x0 build/native/contiki-ng-native.a(shell.o)
 .data          0x000000000002d3c0        0x0 build/native/contiki-ng-native.a(shell-commands.)
 .data.rel.local
                0x000000000002d3c0       0x10 build/native/contiki-ng-native.a(shell-commands.)
 .data          0x000000000002d3d0        0x0 build/native/contiki-ng-native.a(serial-shell.o)
 *fill*         0x000000000002d3d0       0x10 
 .data.rel.local
                0x000000000002d3e0       0x20 build/native/contiki-ng-native.a(serial-shell.o)
                0x000000000002d3e0                serial_shell_process
 .data          0x000000000002d400        0x0 build/native/contiki-ng-native.a(platform.o)
 .data          0x000000000002d400        0x0 build/native/contiki-ng-native.a(clock.o)
 .data          0x000000000002d400        0x0 build/native/contiki-ng-native.a(rtimer-arch.o)
 .data          0x000000000002d400        0x0 build/native/contiki-ng-native.a(watchdog.o)
 .data          0x000000000002d400        0x0 build/native/contiki-ng-native.a(httpd-simple.o)
 .data.rel.local
                0x000000000002d400       0x18 build/native/contiki-ng-native.a(httpd-simple.o)
 .data          0x000000000002d418        0x0 build/native/contiki-ng-native.a(rpl-border-rout)
 .data          0x000000000002d418        0x0 build/native/contiki-ng-native.a(stimer.o)
 .data          0x000000000002d418        0x0 build/native/contiki-ng-native.a(memb.o)
 .data          0x000000000002d418        0x0 build/native/contiki-ng-native.a(random.o)
 .data          0x000000000002d418        0x0 build/native/contiki-ng-native.a(button-hal.o)
 *fill*         0x000000000002d418        0x8 
 .data.rel.local
                0x000000000002d420       0x20 build/native/contiki-ng-native.a(button-hal.o)
                0x000000000002d420                button_hal_process
 .data          0x000000000002d440        0x0 build/native/contiki-ng-native.a(serial-line.o)
 .data.rel.local
                0x000000000002d440       0x20 build/native/contiki-ng-native.a(serial-line.o)
                0x000000000002d440                serial_line_process
 .data          0x000000000002d460        0x0 build/native/contiki-ng-native.a(leds.o)
 .data          0x000000000002d460        0x0 build/native/contiki-ng-native.a(nullradio.o)
 .data          0x000000000002d460        0x0 build/native/contiki-ng-native.a(gpio-hal.o)
 .data          0x000000000002d460        0x0 build/native/contiki-ng-native.a(nbr-table.o)
 .data.rel.local
                0x000000000002d460       0x18 build/native/contiki-ng-native.a(nbr-table.o)
 .data          0x000000000002d478        0x0 build/native/contiki-ng-native.a(link-stats.o)
 *fill*         0x000000000002d478        0x8 
 .data.rel.local
                0x000000000002d480       0x18 build/native/contiki-ng-native.a(link-stats.o)
 .data          0x000000000002d498        0x0 build/native/contiki-ng-native.a(mac.o)
 .data          0x000000000002d498        0x0 build/native/contiki-ng-native.a(framer-802154.o)
 .data          0x000000000002d498        0x2 build/native/contiki-ng-native.a(frame802154.o)
 .data          0x000000000002d49a        0x0 build/native/contiki-ng-native.a(uipbuf.o)
 .data          0x000000000002d49a        0x0 build/native/contiki-ng-native.a(uip-icmp6.o)
 *fill*         0x000000000002d49a        0x6 
 .data.rel.local
                0x000000000002d4a0       0x38 build/native/contiki-ng-native.a(uip-icmp6.o)
 .data          0x000000000002d4d8        0x0 build/native/contiki-ng-native.a(uip-packetqueue)
 *fill*         0x000000000002d4d8        0x8 
 .data.rel.local
                0x000000000002d4e0       0x18 build/native/contiki-ng-native.a(uip-packetqueue)
 .data          0x000000000002d4f8        0x0 build/native/contiki-ng-native.a(rpl-nbr-policy.)
 .data          0x000000000002d4f8        0x0 build/native/contiki-ng-native.a(rpl-neighbor.o)
 *fill*         0x000000000002d4f8        0x8 
 .data.rel.local
                0x000000000002d500       0x28 build/native/contiki-ng-native.a(rpl-neighbor.o)
                0x000000000002d500                rpl_neighbors
 .data          0x000000000002d528        0x0 build/native/contiki-ng-native.a(rpl-dag.o)
 .data          0x000000000002d528        0x0 build/native/contiki-ng-native.a(rpl-timers.o)
 .data          0x000000000002d528        0x0 build/native/contiki-ng-native.a(rpl-ext-header.)
 .data          0x000000000002d528        0x0 build/native/contiki-ng-native.a(rpl-mrhof.o)
 *fill*         0x000000000002d528       0x18 
 .data.rel.local
                0x000000000002d540       0x48 build/native/contiki-ng-native.a(rpl-mrhof.o)
                0x000000000002d540                rpl_mrhof
 .data          0x000000000002d588        0x0 build/native/contiki-ng-native.a(border-router-n)
 *fill*         0x000000000002d588       0x18 
 .data.rel.local
                0x000000000002d5a0       0x20 build/native/contiki-ng-native.a(border-router-n)
                0x000000000002d5a0                border_router_process
 .data          0x000000000002d5c0        0x0 build/native/contiki-ng-native.a(buttons.o)
 .data          0x000000000002d5c0        0x0 build/native/contiki-ng-native.a(int-master.o)
 .data          0x000000000002d5c0        0x0 build/native/contiki-ng-native.a(gpio-hal-arch.o)
 .data          0x000000000002d5c0        0x0 build/native/contiki-ng-native.a(ringbuf.o)
 .data          0x000000000002d5c0        0x0 /usr/lib/x86_64-linux-gnu/libc_nonshared.a(elf-init.oS)
 .data          0x000000000002d5c0        0x0 /usr/lib/x86_64-linux-gnu/libc_nonshared.a(atexit.oS)
 .data          0x000000000002d5c0        0x0 /usr/lib/gcc/x86_64-linux-gnu/9/crtendS.o
 .data          0x000000000002d5c0        0x0 /usr/lib/gcc/x86_64-linux-gnu/9/../../../x86_64-linux-gnu/crtn.o

.tm_clone_table
                0x000000000002d5c0        0x0
 .tm_clone_table
                0x000000000002d5c0        0x0 /usr/lib/gcc/x86_64-linux-gnu/9/crtbeginS.o
 .tm_clone_table
                0x000000000002d5c0        0x0 /usr/lib/gcc/x86_64-linux-gnu/9/crtendS.o

.data1
 *(.data1)
                0x000000000002d5c0                _edata = .
                [!provide]                        PROVIDE (edata = .)
                0x000000000002d5c0                . = .